
===== MinAtar_Freeway-v1 =====
           agent      lam  n_seeds  cost_return_iqm  cost_return_ci_lo  cost_return_ci_hi  n_actions_iqm  solved_iqm
             dqn     0.00       10             7.14               5.69               8.26         826.74        0.00
             dqn     0.01       10             2.37               1.21               3.56         639.09        0.00
             dqn     0.01       10             0.00              -0.79               0.17          63.34        0.00
             dqn     0.02       10             0.00              -0.11               0.00           0.00        0.00
             dqn     0.04       10            -0.01              -0.04               0.00           0.16        0.00
             dqn     0.06       10             0.00              -0.00               0.00           0.00        0.00
            lazy     0.00       10            13.57              11.93              14.88         446.90        0.00
            lazy     0.01       10            12.54              11.20              14.06         385.67        0.00
            lazy     0.01       10            10.68               9.40              11.97         345.16        0.00
            lazy     0.02       10             8.43               6.85              10.24         307.56        0.00
            lazy     0.04       10             2.22               1.31               2.73         267.80        0.00
            lazy     0.06       10            -0.53              -1.23              -0.07         103.71        0.00
       rule_best     0.00       10            16.94              16.44              17.56         298.65        0.00
       rule_best     0.01       10            15.44              14.95              16.07         298.65        0.00
       rule_best     0.01       10            13.95              13.45              14.57         298.65        0.00
       rule_best     0.02       10            10.96              10.47              11.58         298.65        0.00
       rule_best     0.04       10             6.57               6.22               7.02         204.47        0.00
       rule_best     0.06       10             2.48               2.13               2.92         204.47        0.00
   rule_cautious     0.00       10            16.94              16.44              17.56         298.65        0.00
   rule_cautious     0.01       10            15.44              14.95              16.07         298.65        0.00
   rule_cautious     0.01       10            13.95              13.45              14.57         298.65        0.00
   rule_cautious     0.02       10            10.96              10.47              11.58         298.65        0.00
   rule_cautious     0.04       10             4.98               4.49               5.60         298.65        0.00
   rule_cautious     0.06       10            -0.99              -1.48              -0.38         298.65        0.00
rule_cautious_d1     0.00       10            14.74              14.35              15.27         204.47        0.00
rule_cautious_d1     0.01       10            13.73              13.33              14.24         204.47        0.00
rule_cautious_d1     0.01       10            12.71              12.31              13.20         204.47        0.00
rule_cautious_d1     0.02       10            10.66              10.28              11.14         204.47        0.00
rule_cautious_d1     0.04       10             6.57               6.22               7.02         204.47        0.00
rule_cautious_d1     0.06       10             2.48               2.13               2.92         204.47        0.00
       rule_noop     0.00       10             0.00               0.00               0.00           0.00        0.00
       rule_noop     0.01       10             0.00               0.00               0.00           0.00        0.00
       rule_noop     0.01       10             0.00               0.00               0.00           0.00        0.00
       rule_noop     0.02       10             0.00               0.00               0.00           0.00        0.00
       rule_noop     0.04       10             0.00               0.00               0.00           0.00        0.00
       rule_noop     0.06       10             0.00               0.00               0.00           0.00        0.00
rule_periodic_k1     0.00       10             9.90               9.73              10.06        1000.00        0.00
rule_periodic_k1     0.01       10             4.90               4.73               5.06        1000.00        0.00
rule_periodic_k1     0.01       10            -0.10              -0.27               0.06        1000.00        0.00
rule_periodic_k1     0.02       10           -10.10             -10.27              -9.94        1000.00        0.00
rule_periodic_k1     0.04       10           -30.10             -30.27             -29.94        1000.00        0.00
rule_periodic_k1     0.06       10           -50.10             -50.27             -49.94        1000.00        0.00
rule_periodic_k3     0.00       10             9.90               9.73              10.06         334.00        0.00
rule_periodic_k3     0.01       10             8.23               8.06               8.39         334.00        0.00
rule_periodic_k3     0.01       10             6.56               6.39               6.72         334.00        0.00
rule_periodic_k3     0.02       10             3.22               3.05               3.38         334.00        0.00
rule_periodic_k3     0.04       10            -3.46              -3.63              -3.30         334.00        0.00
rule_periodic_k3     0.06       10           -10.14             -10.31              -9.98         334.00        0.00
rule_periodic_k8     0.00       10             0.34               0.30               0.39         125.00        0.00
rule_periodic_k8     0.01       10            -0.28              -0.32              -0.24         125.00        0.00
rule_periodic_k8     0.01       10            -0.91              -0.95              -0.86         125.00        0.00
rule_periodic_k8     0.02       10            -2.16              -2.20              -2.11         125.00        0.00
rule_periodic_k8     0.04       10            -4.66              -4.70              -4.61         125.00        0.00
rule_periodic_k8     0.06       10            -7.16              -7.20              -7.11         125.00        0.00
         temporl     0.00       10             8.77               7.44               9.76         898.07        0.00
         temporl     0.01       10             2.13               0.31               4.04         429.48        0.00
         temporl     0.01       10             0.03              -0.32               0.18         246.56        0.00
         temporl     0.02       10            -0.03              -0.19               0.00           2.27        0.00
         temporl     0.04       10            -0.00              -0.09               0.00           0.01        0.00
         temporl     0.06       10             0.00              -0.01               0.00           0.00        0.00
  λ* [dqn vs rule_cautious] CI기준 0.0 / 점추정기준 0.0 — λ=0에서도 규칙을 못 이김 — 비용 때문이 아니라 학습 자체가 규칙보다 약함
  λ* [lazy vs rule_cautious] CI기준 0.0 / 점추정기준 0.0 — λ=0에서도 규칙을 못 이김 — 비용 때문이 아니라 학습 자체가 규칙보다 약함
  λ* [temporl vs rule_cautious] CI기준 0.0 / 점추정기준 0.0 — λ=0에서도 규칙을 못 이김 — 비용 때문이 아니라 학습 자체가 규칙보다 약함
  λ* [dqn vs rule_best] CI기준 0.0 / 점추정기준 0.0 — λ=0에서도 규칙을 못 이김 — 비용 때문이 아니라 학습 자체가 규칙보다 약함
  λ* [lazy vs rule_best] CI기준 0.0 / 점추정기준 0.0 — λ=0에서도 규칙을 못 이김 — 비용 때문이 아니라 학습 자체가 규칙보다 약함
  λ* [temporl vs rule_best] CI기준 0.0 / 점추정기준 0.0 — λ=0에서도 규칙을 못 이김 — 비용 때문이 아니라 학습 자체가 규칙보다 약함
  저장: results/aggregate/MinAtar_Freeway-v1_iqm.csv, MinAtar_Freeway-v1_lambda_star.json
