
===== LunarLander-v3@tunedbase =====
               agent      lam  n_seeds  cost_return_iqm  cost_return_ci_lo  cost_return_ci_hi  n_actions_iqm  solved_iqm
                lazy     0.00       10           194.63             152.96             213.83         188.14        0.94
                lazy     0.10       10           203.79             157.63             226.33         179.37        0.94
                lazy     0.30       10           149.47             128.64             169.41         169.88        0.96
                lazy     0.60       10           103.98              41.50             131.73         175.57        0.92
                lazy     1.00       10            -6.79             -48.72              28.33         183.08        0.97
                lazy     1.20       10            -8.03             -29.44               9.37         142.97        0.99
                lazy     1.37       10           -50.17             -87.44              -9.02         144.97        0.98
                lazy     1.60       10          -124.26            -213.86             -76.11         155.38        0.99
                lazy     1.80       10          -116.65            -185.86             -90.09         111.14        0.99
                lazy     2.00       10          -134.49            -176.55            -107.53         102.95        0.99
                lazy     2.50       10          -167.26            -233.39            -140.47          85.04        1.00
                lazy     3.00       10          -184.07            -226.12            -146.91          49.83        1.00
           rule_best     0.00       10           162.28             156.83             167.55         162.31        0.99
           rule_best     0.10       10           146.10             140.73             151.20         162.31        0.99
           rule_best     0.30       10           113.76             108.43             118.07         162.31        0.99
           rule_best     0.60       10            65.01              59.56              68.70         162.31        0.99
           rule_best     1.00       10            -0.57              -6.62               4.75         162.31        0.99
           rule_best     1.20       10           -33.35             -39.70             -27.02         162.31        0.99
           rule_best     1.37       10           -61.21             -67.89             -53.85         162.31        0.99
           rule_best     1.60       10           -98.81            -106.13             -90.24         162.31        0.99
           rule_best     1.80       10          -131.24            -139.50            -121.71         162.31        0.99
           rule_best     2.00       10          -131.29            -133.50            -128.45           0.00        1.00
           rule_best     2.50       10          -131.29            -133.50            -128.45           0.00        1.00
           rule_best     3.00       10          -131.29            -133.50            -128.45           0.00        1.00
           rule_noop     0.00       10          -131.29            -133.50            -128.45           0.00        1.00
           rule_noop     0.10       10          -131.29            -133.50            -128.45           0.00        1.00
           rule_noop     0.30       10          -131.29            -133.50            -128.45           0.00        1.00
           rule_noop     0.60       10          -131.29            -133.50            -128.45           0.00        1.00
           rule_noop     1.00       10          -131.29            -133.50            -128.45           0.00        1.00
           rule_noop     1.20       10          -131.29            -133.50            -128.45           0.00        1.00
           rule_noop     1.37       10          -131.29            -133.50            -128.45           0.00        1.00
           rule_noop     1.60       10          -131.29            -133.50            -128.45           0.00        1.00
           rule_noop     1.80       10          -131.29            -133.50            -128.45           0.00        1.00
           rule_noop     2.00       10          -131.29            -133.50            -128.45           0.00        1.00
           rule_noop     2.50       10          -131.29            -133.50            -128.45           0.00        1.00
           rule_noop     3.00       10          -131.29            -133.50            -128.45           0.00        1.00
    rule_periodic_k1     0.00       10          -581.50            -586.88            -575.58          67.09        1.00
    rule_periodic_k1     0.10       10          -588.21            -593.60            -582.22          67.09        1.00
    rule_periodic_k1     0.30       10          -601.62            -607.05            -595.66          67.09        1.00
    rule_periodic_k1     0.60       10          -621.74            -627.36            -615.70          67.09        1.00
    rule_periodic_k1     1.00       10          -648.57            -654.39            -642.49          67.09        1.00
    rule_periodic_k1     1.20       10          -661.98            -667.86            -655.83          67.09        1.00
    rule_periodic_k1     1.37       10          -673.38            -679.36            -667.14          67.09        1.00
    rule_periodic_k1     1.60       10          -688.81            -694.92            -682.52          67.09        1.00
    rule_periodic_k1     1.80       10          -702.22            -708.46            -695.83          67.09        1.00
    rule_periodic_k1     2.00       10          -715.64            -722.00            -709.21          67.09        1.00
    rule_periodic_k1     2.50       10          -749.17            -755.75            -742.54          67.09        1.00
    rule_periodic_k1     3.00       10          -782.71            -789.55            -775.86          67.09        1.00
    rule_periodic_k2     0.00       10          -369.06            -372.29            -363.86          34.31        1.00
    rule_periodic_k2     0.10       10          -372.49            -375.76            -367.29          34.31        1.00
    rule_periodic_k2     0.30       10          -379.36            -382.70            -374.11          34.31        1.00
    rule_periodic_k2     0.60       10          -389.67            -393.11            -384.32          34.31        1.00
    rule_periodic_k2     1.00       10          -403.41            -406.99            -397.94          34.31        1.00
    rule_periodic_k2     1.20       10          -410.28            -413.93            -404.75          34.31        1.00
    rule_periodic_k2     1.37       10          -416.12            -419.82            -410.54          34.31        1.00
    rule_periodic_k2     1.60       10          -424.01            -427.79            -418.40          34.31        1.00
    rule_periodic_k2     1.80       10          -430.85            -434.70            -425.22          34.31        1.00
    rule_periodic_k2     2.00       10          -437.70            -441.63            -432.03          34.31        1.00
    rule_periodic_k2     2.50       10          -454.81            -458.92            -449.07          34.31        1.00
    rule_periodic_k2     3.00       10          -471.93            -476.22            -466.12          34.31        1.00
    rule_periodic_k4     0.00       10          -233.40            -236.16            -231.63          17.96        1.00
    rule_periodic_k4     0.10       10          -235.20            -237.95            -233.43          17.96        1.00
    rule_periodic_k4     0.30       10          -238.81            -241.52            -237.03          17.96        1.00
    rule_periodic_k4     0.60       10          -244.20            -246.91            -242.45          17.96        1.00
    rule_periodic_k4     1.00       10          -251.37            -254.12            -249.64          17.96        1.00
    rule_periodic_k4     1.20       10          -254.96            -257.72            -253.24          17.96        1.00
    rule_periodic_k4     1.37       10          -258.01            -260.79            -256.30          17.96        1.00
    rule_periodic_k4     1.60       10          -262.14            -264.93            -260.43          17.96        1.00
    rule_periodic_k4     1.80       10          -265.73            -268.51            -264.04          17.96        1.00
    rule_periodic_k4     2.00       10          -269.31            -272.11            -267.65          17.96        1.00
    rule_periodic_k4     2.50       10          -278.28            -281.09            -276.63          17.96        1.00
    rule_periodic_k4     3.00       10          -287.25            -290.08            -285.63          17.96        1.00
    rule_periodic_k8     0.00       10          -171.04            -174.53            -168.27           9.24        1.00
    rule_periodic_k8     0.10       10          -171.96            -175.46            -169.20           9.24        1.00
    rule_periodic_k8     0.30       10          -173.81            -177.30            -171.05           9.24        1.00
    rule_periodic_k8     0.60       10          -176.58            -180.06            -173.83           9.24        1.00
    rule_periodic_k8     1.00       10          -180.27            -183.74            -177.55           9.24        1.00
    rule_periodic_k8     1.20       10          -182.12            -185.59            -179.41           9.24        1.00
    rule_periodic_k8     1.37       10          -183.69            -187.16            -180.99           9.24        1.00
    rule_periodic_k8     1.60       10          -185.81            -189.28            -183.12           9.24        1.00
    rule_periodic_k8     1.80       10          -187.66            -191.13            -184.97           9.24        1.00
    rule_periodic_k8     2.00       10          -189.51            -192.97            -186.84           9.24        1.00
    rule_periodic_k8     2.50       10          -194.13            -197.58            -191.48           9.24        1.00
    rule_periodic_k8     3.00       10          -198.75            -202.19            -196.12           9.24        1.00
      rule_threshold     0.00       10            35.79              34.26              37.54         121.30        1.00
      rule_threshold     0.10       10            23.63              22.11              25.40         121.30        1.00
      rule_threshold     0.30       10            -0.69              -2.20               1.08         121.30        1.00
      rule_threshold     0.60       10           -37.17             -38.67             -35.36         121.30        1.00
      rule_threshold     1.00       10           -85.70             -87.44             -83.90         121.30        1.00
      rule_threshold     1.20       10          -109.94            -111.84            -108.15         121.30        1.00
      rule_threshold     1.37       10          -130.55            -132.57            -128.77         121.30        1.00
      rule_threshold     1.60       10          -158.42            -160.63            -156.69         121.30        1.00
      rule_threshold     1.80       10          -182.66            -184.97            -180.95         121.30        1.00
      rule_threshold     2.00       10          -206.90            -209.25            -205.21         121.30        1.00
      rule_threshold     2.50       10          -267.50            -270.00            -265.85         121.30        1.00
      rule_threshold     3.00       10          -328.10            -330.74            -326.46         121.30        1.00
rule_threshold_tuned     0.00       10           162.28             156.83             167.55         162.31        0.99
rule_threshold_tuned     0.10       10           146.10             140.73             151.20         162.31        0.99
rule_threshold_tuned     0.30       10           113.76             108.43             118.07         162.31        0.99
rule_threshold_tuned     0.60       10            65.01              59.56              68.70         162.31        0.99
rule_threshold_tuned     1.00       10            -0.57              -6.62               4.75         162.31        0.99
rule_threshold_tuned     1.20       10           -33.35             -39.70             -27.02         162.31        0.99
rule_threshold_tuned     1.37       10           -61.21             -67.89             -53.85         162.31        0.99
rule_threshold_tuned     1.60       10           -98.81            -106.13             -90.24         162.31        0.99
rule_threshold_tuned     1.80       10          -131.24            -139.50            -121.71         162.31        0.99
rule_threshold_tuned     2.00       10          -163.68            -173.01            -153.26         162.31        0.99
rule_threshold_tuned     2.50       10          -244.75            -256.09            -232.55         162.31        0.99
rule_threshold_tuned     3.00       10          -326.01            -339.56            -312.03         162.31        0.99
  λ* [lazy vs rule_threshold_tuned] CI기준 0.0 / 점추정기준 1.0 — 격자 안에서 교차 지점 발견
  λ* [lazy vs rule_best] CI기준 0.0 / 점추정기준 1.0 — 격자 안에서 교차 지점 발견
  저장: results/aggregate/LunarLander-v3@tunedbase_iqm.csv, LunarLander-v3@tunedbase_lambda_star.json
