
===== MountainCar-v0@switch =====
           agent      lam  n_seeds  cost_return_iqm  cost_return_ci_lo  cost_return_ci_hi  n_actions_iqm  solved_iqm
             dqn     0.00       10          -164.94            -181.42            -147.32           4.51        0.58
             dqn     2.00       10          -201.33            -202.00            -200.33           0.67        0.00
             dqn     5.00       10          -203.33            -205.00            -200.83           0.67        0.00
             dqn    10.00       10          -206.67            -210.00            -201.67           0.67        0.00
             dqn    18.00       10          -212.00            -218.00            -203.00           0.67        0.00
             dqn    26.00       10          -217.33            -226.00            -204.33           0.67        0.00
            lazy     0.00       10          -127.86            -151.59            -117.77           3.69        0.94
            lazy     2.00       10          -190.65            -201.67            -156.11           1.17        0.17
            lazy     5.00       10          -194.02            -204.17            -166.58           1.21        0.14
            lazy    10.00       10          -206.67            -219.37            -195.38           1.27        0.08
            lazy    18.00       10          -209.00            -222.95            -191.32           1.17        0.05
            lazy    26.00       10          -214.92            -240.22            -201.92           1.17        0.16
       rule_best     0.00       10          -119.34            -119.57            -119.06           3.00        1.00
       rule_best     2.00       10          -125.34            -125.57            -125.06           3.00        1.00
       rule_best     5.00       10          -134.34            -134.57            -134.06           3.00        1.00
       rule_best    10.00       10          -149.34            -149.57            -149.06           3.00        1.00
       rule_best    18.00       10          -173.34            -173.57            -173.06           3.00        1.00
       rule_best    26.00       10          -197.34            -197.57            -197.06           3.00        1.00
       rule_noop     0.00       10          -200.00            -200.00            -200.00           0.00        0.00
       rule_noop     2.00       10          -200.00            -200.00            -200.00           0.00        0.00
       rule_noop     5.00       10          -200.00            -200.00            -200.00           0.00        0.00
       rule_noop    10.00       10          -200.00            -200.00            -200.00           0.00        0.00
       rule_noop    18.00       10          -200.00            -200.00            -200.00           0.00        0.00
       rule_noop    26.00       10          -200.00            -200.00            -200.00           0.00        0.00
rule_periodic_k1     0.00       10          -200.00            -200.00            -200.00           1.00        0.00
rule_periodic_k1     2.00       10          -202.00            -202.00            -202.00           1.00        0.00
rule_periodic_k1     5.00       10          -205.00            -205.00            -205.00           1.00        0.00
rule_periodic_k1    10.00       10          -210.00            -210.00            -210.00           1.00        0.00
rule_periodic_k1    18.00       10          -218.00            -218.00            -218.00           1.00        0.00
rule_periodic_k1    26.00       10          -226.00            -226.00            -226.00           1.00        0.00
rule_periodic_k4     0.00       10          -200.00            -200.00            -200.00         100.00        0.00
rule_periodic_k4     2.00       10          -400.00            -400.00            -400.00         100.00        0.00
rule_periodic_k4     5.00       10          -700.00            -700.00            -700.00         100.00        0.00
rule_periodic_k4    10.00       10         -1200.00           -1200.00           -1200.00         100.00        0.00
rule_periodic_k4    18.00       10         -2000.00           -2000.00           -2000.00         100.00        0.00
rule_periodic_k4    26.00       10         -2800.00           -2800.00           -2800.00         100.00        0.00
       rule_pump     0.00       10          -119.34            -119.57            -119.06           3.00        1.00
       rule_pump     2.00       10          -125.34            -125.57            -125.06           3.00        1.00
       rule_pump     5.00       10          -134.34            -134.57            -134.06           3.00        1.00
       rule_pump    10.00       10          -149.34            -149.57            -149.06           3.00        1.00
       rule_pump    18.00       10          -173.34            -173.57            -173.06           3.00        1.00
       rule_pump    26.00       10          -197.34            -197.57            -197.06           3.00        1.00
         temporl     0.00       10          -141.38            -159.39            -128.34           4.08        0.86
         temporl     2.00       10          -143.01            -161.53            -131.90           4.46        0.94
         temporl     5.00       10          -159.38            -176.83            -147.69           4.30        0.86
         temporl    10.00       10          -175.25            -202.01            -165.74           4.20        0.91
         temporl    18.00       10          -223.97            -265.21            -192.74           3.81        0.73
         temporl    26.00       10          -271.41            -459.12            -245.09           4.39        0.71
  λ* [dqn vs rule_pump] CI기준 0.0 / 점추정기준 0.0 — λ=0에서도 규칙을 못 이김 — 비용 때문이 아니라 학습 자체가 규칙보다 약함
  λ* [lazy vs rule_pump] CI기준 0.0 / 점추정기준 0.0 — λ=0에서도 규칙을 못 이김 — 비용 때문이 아니라 학습 자체가 규칙보다 약함
  λ* [temporl vs rule_pump] CI기준 0.0 / 점추정기준 0.0 — λ=0에서도 규칙을 못 이김 — 비용 때문이 아니라 학습 자체가 규칙보다 약함
  λ* [dqn vs rule_best] CI기준 0.0 / 점추정기준 0.0 — λ=0에서도 규칙을 못 이김 — 비용 때문이 아니라 학습 자체가 규칙보다 약함
  λ* [lazy vs rule_best] CI기준 0.0 / 점추정기준 0.0 — λ=0에서도 규칙을 못 이김 — 비용 때문이 아니라 학습 자체가 규칙보다 약함
  λ* [temporl vs rule_best] CI기준 0.0 / 점추정기준 0.0 — λ=0에서도 규칙을 못 이김 — 비용 때문이 아니라 학습 자체가 규칙보다 약함
  저장: results/aggregate/MountainCar-v0@switch_iqm.csv, MountainCar-v0@switch_lambda_star.json
