
===== LunarLander-v3 =====
               agent      lam  n_seeds  cost_return_iqm  cost_return_ci_lo  cost_return_ci_hi  n_actions_iqm  solved_iqm
                 dqn     0.00       10           188.86             171.26             216.54         340.85        0.81
                 dqn     0.10       10           189.08             144.72             207.45         222.46        0.96
                 dqn     0.30       10           140.94              99.29             168.55         176.71        0.95
                 dqn     0.60       10            90.23              62.09             104.55         156.24        0.97
                 dqn     1.00       10           -12.75             -59.81              33.91         144.03        0.98
                 dqn     1.20       10           -32.53             -93.89             -13.78         178.08        0.98
                 dqn     1.37       10           -60.67             -86.04             -34.12         148.71        0.99
                 dqn     1.60       10          -149.70            -197.00            -119.13         167.59        0.97
                 dqn     1.80       10          -146.32            -233.49            -111.23         134.14        1.00
                 dqn     2.00       10          -134.40            -152.08            -115.03         111.72        1.00
                 dqn     2.50       10          -258.74            -377.64            -169.03         115.47        0.99
                 dqn     3.00       10          -209.94            -334.93            -149.27          63.45        1.00
                lazy     0.00       10           210.13             179.66             234.49         246.59        0.90
                lazy     0.10       10           212.95             170.68             227.46         183.51        0.95
                lazy     0.30       10           147.09             128.52             162.32         150.79        0.97
                lazy     0.60       10           102.92              53.60             142.30         138.89        0.98
                lazy     1.00       10            36.77             -39.61              66.09         119.34        0.98
                lazy     1.20       10             5.22             -17.87              27.20         115.26        0.99
                lazy     1.37       10           -47.04             -67.61             -25.52         119.45        0.99
                lazy     1.60       10           -61.42             -86.32             -30.44         105.67        1.00
                lazy     1.80       10           -97.11            -107.96             -77.00          75.14        1.00
                lazy     2.00       10          -157.44            -221.92            -109.68         118.28        1.00
                lazy     2.50       10          -191.52            -294.22            -155.30          92.02        0.99
                lazy     3.00       10          -174.67            -267.98            -137.30          37.49        1.00
           rule_best     0.00       10           162.28             156.83             167.55         162.31        0.99
           rule_best     0.10       10           146.10             140.73             151.20         162.31        0.99
           rule_best     0.30       10           113.76             108.43             118.07         162.31        0.99
           rule_best     0.60       10            65.01              59.56              68.70         162.31        0.99
           rule_best     1.00       10            -0.57              -6.62               4.75         162.31        0.99
           rule_best     1.20       10           -33.35             -39.70             -27.02         162.31        0.99
           rule_best     1.37       10           -61.21             -67.89             -53.85         162.31        0.99
           rule_best     1.60       10           -98.81            -106.13             -90.24         162.31        0.99
           rule_best     1.80       10          -131.24            -139.50            -121.71         162.31        0.99
           rule_best     2.00       10          -131.29            -133.50            -128.45           0.00        1.00
           rule_best     2.50       10          -131.29            -133.50            -128.45           0.00        1.00
           rule_best     3.00       10          -131.29            -133.50            -128.45           0.00        1.00
           rule_noop     0.00       10          -131.29            -133.50            -128.45           0.00        1.00
           rule_noop     0.10       10          -131.29            -133.50            -128.45           0.00        1.00
           rule_noop     0.30       10          -131.29            -133.50            -128.45           0.00        1.00
           rule_noop     0.60       10          -131.29            -133.50            -128.45           0.00        1.00
           rule_noop     1.00       10          -131.29            -133.50            -128.45           0.00        1.00
           rule_noop     1.20       10          -131.29            -133.50            -128.45           0.00        1.00
           rule_noop     1.37       10          -131.29            -133.50            -128.45           0.00        1.00
           rule_noop     1.60       10          -131.29            -133.50            -128.45           0.00        1.00
           rule_noop     1.80       10          -131.29            -133.50            -128.45           0.00        1.00
           rule_noop     2.00       10          -131.29            -133.50            -128.45           0.00        1.00
           rule_noop     2.50       10          -131.29            -133.50            -128.45           0.00        1.00
           rule_noop     3.00       10          -131.29            -133.50            -128.45           0.00        1.00
    rule_periodic_k1     0.00       10          -581.50            -586.88            -575.58          67.09        1.00
    rule_periodic_k1     0.10       10          -588.21            -593.60            -582.22          67.09        1.00
    rule_periodic_k1     0.30       10          -601.62            -607.05            -595.66          67.09        1.00
    rule_periodic_k1     0.60       10          -621.74            -627.36            -615.70          67.09        1.00
    rule_periodic_k1     1.00       10          -648.57            -654.39            -642.49          67.09        1.00
    rule_periodic_k1     1.20       10          -661.98            -667.86            -655.83          67.09        1.00
    rule_periodic_k1     1.37       10          -673.38            -679.36            -667.14          67.09        1.00
    rule_periodic_k1     1.60       10          -688.81            -694.92            -682.52          67.09        1.00
    rule_periodic_k1     1.80       10          -702.22            -708.46            -695.83          67.09        1.00
    rule_periodic_k1     2.00       10          -715.64            -722.00            -709.21          67.09        1.00
    rule_periodic_k1     2.50       10          -749.17            -755.75            -742.54          67.09        1.00
    rule_periodic_k1     3.00       10          -782.71            -789.55            -775.86          67.09        1.00
    rule_periodic_k2     0.00       10          -369.06            -372.29            -363.86          34.31        1.00
    rule_periodic_k2     0.10       10          -372.49            -375.76            -367.29          34.31        1.00
    rule_periodic_k2     0.30       10          -379.36            -382.70            -374.11          34.31        1.00
    rule_periodic_k2     0.60       10          -389.67            -393.11            -384.32          34.31        1.00
    rule_periodic_k2     1.00       10          -403.41            -406.99            -397.94          34.31        1.00
    rule_periodic_k2     1.20       10          -410.28            -413.93            -404.75          34.31        1.00
    rule_periodic_k2     1.37       10          -416.12            -419.82            -410.54          34.31        1.00
    rule_periodic_k2     1.60       10          -424.01            -427.79            -418.40          34.31        1.00
    rule_periodic_k2     1.80       10          -430.85            -434.70            -425.22          34.31        1.00
    rule_periodic_k2     2.00       10          -437.70            -441.63            -432.03          34.31        1.00
    rule_periodic_k2     2.50       10          -454.81            -458.92            -449.07          34.31        1.00
    rule_periodic_k2     3.00       10          -471.93            -476.22            -466.12          34.31        1.00
    rule_periodic_k4     0.00       10          -233.40            -236.16            -231.63          17.96        1.00
    rule_periodic_k4     0.10       10          -235.20            -237.95            -233.43          17.96        1.00
    rule_periodic_k4     0.30       10          -238.81            -241.52            -237.03          17.96        1.00
    rule_periodic_k4     0.60       10          -244.20            -246.91            -242.45          17.96        1.00
    rule_periodic_k4     1.00       10          -251.37            -254.12            -249.64          17.96        1.00
    rule_periodic_k4     1.20       10          -254.96            -257.72            -253.24          17.96        1.00
    rule_periodic_k4     1.37       10          -258.01            -260.79            -256.30          17.96        1.00
    rule_periodic_k4     1.60       10          -262.14            -264.93            -260.43          17.96        1.00
    rule_periodic_k4     1.80       10          -265.73            -268.51            -264.04          17.96        1.00
    rule_periodic_k4     2.00       10          -269.31            -272.11            -267.65          17.96        1.00
    rule_periodic_k4     2.50       10          -278.28            -281.09            -276.63          17.96        1.00
    rule_periodic_k4     3.00       10          -287.25            -290.08            -285.63          17.96        1.00
    rule_periodic_k8     0.00       10          -171.04            -174.53            -168.27           9.24        1.00
    rule_periodic_k8     0.10       10          -171.96            -175.46            -169.20           9.24        1.00
    rule_periodic_k8     0.30       10          -173.81            -177.30            -171.05           9.24        1.00
    rule_periodic_k8     0.60       10          -176.58            -180.06            -173.83           9.24        1.00
    rule_periodic_k8     1.00       10          -180.27            -183.74            -177.55           9.24        1.00
    rule_periodic_k8     1.20       10          -182.12            -185.59            -179.41           9.24        1.00
    rule_periodic_k8     1.37       10          -183.69            -187.16            -180.99           9.24        1.00
    rule_periodic_k8     1.60       10          -185.81            -189.28            -183.12           9.24        1.00
    rule_periodic_k8     1.80       10          -187.66            -191.13            -184.97           9.24        1.00
    rule_periodic_k8     2.00       10          -189.51            -192.97            -186.84           9.24        1.00
    rule_periodic_k8     2.50       10          -194.13            -197.58            -191.48           9.24        1.00
    rule_periodic_k8     3.00       10          -198.75            -202.19            -196.12           9.24        1.00
      rule_threshold     0.00       10            35.79              34.26              37.54         121.30        1.00
      rule_threshold     0.10       10            23.63              22.11              25.40         121.30        1.00
      rule_threshold     0.30       10            -0.69              -2.20               1.08         121.30        1.00
      rule_threshold     0.60       10           -37.17             -38.67             -35.36         121.30        1.00
      rule_threshold     1.00       10           -85.70             -87.44             -83.90         121.30        1.00
      rule_threshold     1.20       10          -109.94            -111.84            -108.15         121.30        1.00
      rule_threshold     1.37       10          -130.55            -132.57            -128.77         121.30        1.00
      rule_threshold     1.60       10          -158.42            -160.63            -156.69         121.30        1.00
      rule_threshold     1.80       10          -182.66            -184.97            -180.95         121.30        1.00
      rule_threshold     2.00       10          -206.90            -209.25            -205.21         121.30        1.00
      rule_threshold     2.50       10          -267.50            -270.00            -265.85         121.30        1.00
      rule_threshold     3.00       10          -328.10            -330.74            -326.46         121.30        1.00
rule_threshold_tuned     0.00       10           162.28             156.83             167.55         162.31        0.99
rule_threshold_tuned     0.10       10           146.10             140.73             151.20         162.31        0.99
rule_threshold_tuned     0.30       10           113.76             108.43             118.07         162.31        0.99
rule_threshold_tuned     0.60       10            65.01              59.56              68.70         162.31        0.99
rule_threshold_tuned     1.00       10            -0.57              -6.62               4.75         162.31        0.99
rule_threshold_tuned     1.20       10           -33.35             -39.70             -27.02         162.31        0.99
rule_threshold_tuned     1.37       10           -61.21             -67.89             -53.85         162.31        0.99
rule_threshold_tuned     1.60       10           -98.81            -106.13             -90.24         162.31        0.99
rule_threshold_tuned     1.80       10          -131.24            -139.50            -121.71         162.31        0.99
rule_threshold_tuned     2.00       10          -163.68            -173.01            -153.26         162.31        0.99
rule_threshold_tuned     2.50       10          -244.75            -256.09            -232.55         162.31        0.99
rule_threshold_tuned     3.00       10          -326.01            -339.56            -312.03         162.31        0.99
             temporl     0.00       10           159.13             129.43             181.55         406.49        0.68
             temporl     0.10       10           118.90              54.55             176.71         393.22        0.67
             temporl     0.30       10            80.70               3.26             157.56         260.63        0.83
             temporl     0.60       10            59.42              -2.22             128.28         210.25        0.95
             temporl     1.00       10           -34.20            -129.23              25.50         218.19        0.94
             temporl     1.20       10           -28.32             -61.23              -2.92         170.81        0.98
             temporl     1.37       10           -52.16             -97.28              -3.48         135.14        1.00
             temporl     1.60       10          -202.30            -310.97            -137.95         194.46        0.95
             temporl     1.80       10          -138.54            -287.73            -104.07         111.11        0.99
             temporl     2.00       10          -153.40            -238.49            -127.24         113.38        0.99
             temporl     2.50       10          -161.18            -240.00            -129.70          59.57        1.00
             temporl     3.00       10          -286.03            -341.47            -204.68          97.83        1.00
  λ* [dqn vs rule_threshold_tuned] CI기준 0.1 / 점추정기준 1.0 — 격자 안에서 교차 지점 발견
  λ* [lazy vs rule_threshold_tuned] CI기준 0.6 / 점추정기준 None — 실험한 λ 전 구간에서 규칙을 이김 — λ*는 격자 최대값보다 큼
  λ* [temporl vs rule_threshold_tuned] CI기준 0.0 / 점추정기준 0.0 — λ=0에서도 규칙을 못 이김 — 비용 때문이 아니라 학습 자체가 규칙보다 약함
  λ* [dqn vs rule_best] CI기준 0.1 / 점추정기준 1.0 — 격자 안에서 교차 지점 발견
  λ* [lazy vs rule_best] CI기준 0.6 / 점추정기준 2.0 — 격자 안에서 교차 지점 발견
  λ* [temporl vs rule_best] CI기준 0.0 / 점추정기준 0.0 — λ=0에서도 규칙을 못 이김 — 비용 때문이 아니라 학습 자체가 규칙보다 약함
  저장: results/aggregate/LunarLander-v3_iqm.csv, LunarLander-v3_lambda_star.json
