
===== MountainCar-v0@budget1M_epsconst =====
    agent      lam  n_seeds  cost_return_iqm  cost_return_ci_lo  cost_return_ci_hi  n_actions_iqm  solved_iqm
      dqn     0.00       10          -167.21            -191.78            -147.55         150.34        0.68
      dqn     0.00       10          -173.83            -200.13            -142.02         136.26        0.50
      dqn     0.00       10          -162.38            -190.21            -137.21         115.39        0.62
      dqn     0.01       10          -192.78            -200.44            -169.58          51.42        0.14
      dqn     0.03       10          -200.00            -200.33            -200.00           0.00        0.00
rule_best     0.00       10          -119.34            -119.57            -119.06         119.34        1.00
rule_best     0.00       10          -119.46            -119.69            -119.18         119.34        1.00
rule_best     0.00       10          -119.70            -119.93            -119.42         119.34        1.00
rule_best     0.01       10          -120.53            -120.77            -120.25         119.34        1.00
rule_best     0.03       10          -122.92            -123.16            -122.63         119.34        1.00
rule_noop     0.00       10          -200.00            -200.00            -200.00           0.00        0.00
rule_noop     0.00       10          -200.00            -200.00            -200.00           0.00        0.00
rule_noop     0.00       10          -200.00            -200.00            -200.00           0.00        0.00
rule_noop     0.01       10          -200.00            -200.00            -200.00           0.00        0.00
rule_noop     0.03       10          -200.00            -200.00            -200.00           0.00        0.00
rule_pump     0.00       10          -119.34            -119.57            -119.06         119.34        1.00
rule_pump     0.00       10          -119.46            -119.69            -119.18         119.34        1.00
rule_pump     0.00       10          -119.70            -119.93            -119.42         119.34        1.00
rule_pump     0.01       10          -120.53            -120.77            -120.25         119.34        1.00
rule_pump     0.03       10          -122.92            -123.16            -122.63         119.34        1.00
  λ* [dqn vs rule_pump] CI기준 0.0 / 점추정기준 0.0 — λ=0에서도 규칙을 못 이김 — 비용 때문이 아니라 학습 자체가 규칙보다 약함
  λ* [dqn vs rule_best] CI기준 0.0 / 점추정기준 0.0 — λ=0에서도 규칙을 못 이김 — 비용 때문이 아니라 학습 자체가 규칙보다 약함
  저장: results/aggregate/MountainCar-v0@budget1M_epsconst_iqm.csv, MountainCar-v0@budget1M_epsconst_lambda_star.json
