
==========================================================================
[1/10 집계] --env all --reps 10000
==========================================================================

===== LunarLander-v3 =====
               agent      lam  n_seeds  cost_return_iqm  cost_return_ci_lo  cost_return_ci_hi  n_actions_iqm  solved_iqm
                 dqn     0.00       10           188.86             171.26             216.54         340.85        0.81
                 dqn     0.10       10           189.08             144.72             207.45         222.46        0.96
                 dqn     0.30       10           140.94              99.29             168.55         176.71        0.95
                 dqn     0.60       10            90.23              62.09             104.55         156.24        0.97
                 dqn     1.00       10           -12.75             -59.81              33.91         144.03        0.98
                 dqn     1.20       10           -32.53             -93.89             -13.78         178.08        0.98
                 dqn     1.37       10           -60.67             -86.04             -34.12         148.71        0.99
                 dqn     1.60       10          -149.70            -197.00            -119.13         167.59        0.97
                 dqn     1.80       10          -146.32            -233.49            -111.23         134.14        1.00
                 dqn     2.00       10          -134.40            -152.08            -115.03         111.72        1.00
                 dqn     2.50       10          -258.74            -377.64            -169.03         115.47        0.99
                 dqn     3.00       10          -209.94            -334.93            -149.27          63.45        1.00
                lazy     0.00       10           210.13             179.66             234.49         246.59        0.90
                lazy     0.10       10           212.95             170.68             227.46         183.51        0.95
                lazy     0.30       10           147.09             128.52             162.32         150.79        0.97
                lazy     0.60       10           102.92              53.60             142.30         138.89        0.98
                lazy     1.00       10            36.77             -39.61              66.09         119.34        0.98
                lazy     1.20       10             5.22             -17.87              27.20         115.26        0.99
                lazy     1.37       10           -47.04             -67.61             -25.52         119.45        0.99
                lazy     1.60       10           -61.42             -86.32             -30.44         105.67        1.00
                lazy     1.80       10           -97.11            -107.96             -77.00          75.14        1.00
                lazy     2.00       10          -157.44            -221.92            -109.68         118.28        1.00
                lazy     2.50       10          -191.52            -294.22            -155.30          92.02        0.99
                lazy     3.00       10          -174.67            -267.98            -137.30          37.49        1.00
           rule_best     0.00       10           162.28             156.83             167.55         162.31        0.99
           rule_best     0.10       10           146.10             140.73             151.20         162.31        0.99
           rule_best     0.30       10           113.76             108.43             118.07         162.31        0.99
           rule_best     0.60       10            65.01              59.56              68.70         162.31        0.99
           rule_best     1.00       10            -0.57              -6.62               4.75         162.31        0.99
           rule_best     1.20       10           -33.35             -39.70             -27.02         162.31        0.99
           rule_best     1.37       10           -61.21             -67.89             -53.85         162.31        0.99
           rule_best     1.60       10           -98.81            -106.13             -90.24         162.31        0.99
           rule_best     1.80       10          -131.24            -139.50            -121.71         162.31        0.99
           rule_best     2.00       10          -131.29            -133.50            -128.45           0.00        1.00
           rule_best     2.50       10          -131.29            -133.50            -128.45           0.00        1.00
           rule_best     3.00       10          -131.29            -133.50            -128.45           0.00        1.00
           rule_noop     0.00       10          -131.29            -133.50            -128.45           0.00        1.00
           rule_noop     0.10       10          -131.29            -133.50            -128.45           0.00        1.00
           rule_noop     0.30       10          -131.29            -133.50            -128.45           0.00        1.00
           rule_noop     0.60       10          -131.29            -133.50            -128.45           0.00        1.00
           rule_noop     1.00       10          -131.29            -133.50            -128.45           0.00        1.00
           rule_noop     1.20       10          -131.29            -133.50            -128.45           0.00        1.00
           rule_noop     1.37       10          -131.29            -133.50            -128.45           0.00        1.00
           rule_noop     1.60       10          -131.29            -133.50            -128.45           0.00        1.00
           rule_noop     1.80       10          -131.29            -133.50            -128.45           0.00        1.00
           rule_noop     2.00       10          -131.29            -133.50            -128.45           0.00        1.00
           rule_noop     2.50       10          -131.29            -133.50            -128.45           0.00        1.00
           rule_noop     3.00       10          -131.29            -133.50            -128.45           0.00        1.00
    rule_periodic_k1     0.00       10          -581.50            -586.88            -575.58          67.09        1.00
    rule_periodic_k1     0.10       10          -588.21            -593.60            -582.22          67.09        1.00
    rule_periodic_k1     0.30       10          -601.62            -607.05            -595.66          67.09        1.00
    rule_periodic_k1     0.60       10          -621.74            -627.36            -615.70          67.09        1.00
    rule_periodic_k1     1.00       10          -648.57            -654.39            -642.49          67.09        1.00
    rule_periodic_k1     1.20       10          -661.98            -667.86            -655.83          67.09        1.00
    rule_periodic_k1     1.37       10          -673.38            -679.36            -667.14          67.09        1.00
    rule_periodic_k1     1.60       10          -688.81            -694.92            -682.52          67.09        1.00
    rule_periodic_k1     1.80       10          -702.22            -708.46            -695.83          67.09        1.00
    rule_periodic_k1     2.00       10          -715.64            -722.00            -709.21          67.09        1.00
    rule_periodic_k1     2.50       10          -749.17            -755.75            -742.54          67.09        1.00
    rule_periodic_k1     3.00       10          -782.71            -789.55            -775.86          67.09        1.00
    rule_periodic_k2     0.00       10          -369.06            -372.29            -363.86          34.31        1.00
    rule_periodic_k2     0.10       10          -372.49            -375.76            -367.29          34.31        1.00
    rule_periodic_k2     0.30       10          -379.36            -382.70            -374.11          34.31        1.00
    rule_periodic_k2     0.60       10          -389.67            -393.11            -384.32          34.31        1.00
    rule_periodic_k2     1.00       10          -403.41            -406.99            -397.94          34.31        1.00
    rule_periodic_k2     1.20       10          -410.28            -413.93            -404.75          34.31        1.00
    rule_periodic_k2     1.37       10          -416.12            -419.82            -410.54          34.31        1.00
    rule_periodic_k2     1.60       10          -424.01            -427.79            -418.40          34.31        1.00
    rule_periodic_k2     1.80       10          -430.85            -434.70            -425.22          34.31        1.00
    rule_periodic_k2     2.00       10          -437.70            -441.63            -432.03          34.31        1.00
    rule_periodic_k2     2.50       10          -454.81            -458.92            -449.07          34.31        1.00
    rule_periodic_k2     3.00       10          -471.93            -476.22            -466.12          34.31        1.00
    rule_periodic_k4     0.00       10          -233.40            -236.16            -231.63          17.96        1.00
    rule_periodic_k4     0.10       10          -235.20            -237.95            -233.43          17.96        1.00
    rule_periodic_k4     0.30       10          -238.81            -241.52            -237.03          17.96        1.00
    rule_periodic_k4     0.60       10          -244.20            -246.91            -242.45          17.96        1.00
    rule_periodic_k4     1.00       10          -251.37            -254.12            -249.64          17.96        1.00
    rule_periodic_k4     1.20       10          -254.96            -257.72            -253.24          17.96        1.00
    rule_periodic_k4     1.37       10          -258.01            -260.79            -256.30          17.96        1.00
    rule_periodic_k4     1.60       10          -262.14            -264.93            -260.43          17.96        1.00
    rule_periodic_k4     1.80       10          -265.73            -268.51            -264.04          17.96        1.00
    rule_periodic_k4     2.00       10          -269.31            -272.11            -267.65          17.96        1.00
    rule_periodic_k4     2.50       10          -278.28            -281.09            -276.63          17.96        1.00
    rule_periodic_k4     3.00       10          -287.25            -290.08            -285.63          17.96        1.00
    rule_periodic_k8     0.00       10          -171.04            -174.53            -168.27           9.24        1.00
    rule_periodic_k8     0.10       10          -171.96            -175.46            -169.20           9.24        1.00
    rule_periodic_k8     0.30       10          -173.81            -177.30            -171.05           9.24        1.00
    rule_periodic_k8     0.60       10          -176.58            -180.06            -173.83           9.24        1.00
    rule_periodic_k8     1.00       10          -180.27            -183.74            -177.55           9.24        1.00
    rule_periodic_k8     1.20       10          -182.12            -185.59            -179.41           9.24        1.00
    rule_periodic_k8     1.37       10          -183.69            -187.16            -180.99           9.24        1.00
    rule_periodic_k8     1.60       10          -185.81            -189.28            -183.12           9.24        1.00
    rule_periodic_k8     1.80       10          -187.66            -191.13            -184.97           9.24        1.00
    rule_periodic_k8     2.00       10          -189.51            -192.97            -186.84           9.24        1.00
    rule_periodic_k8     2.50       10          -194.13            -197.58            -191.48           9.24        1.00
    rule_periodic_k8     3.00       10          -198.75            -202.19            -196.12           9.24        1.00
      rule_threshold     0.00       10            35.79              34.26              37.54         121.30        1.00
      rule_threshold     0.10       10            23.63              22.11              25.40         121.30        1.00
      rule_threshold     0.30       10            -0.69              -2.20               1.08         121.30        1.00
      rule_threshold     0.60       10           -37.17             -38.67             -35.36         121.30        1.00
      rule_threshold     1.00       10           -85.70             -87.44             -83.90         121.30        1.00
      rule_threshold     1.20       10          -109.94            -111.84            -108.15         121.30        1.00
      rule_threshold     1.37       10          -130.55            -132.57            -128.77         121.30        1.00
      rule_threshold     1.60       10          -158.42            -160.63            -156.69         121.30        1.00
      rule_threshold     1.80       10          -182.66            -184.97            -180.95         121.30        1.00
      rule_threshold     2.00       10          -206.90            -209.25            -205.21         121.30        1.00
      rule_threshold     2.50       10          -267.50            -270.00            -265.85         121.30        1.00
      rule_threshold     3.00       10          -328.10            -330.74            -326.46         121.30        1.00
rule_threshold_tuned     0.00       10           162.28             156.83             167.55         162.31        0.99
rule_threshold_tuned     0.10       10           146.10             140.73             151.20         162.31        0.99
rule_threshold_tuned     0.30       10           113.76             108.43             118.07         162.31        0.99
rule_threshold_tuned     0.60       10            65.01              59.56              68.70         162.31        0.99
rule_threshold_tuned     1.00       10            -0.57              -6.62               4.75         162.31        0.99
rule_threshold_tuned     1.20       10           -33.35             -39.70             -27.02         162.31        0.99
rule_threshold_tuned     1.37       10           -61.21             -67.89             -53.85         162.31        0.99
rule_threshold_tuned     1.60       10           -98.81            -106.13             -90.24         162.31        0.99
rule_threshold_tuned     1.80       10          -131.24            -139.50            -121.71         162.31        0.99
rule_threshold_tuned     2.00       10          -163.68            -173.01            -153.26         162.31        0.99
rule_threshold_tuned     2.50       10          -244.75            -256.09            -232.55         162.31        0.99
rule_threshold_tuned     3.00       10          -326.01            -339.56            -312.03         162.31        0.99
             temporl     0.00       10           159.13             129.43             181.55         406.49        0.68
             temporl     0.10       10           118.90              54.55             176.71         393.22        0.67
             temporl     0.30       10            80.70               3.26             157.56         260.63        0.83
             temporl     0.60       10            59.42              -2.22             128.28         210.25        0.95
             temporl     1.00       10           -34.20            -129.23              25.50         218.19        0.94
             temporl     1.20       10           -28.32             -61.23              -2.92         170.81        0.98
             temporl     1.37       10           -52.16             -97.28              -3.48         135.14        1.00
             temporl     1.60       10          -202.30            -310.97            -137.95         194.46        0.95
             temporl     1.80       10          -138.54            -287.73            -104.07         111.11        0.99
             temporl     2.00       10          -153.40            -238.49            -127.24         113.38        0.99
             temporl     2.50       10          -161.18            -240.00            -129.70          59.57        1.00
             temporl     3.00       10          -286.03            -341.47            -204.68          97.83        1.00
  λ* [dqn vs rule_threshold_tuned] CI기준 0.1 / 점추정기준 1.0 — 격자 안에서 교차 지점 발견
  λ* [lazy vs rule_threshold_tuned] CI기준 0.6 / 점추정기준 None — 실험한 λ 전 구간에서 규칙을 이김 — λ*는 격자 최대값보다 큼
  λ* [temporl vs rule_threshold_tuned] CI기준 0.0 / 점추정기준 0.0 — λ=0에서도 규칙을 못 이김 — 비용 때문이 아니라 학습 자체가 규칙보다 약함
  λ* [dqn vs rule_best] CI기준 0.1 / 점추정기준 1.0 — 격자 안에서 교차 지점 발견
  λ* [lazy vs rule_best] CI기준 0.6 / 점추정기준 2.0 — 격자 안에서 교차 지점 발견
  λ* [temporl vs rule_best] CI기준 0.0 / 점추정기준 0.0 — λ=0에서도 규칙을 못 이김 — 비용 때문이 아니라 학습 자체가 규칙보다 약함
  저장: results/aggregate/LunarLander-v3_iqm.csv, LunarLander-v3_lambda_star.json

===== LunarLander-v3@budget1M =====
               agent      lam  n_seeds  cost_return_iqm  cost_return_ci_lo  cost_return_ci_hi  n_actions_iqm  solved_iqm
                 dqn     0.00       10           147.98              81.97             187.13         348.48        0.81
                lazy     0.00       10           168.74              58.56             209.16         197.28        0.96
           rule_best     0.00       10           162.28             156.83             167.55         162.31        0.99
           rule_noop     0.00       10          -131.29            -133.50            -128.45           0.00        1.00
      rule_threshold     0.00       10            35.79              34.26              37.54         121.30        1.00
rule_threshold_tuned     0.00       10           162.28             156.83             167.55         162.31        0.99
             temporl     0.00       10             4.37            -157.36             106.60         337.11        0.76
  λ* [dqn vs rule_threshold_tuned] CI기준 0.0 / 점추정기준 0.0 — λ=0에서도 규칙을 못 이김 — 비용 때문이 아니라 학습 자체가 규칙보다 약함
  λ* [lazy vs rule_threshold_tuned] CI기준 0.0 / 점추정기준 None — 실험한 λ 전 구간에서 규칙을 이김 — λ*는 격자 최대값보다 큼
  λ* [temporl vs rule_threshold_tuned] CI기준 0.0 / 점추정기준 0.0 — λ=0에서도 규칙을 못 이김 — 비용 때문이 아니라 학습 자체가 규칙보다 약함
  λ* [dqn vs rule_best] CI기준 0.0 / 점추정기준 0.0 — λ=0에서도 규칙을 못 이김 — 비용 때문이 아니라 학습 자체가 규칙보다 약함
  λ* [lazy vs rule_best] CI기준 0.0 / 점추정기준 None — 실험한 λ 전 구간에서 규칙을 이김 — λ*는 격자 최대값보다 큼
  λ* [temporl vs rule_best] CI기준 0.0 / 점추정기준 0.0 — λ=0에서도 규칙을 못 이김 — 비용 때문이 아니라 학습 자체가 규칙보다 약함
  저장: results/aggregate/LunarLander-v3@budget1M_iqm.csv, LunarLander-v3@budget1M_lambda_star.json

===== LunarLander-v3@tunedbase =====
               agent      lam  n_seeds  cost_return_iqm  cost_return_ci_lo  cost_return_ci_hi  n_actions_iqm  solved_iqm
                lazy     0.00       10           194.63             152.96             213.83         188.14        0.94
                lazy     0.10       10           203.79             157.63             226.33         179.37        0.94
                lazy     0.30       10           149.47             128.64             169.41         169.88        0.96
                lazy     0.60       10           103.98              41.50             131.73         175.57        0.92
                lazy     1.00       10            -6.79             -48.72              28.33         183.08        0.97
                lazy     1.20       10            -8.03             -29.44               9.37         142.97        0.99
                lazy     1.37       10           -50.17             -87.44              -9.02         144.97        0.98
                lazy     1.60       10          -124.26            -213.86             -76.11         155.38        0.99
                lazy     1.80       10          -116.65            -185.86             -90.09         111.14        0.99
                lazy     2.00       10          -134.49            -176.55            -107.53         102.95        0.99
                lazy     2.50       10          -167.26            -233.39            -140.47          85.04        1.00
                lazy     3.00       10          -184.07            -226.12            -146.91          49.83        1.00
           rule_best     0.00       10           162.28             156.83             167.55         162.31        0.99
           rule_best     0.10       10           146.10             140.73             151.20         162.31        0.99
           rule_best     0.30       10           113.76             108.43             118.07         162.31        0.99
           rule_best     0.60       10            65.01              59.56              68.70         162.31        0.99
           rule_best     1.00       10            -0.57              -6.62               4.75         162.31        0.99
           rule_best     1.20       10           -33.35             -39.70             -27.02         162.31        0.99
           rule_best     1.37       10           -61.21             -67.89             -53.85         162.31        0.99
           rule_best     1.60       10           -98.81            -106.13             -90.24         162.31        0.99
           rule_best     1.80       10          -131.24            -139.50            -121.71         162.31        0.99
           rule_best     2.00       10          -131.29            -133.50            -128.45           0.00        1.00
           rule_best     2.50       10          -131.29            -133.50            -128.45           0.00        1.00
           rule_best     3.00       10          -131.29            -133.50            -128.45           0.00        1.00
           rule_noop     0.00       10          -131.29            -133.50            -128.45           0.00        1.00
           rule_noop     0.10       10          -131.29            -133.50            -128.45           0.00        1.00
           rule_noop     0.30       10          -131.29            -133.50            -128.45           0.00        1.00
           rule_noop     0.60       10          -131.29            -133.50            -128.45           0.00        1.00
           rule_noop     1.00       10          -131.29            -133.50            -128.45           0.00        1.00
           rule_noop     1.20       10          -131.29            -133.50            -128.45           0.00        1.00
           rule_noop     1.37       10          -131.29            -133.50            -128.45           0.00        1.00
           rule_noop     1.60       10          -131.29            -133.50            -128.45           0.00        1.00
           rule_noop     1.80       10          -131.29            -133.50            -128.45           0.00        1.00
           rule_noop     2.00       10          -131.29            -133.50            -128.45           0.00        1.00
           rule_noop     2.50       10          -131.29            -133.50            -128.45           0.00        1.00
           rule_noop     3.00       10          -131.29            -133.50            -128.45           0.00        1.00
    rule_periodic_k1     0.00       10          -581.50            -586.88            -575.58          67.09        1.00
    rule_periodic_k1     0.10       10          -588.21            -593.60            -582.22          67.09        1.00
    rule_periodic_k1     0.30       10          -601.62            -607.05            -595.66          67.09        1.00
    rule_periodic_k1     0.60       10          -621.74            -627.36            -615.70          67.09        1.00
    rule_periodic_k1     1.00       10          -648.57            -654.39            -642.49          67.09        1.00
    rule_periodic_k1     1.20       10          -661.98            -667.86            -655.83          67.09        1.00
    rule_periodic_k1     1.37       10          -673.38            -679.36            -667.14          67.09        1.00
    rule_periodic_k1     1.60       10          -688.81            -694.92            -682.52          67.09        1.00
    rule_periodic_k1     1.80       10          -702.22            -708.46            -695.83          67.09        1.00
    rule_periodic_k1     2.00       10          -715.64            -722.00            -709.21          67.09        1.00
    rule_periodic_k1     2.50       10          -749.17            -755.75            -742.54          67.09        1.00
    rule_periodic_k1     3.00       10          -782.71            -789.55            -775.86          67.09        1.00
    rule_periodic_k2     0.00       10          -369.06            -372.29            -363.86          34.31        1.00
    rule_periodic_k2     0.10       10          -372.49            -375.76            -367.29          34.31        1.00
    rule_periodic_k2     0.30       10          -379.36            -382.70            -374.11          34.31        1.00
    rule_periodic_k2     0.60       10          -389.67            -393.11            -384.32          34.31        1.00
    rule_periodic_k2     1.00       10          -403.41            -406.99            -397.94          34.31        1.00
    rule_periodic_k2     1.20       10          -410.28            -413.93            -404.75          34.31        1.00
    rule_periodic_k2     1.37       10          -416.12            -419.82            -410.54          34.31        1.00
    rule_periodic_k2     1.60       10          -424.01            -427.79            -418.40          34.31        1.00
    rule_periodic_k2     1.80       10          -430.85            -434.70            -425.22          34.31        1.00
    rule_periodic_k2     2.00       10          -437.70            -441.63            -432.03          34.31        1.00
    rule_periodic_k2     2.50       10          -454.81            -458.92            -449.07          34.31        1.00
    rule_periodic_k2     3.00       10          -471.93            -476.22            -466.12          34.31        1.00
    rule_periodic_k4     0.00       10          -233.40            -236.16            -231.63          17.96        1.00
    rule_periodic_k4     0.10       10          -235.20            -237.95            -233.43          17.96        1.00
    rule_periodic_k4     0.30       10          -238.81            -241.52            -237.03          17.96        1.00
    rule_periodic_k4     0.60       10          -244.20            -246.91            -242.45          17.96        1.00
    rule_periodic_k4     1.00       10          -251.37            -254.12            -249.64          17.96        1.00
    rule_periodic_k4     1.20       10          -254.96            -257.72            -253.24          17.96        1.00
    rule_periodic_k4     1.37       10          -258.01            -260.79            -256.30          17.96        1.00
    rule_periodic_k4     1.60       10          -262.14            -264.93            -260.43          17.96        1.00
    rule_periodic_k4     1.80       10          -265.73            -268.51            -264.04          17.96        1.00
    rule_periodic_k4     2.00       10          -269.31            -272.11            -267.65          17.96        1.00
    rule_periodic_k4     2.50       10          -278.28            -281.09            -276.63          17.96        1.00
    rule_periodic_k4     3.00       10          -287.25            -290.08            -285.63          17.96        1.00
    rule_periodic_k8     0.00       10          -171.04            -174.53            -168.27           9.24        1.00
    rule_periodic_k8     0.10       10          -171.96            -175.46            -169.20           9.24        1.00
    rule_periodic_k8     0.30       10          -173.81            -177.30            -171.05           9.24        1.00
    rule_periodic_k8     0.60       10          -176.58            -180.06            -173.83           9.24        1.00
    rule_periodic_k8     1.00       10          -180.27            -183.74            -177.55           9.24        1.00
    rule_periodic_k8     1.20       10          -182.12            -185.59            -179.41           9.24        1.00
    rule_periodic_k8     1.37       10          -183.69            -187.16            -180.99           9.24        1.00
    rule_periodic_k8     1.60       10          -185.81            -189.28            -183.12           9.24        1.00
    rule_periodic_k8     1.80       10          -187.66            -191.13            -184.97           9.24        1.00
    rule_periodic_k8     2.00       10          -189.51            -192.97            -186.84           9.24        1.00
    rule_periodic_k8     2.50       10          -194.13            -197.58            -191.48           9.24        1.00
    rule_periodic_k8     3.00       10          -198.75            -202.19            -196.12           9.24        1.00
      rule_threshold     0.00       10            35.79              34.26              37.54         121.30        1.00
      rule_threshold     0.10       10            23.63              22.11              25.40         121.30        1.00
      rule_threshold     0.30       10            -0.69              -2.20               1.08         121.30        1.00
      rule_threshold     0.60       10           -37.17             -38.67             -35.36         121.30        1.00
      rule_threshold     1.00       10           -85.70             -87.44             -83.90         121.30        1.00
      rule_threshold     1.20       10          -109.94            -111.84            -108.15         121.30        1.00
      rule_threshold     1.37       10          -130.55            -132.57            -128.77         121.30        1.00
      rule_threshold     1.60       10          -158.42            -160.63            -156.69         121.30        1.00
      rule_threshold     1.80       10          -182.66            -184.97            -180.95         121.30        1.00
      rule_threshold     2.00       10          -206.90            -209.25            -205.21         121.30        1.00
      rule_threshold     2.50       10          -267.50            -270.00            -265.85         121.30        1.00
      rule_threshold     3.00       10          -328.10            -330.74            -326.46         121.30        1.00
rule_threshold_tuned     0.00       10           162.28             156.83             167.55         162.31        0.99
rule_threshold_tuned     0.10       10           146.10             140.73             151.20         162.31        0.99
rule_threshold_tuned     0.30       10           113.76             108.43             118.07         162.31        0.99
rule_threshold_tuned     0.60       10            65.01              59.56              68.70         162.31        0.99
rule_threshold_tuned     1.00       10            -0.57              -6.62               4.75         162.31        0.99
rule_threshold_tuned     1.20       10           -33.35             -39.70             -27.02         162.31        0.99
rule_threshold_tuned     1.37       10           -61.21             -67.89             -53.85         162.31        0.99
rule_threshold_tuned     1.60       10           -98.81            -106.13             -90.24         162.31        0.99
rule_threshold_tuned     1.80       10          -131.24            -139.50            -121.71         162.31        0.99
rule_threshold_tuned     2.00       10          -163.68            -173.01            -153.26         162.31        0.99
rule_threshold_tuned     2.50       10          -244.75            -256.09            -232.55         162.31        0.99
rule_threshold_tuned     3.00       10          -326.01            -339.56            -312.03         162.31        0.99
  λ* [lazy vs rule_threshold_tuned] CI기준 0.0 / 점추정기준 1.0 — 격자 안에서 교차 지점 발견
  λ* [lazy vs rule_best] CI기준 0.0 / 점추정기준 1.0 — 격자 안에서 교차 지점 발견
  저장: results/aggregate/LunarLander-v3@tunedbase_iqm.csv, LunarLander-v3@tunedbase_lambda_star.json

===== MinAtar_Freeway-v1 =====
           agent      lam  n_seeds  cost_return_iqm  cost_return_ci_lo  cost_return_ci_hi  n_actions_iqm  solved_iqm
             dqn     0.00       10             7.14               5.69               8.26         826.74        0.00
             dqn     0.01       10             2.37               1.21               3.56         639.09        0.00
             dqn     0.01       10             0.00              -0.79               0.17          63.34        0.00
             dqn     0.02       10             0.00              -0.11               0.00           0.00        0.00
             dqn     0.04       10            -0.01              -0.04               0.00           0.16        0.00
             dqn     0.06       10             0.00              -0.00               0.00           0.00        0.00
            lazy     0.00       10            13.57              11.93              14.88         446.90        0.00
            lazy     0.01       10            12.54              11.20              14.06         385.67        0.00
            lazy     0.01       10            10.68               9.40              11.97         345.16        0.00
            lazy     0.02       10             8.43               6.85              10.24         307.56        0.00
            lazy     0.04       10             2.22               1.31               2.73         267.80        0.00
            lazy     0.06       10            -0.53              -1.23              -0.07         103.71        0.00
       rule_best     0.00       10            16.94              16.44              17.56         298.65        0.00
       rule_best     0.01       10            15.44              14.95              16.07         298.65        0.00
       rule_best     0.01       10            13.95              13.45              14.57         298.65        0.00
       rule_best     0.02       10            10.96              10.47              11.58         298.65        0.00
       rule_best     0.04       10             6.57               6.22               7.02         204.47        0.00
       rule_best     0.06       10             2.48               2.13               2.92         204.47        0.00
   rule_cautious     0.00       10            16.94              16.44              17.56         298.65        0.00
   rule_cautious     0.01       10            15.44              14.95              16.07         298.65        0.00
   rule_cautious     0.01       10            13.95              13.45              14.57         298.65        0.00
   rule_cautious     0.02       10            10.96              10.47              11.58         298.65        0.00
   rule_cautious     0.04       10             4.98               4.49               5.60         298.65        0.00
   rule_cautious     0.06       10            -0.99              -1.48              -0.38         298.65        0.00
rule_cautious_d1     0.00       10            14.74              14.35              15.27         204.47        0.00
rule_cautious_d1     0.01       10            13.73              13.33              14.24         204.47        0.00
rule_cautious_d1     0.01       10            12.71              12.31              13.20         204.47        0.00
rule_cautious_d1     0.02       10            10.66              10.28              11.14         204.47        0.00
rule_cautious_d1     0.04       10             6.57               6.22               7.02         204.47        0.00
rule_cautious_d1     0.06       10             2.48               2.13               2.92         204.47        0.00
       rule_noop     0.00       10             0.00               0.00               0.00           0.00        0.00
       rule_noop     0.01       10             0.00               0.00               0.00           0.00        0.00
       rule_noop     0.01       10             0.00               0.00               0.00           0.00        0.00
       rule_noop     0.02       10             0.00               0.00               0.00           0.00        0.00
       rule_noop     0.04       10             0.00               0.00               0.00           0.00        0.00
       rule_noop     0.06       10             0.00               0.00               0.00           0.00        0.00
rule_periodic_k1     0.00       10             9.90               9.73              10.06        1000.00        0.00
rule_periodic_k1     0.01       10             4.90               4.73               5.06        1000.00        0.00
rule_periodic_k1     0.01       10            -0.10              -0.27               0.06        1000.00        0.00
rule_periodic_k1     0.02       10           -10.10             -10.27              -9.94        1000.00        0.00
rule_periodic_k1     0.04       10           -30.10             -30.27             -29.94        1000.00        0.00
rule_periodic_k1     0.06       10           -50.10             -50.27             -49.94        1000.00        0.00
rule_periodic_k3     0.00       10             9.90               9.73              10.06         334.00        0.00
rule_periodic_k3     0.01       10             8.23               8.06               8.39         334.00        0.00
rule_periodic_k3     0.01       10             6.56               6.39               6.72         334.00        0.00
rule_periodic_k3     0.02       10             3.22               3.05               3.38         334.00        0.00
rule_periodic_k3     0.04       10            -3.46              -3.63              -3.30         334.00        0.00
rule_periodic_k3     0.06       10           -10.14             -10.31              -9.98         334.00        0.00
rule_periodic_k8     0.00       10             0.34               0.30               0.39         125.00        0.00
rule_periodic_k8     0.01       10            -0.28              -0.32              -0.24         125.00        0.00
rule_periodic_k8     0.01       10            -0.91              -0.95              -0.86         125.00        0.00
rule_periodic_k8     0.02       10            -2.16              -2.20              -2.11         125.00        0.00
rule_periodic_k8     0.04       10            -4.66              -4.70              -4.61         125.00        0.00
rule_periodic_k8     0.06       10            -7.16              -7.20              -7.11         125.00        0.00
         temporl     0.00       10             8.77               7.44               9.76         898.07        0.00
         temporl     0.01       10             2.13               0.31               4.04         429.48        0.00
         temporl     0.01       10             0.03              -0.32               0.18         246.56        0.00
         temporl     0.02       10            -0.03              -0.19               0.00           2.27        0.00
         temporl     0.04       10            -0.00              -0.09               0.00           0.01        0.00
         temporl     0.06       10             0.00              -0.01               0.00           0.00        0.00
  λ* [dqn vs rule_cautious] CI기준 0.0 / 점추정기준 0.0 — λ=0에서도 규칙을 못 이김 — 비용 때문이 아니라 학습 자체가 규칙보다 약함
  λ* [lazy vs rule_cautious] CI기준 0.0 / 점추정기준 0.0 — λ=0에서도 규칙을 못 이김 — 비용 때문이 아니라 학습 자체가 규칙보다 약함
  λ* [temporl vs rule_cautious] CI기준 0.0 / 점추정기준 0.0 — λ=0에서도 규칙을 못 이김 — 비용 때문이 아니라 학습 자체가 규칙보다 약함
  λ* [dqn vs rule_best] CI기준 0.0 / 점추정기준 0.0 — λ=0에서도 규칙을 못 이김 — 비용 때문이 아니라 학습 자체가 규칙보다 약함
  λ* [lazy vs rule_best] CI기준 0.0 / 점추정기준 0.0 — λ=0에서도 규칙을 못 이김 — 비용 때문이 아니라 학습 자체가 규칙보다 약함
  λ* [temporl vs rule_best] CI기준 0.0 / 점추정기준 0.0 — λ=0에서도 규칙을 못 이김 — 비용 때문이 아니라 학습 자체가 규칙보다 약함
  저장: results/aggregate/MinAtar_Freeway-v1_iqm.csv, MinAtar_Freeway-v1_lambda_star.json

===== MinAtar_Freeway-v1@budget1M =====
        agent      lam  n_seeds  cost_return_iqm  cost_return_ci_lo  cost_return_ci_hi  n_actions_iqm  solved_iqm
          dqn     0.00        5             8.79               6.69               9.30         903.43        0.00
         lazy     0.00        5            13.93              12.84              14.99         520.25        0.00
    rule_best     0.00        5            16.84              15.88              17.47         299.08        0.00
rule_cautious     0.00        5            16.84              15.88              17.47         299.08        0.00
    rule_noop     0.00        5             0.00               0.00               0.00           0.00        0.00
      temporl     0.00        5             8.39               6.73               9.99         904.57        0.00
  λ* [dqn vs rule_cautious] CI기준 0.0 / 점추정기준 0.0 — λ=0에서도 규칙을 못 이김 — 비용 때문이 아니라 학습 자체가 규칙보다 약함 (주의: 시드 5개뿐 — 시드 10개 기준 결론이 아님)
  λ* [lazy vs rule_cautious] CI기준 0.0 / 점추정기준 0.0 — λ=0에서도 규칙을 못 이김 — 비용 때문이 아니라 학습 자체가 규칙보다 약함 (주의: 시드 5개뿐 — 시드 10개 기준 결론이 아님)
  λ* [temporl vs rule_cautious] CI기준 0.0 / 점추정기준 0.0 — λ=0에서도 규칙을 못 이김 — 비용 때문이 아니라 학습 자체가 규칙보다 약함 (주의: 시드 5개뿐 — 시드 10개 기준 결론이 아님)
  λ* [dqn vs rule_best] CI기준 0.0 / 점추정기준 0.0 — λ=0에서도 규칙을 못 이김 — 비용 때문이 아니라 학습 자체가 규칙보다 약함 (주의: 시드 5개뿐 — 시드 10개 기준 결론이 아님)
  λ* [lazy vs rule_best] CI기준 0.0 / 점추정기준 0.0 — λ=0에서도 규칙을 못 이김 — 비용 때문이 아니라 학습 자체가 규칙보다 약함 (주의: 시드 5개뿐 — 시드 10개 기준 결론이 아님)
  λ* [temporl vs rule_best] CI기준 0.0 / 점추정기준 0.0 — λ=0에서도 규칙을 못 이김 — 비용 때문이 아니라 학습 자체가 규칙보다 약함 (주의: 시드 5개뿐 — 시드 10개 기준 결론이 아님)
  저장: results/aggregate/MinAtar_Freeway-v1@budget1M_iqm.csv, MinAtar_Freeway-v1@budget1M_lambda_star.json

===== MountainCar-v0 =====
           agent      lam  n_seeds  cost_return_iqm  cost_return_ci_lo  cost_return_ci_hi  n_actions_iqm  solved_iqm
             dqn     0.00       10          -160.41            -180.69            -141.99         141.12        0.62
             dqn     0.00       10          -172.41            -200.11            -137.11         128.90        0.37
             dqn     0.00       10          -174.18            -200.25            -140.65         134.05        0.38
             dqn     0.00       10          -164.85            -190.69            -139.95         123.43        0.52
             dqn     0.01       10          -171.92            -200.38            -136.71         116.02        0.38
             dqn     0.01       10          -197.11            -200.67            -173.35         120.32        0.09
             dqn     0.01       10          -197.49            -200.13            -181.15          33.47        0.03
             dqn     0.02       10          -200.41            -201.24            -200.00          21.75        0.00
             dqn     0.03       10          -200.00            -200.33            -200.00           0.00        0.00
             dqn     0.05       10          -200.00            -200.56            -200.00           0.00        0.00
             dqn     0.10       10          -200.00            -200.00            -200.00           0.00        0.00
             dqn     0.20       10          -200.00            -200.00            -200.00           0.00        0.00
             dqn     0.35       10          -200.00            -200.00            -200.00           0.00        0.00
             dqn     0.66       10          -200.00            -200.00            -200.00           0.00        0.00
            lazy     0.00       10          -127.86            -151.59            -117.77         125.21        0.94
            lazy     0.00       10          -152.03            -177.88            -131.80         138.12        0.73
            lazy     0.00       10          -142.28            -160.23            -126.64         132.16        0.87
            lazy     0.00       10          -144.42            -172.79            -120.37         132.66        0.85
            lazy     0.01       10          -137.73            -161.47            -125.09         121.10        0.85
            lazy     0.01       10          -167.62            -200.08            -130.87          91.05        0.43
            lazy     0.01       10          -155.79            -174.57            -133.16         122.84        0.64
            lazy     0.02       10          -159.14            -189.29            -129.25         105.19        0.59
            lazy     0.03       10          -167.44            -201.00            -133.05         105.01        0.52
            lazy     0.05       10          -187.20            -200.00            -157.91          43.11        0.22
            lazy     0.10       10          -191.51            -200.02            -157.64          17.51        0.13
            lazy     0.20       10          -200.00            -204.36            -190.57           0.00        0.00
            lazy     0.35       10          -200.00            -201.95            -197.79           0.00        0.00
            lazy     0.66       10          -200.00            -200.00            -200.00           0.00        0.00
       rule_best     0.00       10          -119.34            -119.57            -119.06         119.34        1.00
       rule_best     0.00       10          -119.46            -119.69            -119.18         119.34        1.00
       rule_best     0.00       10          -119.58            -119.81            -119.30         119.34        1.00
       rule_best     0.00       10          -119.70            -119.93            -119.42         119.34        1.00
       rule_best     0.01       10          -119.94            -120.17            -119.66         119.34        1.00
       rule_best     0.01       10          -120.23            -120.47            -119.95         119.34        1.00
       rule_best     0.01       10          -120.53            -120.77            -120.25         119.34        1.00
       rule_best     0.02       10          -121.73            -121.96            -121.44         119.34        1.00
       rule_best     0.03       10          -122.92            -123.16            -122.63         119.34        1.00
       rule_best     0.05       10          -125.31            -125.55            -125.01         119.34        1.00
       rule_best     0.10       10          -131.27            -131.53            -130.97         119.34        1.00
       rule_best     0.20       10          -143.21            -143.49            -142.87         119.34        1.00
       rule_best     0.35       10          -161.11            -161.42            -160.73         119.34        1.00
       rule_best     0.66       10          -198.10            -198.49            -197.64         119.34        1.00
       rule_noop     0.00       10          -200.00            -200.00            -200.00           0.00        0.00
       rule_noop     0.00       10          -200.00            -200.00            -200.00           0.00        0.00
       rule_noop     0.00       10          -200.00            -200.00            -200.00           0.00        0.00
       rule_noop     0.00       10          -200.00            -200.00            -200.00           0.00        0.00
       rule_noop     0.01       10          -200.00            -200.00            -200.00           0.00        0.00
       rule_noop     0.01       10          -200.00            -200.00            -200.00           0.00        0.00
       rule_noop     0.01       10          -200.00            -200.00            -200.00           0.00        0.00
       rule_noop     0.02       10          -200.00            -200.00            -200.00           0.00        0.00
       rule_noop     0.03       10          -200.00            -200.00            -200.00           0.00        0.00
       rule_noop     0.05       10          -200.00            -200.00            -200.00           0.00        0.00
       rule_noop     0.10       10          -200.00            -200.00            -200.00           0.00        0.00
       rule_noop     0.20       10          -200.00            -200.00            -200.00           0.00        0.00
       rule_noop     0.35       10          -200.00            -200.00            -200.00           0.00        0.00
       rule_noop     0.66       10          -200.00            -200.00            -200.00           0.00        0.00
rule_periodic_k1     0.00       10          -200.00            -200.00            -200.00         200.00        0.00
rule_periodic_k1     0.00       10          -200.20            -200.20            -200.20         200.00        0.00
rule_periodic_k1     0.00       10          -200.40            -200.40            -200.40         200.00        0.00
rule_periodic_k1     0.00       10          -200.60            -200.60            -200.60         200.00        0.00
rule_periodic_k1     0.01       10          -201.00            -201.00            -201.00         200.00        0.00
rule_periodic_k1     0.01       10          -201.50            -201.50            -201.50         200.00        0.00
rule_periodic_k1     0.01       10          -202.00            -202.00            -202.00         200.00        0.00
rule_periodic_k1     0.02       10          -204.00            -204.00            -204.00         200.00        0.00
rule_periodic_k1     0.03       10          -206.00            -206.00            -206.00         200.00        0.00
rule_periodic_k1     0.05       10          -210.00            -210.00            -210.00         200.00        0.00
rule_periodic_k1     0.10       10          -220.00            -220.00            -220.00         200.00        0.00
rule_periodic_k1     0.20       10          -240.00            -240.00            -240.00         200.00        0.00
rule_periodic_k1     0.35       10          -270.00            -270.00            -270.00         200.00        0.00
rule_periodic_k1     0.66       10          -332.00            -332.00            -332.00         200.00        0.00
rule_periodic_k2     0.00       10          -200.00            -200.00            -200.00         100.00        0.00
rule_periodic_k2     0.00       10          -200.10            -200.10            -200.10         100.00        0.00
rule_periodic_k2     0.00       10          -200.20            -200.20            -200.20         100.00        0.00
rule_periodic_k2     0.00       10          -200.30            -200.30            -200.30         100.00        0.00
rule_periodic_k2     0.01       10          -200.50            -200.50            -200.50         100.00        0.00
rule_periodic_k2     0.01       10          -200.75            -200.75            -200.75         100.00        0.00
rule_periodic_k2     0.01       10          -201.00            -201.00            -201.00         100.00        0.00
rule_periodic_k2     0.02       10          -202.00            -202.00            -202.00         100.00        0.00
rule_periodic_k2     0.03       10          -203.00            -203.00            -203.00         100.00        0.00
rule_periodic_k2     0.05       10          -205.00            -205.00            -205.00         100.00        0.00
rule_periodic_k2     0.10       10          -210.00            -210.00            -210.00         100.00        0.00
rule_periodic_k2     0.20       10          -220.00            -220.00            -220.00         100.00        0.00
rule_periodic_k2     0.35       10          -235.00            -235.00            -235.00         100.00        0.00
rule_periodic_k2     0.66       10          -266.00            -266.00            -266.00         100.00        0.00
rule_periodic_k4     0.00       10          -200.00            -200.00            -200.00          50.00        0.00
rule_periodic_k4     0.00       10          -200.05            -200.05            -200.05          50.00        0.00
rule_periodic_k4     0.00       10          -200.10            -200.10            -200.10          50.00        0.00
rule_periodic_k4     0.00       10          -200.15            -200.15            -200.15          50.00        0.00
rule_periodic_k4     0.01       10          -200.25            -200.25            -200.25          50.00        0.00
rule_periodic_k4     0.01       10          -200.38            -200.38            -200.38          50.00        0.00
rule_periodic_k4     0.01       10          -200.50            -200.50            -200.50          50.00        0.00
rule_periodic_k4     0.02       10          -201.00            -201.00            -201.00          50.00        0.00
rule_periodic_k4     0.03       10          -201.50            -201.50            -201.50          50.00        0.00
rule_periodic_k4     0.05       10          -202.50            -202.50            -202.50          50.00        0.00
rule_periodic_k4     0.10       10          -205.00            -205.00            -205.00          50.00        0.00
rule_periodic_k4     0.20       10          -210.00            -210.00            -210.00          50.00        0.00
rule_periodic_k4     0.35       10          -217.50            -217.50            -217.50          50.00        0.00
rule_periodic_k4     0.66       10          -233.00            -233.00            -233.00          50.00        0.00
rule_periodic_k8     0.00       10          -200.00            -200.00            -200.00          25.00        0.00
rule_periodic_k8     0.00       10          -200.03            -200.03            -200.03          25.00        0.00
rule_periodic_k8     0.00       10          -200.05            -200.05            -200.05          25.00        0.00
rule_periodic_k8     0.00       10          -200.08            -200.08            -200.08          25.00        0.00
rule_periodic_k8     0.01       10          -200.12            -200.12            -200.12          25.00        0.00
rule_periodic_k8     0.01       10          -200.19            -200.19            -200.19          25.00        0.00
rule_periodic_k8     0.01       10          -200.25            -200.25            -200.25          25.00        0.00
rule_periodic_k8     0.02       10          -200.50            -200.50            -200.50          25.00        0.00
rule_periodic_k8     0.03       10          -200.75            -200.75            -200.75          25.00        0.00
rule_periodic_k8     0.05       10          -201.25            -201.25            -201.25          25.00        0.00
rule_periodic_k8     0.10       10          -202.50            -202.50            -202.50          25.00        0.00
rule_periodic_k8     0.20       10          -205.00            -205.00            -205.00          25.00        0.00
rule_periodic_k8     0.35       10          -208.75            -208.75            -208.75          25.00        0.00
rule_periodic_k8     0.66       10          -216.50            -216.50            -216.50          25.00        0.00
       rule_pump     0.00       10          -119.34            -119.57            -119.06         119.34        1.00
       rule_pump     0.00       10          -119.46            -119.69            -119.18         119.34        1.00
       rule_pump     0.00       10          -119.58            -119.81            -119.30         119.34        1.00
       rule_pump     0.00       10          -119.70            -119.93            -119.42         119.34        1.00
       rule_pump     0.01       10          -119.94            -120.17            -119.66         119.34        1.00
       rule_pump     0.01       10          -120.23            -120.47            -119.95         119.34        1.00
       rule_pump     0.01       10          -120.53            -120.77            -120.25         119.34        1.00
       rule_pump     0.02       10          -121.73            -121.96            -121.44         119.34        1.00
       rule_pump     0.03       10          -122.92            -123.16            -122.63         119.34        1.00
       rule_pump     0.05       10          -125.31            -125.55            -125.01         119.34        1.00
       rule_pump     0.10       10          -131.27            -131.53            -130.97         119.34        1.00
       rule_pump     0.20       10          -143.21            -143.49            -142.87         119.34        1.00
       rule_pump     0.35       10          -161.11            -161.42            -160.73         119.34        1.00
       rule_pump     0.66       10          -198.10            -198.49            -197.64         119.34        1.00
         temporl     0.00       10          -141.38            -159.39            -128.34         122.61        0.86
         temporl     0.00       10          -145.03            -170.80            -129.37         130.85        0.76
         temporl     0.00       10          -168.91            -195.45            -140.89         131.91        0.47
         temporl     0.00       10          -148.76            -174.22            -134.57         128.92        0.77
         temporl     0.01       10          -164.53            -194.10            -136.62         127.95        0.54
         temporl     0.01       10          -182.65            -200.08            -158.96         107.68        0.30
         temporl     0.01       10          -192.82            -200.33            -168.13          55.56        0.13
         temporl     0.02       10          -200.22            -200.89            -182.44          42.47        0.00
         temporl     0.03       10          -200.00            -201.00            -200.00           0.00        0.00
         temporl     0.05       10          -200.00            -201.67            -200.00           0.00        0.00
         temporl     0.10       10          -200.00            -200.00            -200.00           0.00        0.00
         temporl     0.20       10          -200.00            -200.00            -200.00           0.00        0.00
         temporl     0.35       10          -200.00            -200.00            -200.00           0.00        0.00
         temporl     0.66       10          -200.00            -200.00            -200.00           0.00        0.00
  λ* [dqn vs rule_pump] CI기준 0.0 / 점추정기준 0.0 — λ=0에서도 규칙을 못 이김 — 비용 때문이 아니라 학습 자체가 규칙보다 약함
  λ* [lazy vs rule_pump] CI기준 0.0 / 점추정기준 0.0 — λ=0에서도 규칙을 못 이김 — 비용 때문이 아니라 학습 자체가 규칙보다 약함
  λ* [temporl vs rule_pump] CI기준 0.0 / 점추정기준 0.0 — λ=0에서도 규칙을 못 이김 — 비용 때문이 아니라 학습 자체가 규칙보다 약함
  λ* [dqn vs rule_best] CI기준 0.0 / 점추정기준 0.0 — λ=0에서도 규칙을 못 이김 — 비용 때문이 아니라 학습 자체가 규칙보다 약함
  λ* [lazy vs rule_best] CI기준 0.0 / 점추정기준 0.0 — λ=0에서도 규칙을 못 이김 — 비용 때문이 아니라 학습 자체가 규칙보다 약함
  λ* [temporl vs rule_best] CI기준 0.0 / 점추정기준 0.0 — λ=0에서도 규칙을 못 이김 — 비용 때문이 아니라 학습 자체가 규칙보다 약함
  저장: results/aggregate/MountainCar-v0_iqm.csv, MountainCar-v0_lambda_star.json

===== MountainCar-v0@budget1M_epsconst =====
    agent      lam  n_seeds  cost_return_iqm  cost_return_ci_lo  cost_return_ci_hi  n_actions_iqm  solved_iqm
      dqn     0.00       10          -167.21            -191.78            -147.55         150.34        0.68
      dqn     0.00       10          -173.83            -200.13            -142.02         136.26        0.50
      dqn     0.00       10          -162.38            -190.21            -137.21         115.39        0.62
      dqn     0.01       10          -192.78            -200.44            -169.58          51.42        0.14
      dqn     0.03       10          -200.00            -200.33            -200.00           0.00        0.00
rule_best     0.00       10          -119.34            -119.57            -119.06         119.34        1.00
rule_best     0.00       10          -119.46            -119.69            -119.18         119.34        1.00
rule_best     0.00       10          -119.70            -119.93            -119.42         119.34        1.00
rule_best     0.01       10          -120.53            -120.77            -120.25         119.34        1.00
rule_best     0.03       10          -122.92            -123.16            -122.63         119.34        1.00
rule_noop     0.00       10          -200.00            -200.00            -200.00           0.00        0.00
rule_noop     0.00       10          -200.00            -200.00            -200.00           0.00        0.00
rule_noop     0.00       10          -200.00            -200.00            -200.00           0.00        0.00
rule_noop     0.01       10          -200.00            -200.00            -200.00           0.00        0.00
rule_noop     0.03       10          -200.00            -200.00            -200.00           0.00        0.00
rule_pump     0.00       10          -119.34            -119.57            -119.06         119.34        1.00
rule_pump     0.00       10          -119.46            -119.69            -119.18         119.34        1.00
rule_pump     0.00       10          -119.70            -119.93            -119.42         119.34        1.00
rule_pump     0.01       10          -120.53            -120.77            -120.25         119.34        1.00
rule_pump     0.03       10          -122.92            -123.16            -122.63         119.34        1.00
  λ* [dqn vs rule_pump] CI기준 0.0 / 점추정기준 0.0 — λ=0에서도 규칙을 못 이김 — 비용 때문이 아니라 학습 자체가 규칙보다 약함
  λ* [dqn vs rule_best] CI기준 0.0 / 점추정기준 0.0 — λ=0에서도 규칙을 못 이김 — 비용 때문이 아니라 학습 자체가 규칙보다 약함
  저장: results/aggregate/MountainCar-v0@budget1M_epsconst_iqm.csv, MountainCar-v0@budget1M_epsconst_lambda_star.json

===== MountainCar-v0@budget1M_epsdecay =====
agent      lam  n_seeds  cost_return_iqm  cost_return_ci_lo  cost_return_ci_hi  n_actions_iqm  solved_iqm
  dqn     0.00        5          -168.43            -200.00            -138.84         134.75        0.61
  저장: results/aggregate/MountainCar-v0@budget1M_epsdecay_iqm.csv, MountainCar-v0@budget1M_epsdecay_lambda_star.json

===== MountainCar-v0@budget1M_wide =====
agent      lam  n_seeds  cost_return_iqm  cost_return_ci_lo  cost_return_ci_hi  n_actions_iqm  solved_iqm
  dqn     0.00        5          -161.54            -200.00            -129.01         124.88        0.58
  저장: results/aggregate/MountainCar-v0@budget1M_wide_iqm.csv, MountainCar-v0@budget1M_wide_lambda_star.json

===== MountainCar-v0@switch =====
           agent      lam  n_seeds  cost_return_iqm  cost_return_ci_lo  cost_return_ci_hi  n_actions_iqm  solved_iqm
             dqn     0.00       10          -164.94            -181.42            -147.32           4.51        0.58
             dqn     2.00       10          -201.33            -202.00            -200.33           0.67        0.00
             dqn     5.00       10          -203.33            -205.00            -200.83           0.67        0.00
             dqn    10.00       10          -206.67            -210.00            -201.67           0.67        0.00
             dqn    18.00       10          -212.00            -218.00            -203.00           0.67        0.00
             dqn    26.00       10          -217.33            -226.00            -204.33           0.67        0.00
            lazy     0.00       10          -127.86            -151.59            -117.77           3.69        0.94
            lazy     2.00       10          -190.65            -201.67            -156.11           1.17        0.17
            lazy     5.00       10          -194.02            -204.17            -166.58           1.21        0.14
            lazy    10.00       10          -206.67            -219.37            -195.38           1.27        0.08
            lazy    18.00       10          -209.00            -222.95            -191.32           1.17        0.05
            lazy    26.00       10          -214.92            -240.22            -201.92           1.17        0.16
       rule_best     0.00       10          -119.34            -119.57            -119.06           3.00        1.00
       rule_best     2.00       10          -125.34            -125.57            -125.06           3.00        1.00
       rule_best     5.00       10          -134.34            -134.57            -134.06           3.00        1.00
       rule_best    10.00       10          -149.34            -149.57            -149.06           3.00        1.00
       rule_best    18.00       10          -173.34            -173.57            -173.06           3.00        1.00
       rule_best    26.00       10          -197.34            -197.57            -197.06           3.00        1.00
       rule_noop     0.00       10          -200.00            -200.00            -200.00           0.00        0.00
       rule_noop     2.00       10          -200.00            -200.00            -200.00           0.00        0.00
       rule_noop     5.00       10          -200.00            -200.00            -200.00           0.00        0.00
       rule_noop    10.00       10          -200.00            -200.00            -200.00           0.00        0.00
       rule_noop    18.00       10          -200.00            -200.00            -200.00           0.00        0.00
       rule_noop    26.00       10          -200.00            -200.00            -200.00           0.00        0.00
rule_periodic_k1     0.00       10          -200.00            -200.00            -200.00           1.00        0.00
rule_periodic_k1     2.00       10          -202.00            -202.00            -202.00           1.00        0.00
rule_periodic_k1     5.00       10          -205.00            -205.00            -205.00           1.00        0.00
rule_periodic_k1    10.00       10          -210.00            -210.00            -210.00           1.00        0.00
rule_periodic_k1    18.00       10          -218.00            -218.00            -218.00           1.00        0.00
rule_periodic_k1    26.00       10          -226.00            -226.00            -226.00           1.00        0.00
rule_periodic_k4     0.00       10          -200.00            -200.00            -200.00         100.00        0.00
rule_periodic_k4     2.00       10          -400.00            -400.00            -400.00         100.00        0.00
rule_periodic_k4     5.00       10          -700.00            -700.00            -700.00         100.00        0.00
rule_periodic_k4    10.00       10         -1200.00           -1200.00           -1200.00         100.00        0.00
rule_periodic_k4    18.00       10         -2000.00           -2000.00           -2000.00         100.00        0.00
rule_periodic_k4    26.00       10         -2800.00           -2800.00           -2800.00         100.00        0.00
       rule_pump     0.00       10          -119.34            -119.57            -119.06           3.00        1.00
       rule_pump     2.00       10          -125.34            -125.57            -125.06           3.00        1.00
       rule_pump     5.00       10          -134.34            -134.57            -134.06           3.00        1.00
       rule_pump    10.00       10          -149.34            -149.57            -149.06           3.00        1.00
       rule_pump    18.00       10          -173.34            -173.57            -173.06           3.00        1.00
       rule_pump    26.00       10          -197.34            -197.57            -197.06           3.00        1.00
         temporl     0.00       10          -141.38            -159.39            -128.34           4.08        0.86
         temporl     2.00       10          -143.01            -161.53            -131.90           4.46        0.94
         temporl     5.00       10          -159.38            -176.83            -147.69           4.30        0.86
         temporl    10.00       10          -175.25            -202.01            -165.74           4.20        0.91
         temporl    18.00       10          -223.97            -265.21            -192.74           3.81        0.73
         temporl    26.00       10          -271.41            -459.12            -245.09           4.39        0.71
  λ* [dqn vs rule_pump] CI기준 0.0 / 점추정기준 0.0 — λ=0에서도 규칙을 못 이김 — 비용 때문이 아니라 학습 자체가 규칙보다 약함
  λ* [lazy vs rule_pump] CI기준 0.0 / 점추정기준 0.0 — λ=0에서도 규칙을 못 이김 — 비용 때문이 아니라 학습 자체가 규칙보다 약함
  λ* [temporl vs rule_pump] CI기준 0.0 / 점추정기준 0.0 — λ=0에서도 규칙을 못 이김 — 비용 때문이 아니라 학습 자체가 규칙보다 약함
  λ* [dqn vs rule_best] CI기준 0.0 / 점추정기준 0.0 — λ=0에서도 규칙을 못 이김 — 비용 때문이 아니라 학습 자체가 규칙보다 약함
  λ* [lazy vs rule_best] CI기준 0.0 / 점추정기준 0.0 — λ=0에서도 규칙을 못 이김 — 비용 때문이 아니라 학습 자체가 규칙보다 약함
  λ* [temporl vs rule_best] CI기준 0.0 / 점추정기준 0.0 — λ=0에서도 규칙을 못 이김 — 비용 때문이 아니라 학습 자체가 규칙보다 약함
  저장: results/aggregate/MountainCar-v0@switch_iqm.csv, MountainCar-v0@switch_lambda_star.json

===== MountainCar-v0@warmup50 =====
           agent      lam  n_seeds  cost_return_iqm  cost_return_ci_lo  cost_return_ci_hi  n_actions_iqm  solved_iqm
             dqn     0.01       10          -140.84            -169.81            -125.70         118.78        0.86
             dqn     0.02       10          -157.56            -185.26            -132.70         110.28        0.74
             dqn     0.05       10          -156.87            -183.94            -137.18          96.11        0.66
            lazy     0.01       10          -129.20            -147.63            -121.61         119.66        0.96
            lazy     0.02       10          -125.60            -151.96            -119.45         119.71        0.98
            lazy     0.05       10          -139.55            -158.59            -125.04         120.84        0.93
       rule_best     0.01       10          -120.53            -120.77            -120.25         119.34        1.00
       rule_best     0.02       10          -121.73            -121.96            -121.44         119.34        1.00
       rule_best     0.05       10          -125.31            -125.55            -125.01         119.34        1.00
       rule_noop     0.01       10          -200.00            -200.00            -200.00           0.00        0.00
       rule_noop     0.02       10          -200.00            -200.00            -200.00           0.00        0.00
       rule_noop     0.05       10          -200.00            -200.00            -200.00           0.00        0.00
rule_periodic_k1     0.01       10          -202.00            -202.00            -202.00         200.00        0.00
rule_periodic_k1     0.02       10          -204.00            -204.00            -204.00         200.00        0.00
rule_periodic_k1     0.05       10          -210.00            -210.00            -210.00         200.00        0.00
rule_periodic_k2     0.01       10          -201.00            -201.00            -201.00         100.00        0.00
rule_periodic_k2     0.02       10          -202.00            -202.00            -202.00         100.00        0.00
rule_periodic_k2     0.05       10          -205.00            -205.00            -205.00         100.00        0.00
rule_periodic_k4     0.01       10          -200.50            -200.50            -200.50          50.00        0.00
rule_periodic_k4     0.02       10          -201.00            -201.00            -201.00          50.00        0.00
rule_periodic_k4     0.05       10          -202.50            -202.50            -202.50          50.00        0.00
rule_periodic_k8     0.01       10          -200.25            -200.25            -200.25          25.00        0.00
rule_periodic_k8     0.02       10          -200.50            -200.50            -200.50          25.00        0.00
rule_periodic_k8     0.05       10          -201.25            -201.25            -201.25          25.00        0.00
       rule_pump     0.01       10          -120.53            -120.77            -120.25         119.34        1.00
       rule_pump     0.02       10          -121.73            -121.96            -121.44         119.34        1.00
       rule_pump     0.05       10          -125.31            -125.55            -125.01         119.34        1.00
         temporl     0.01       10          -152.31            -177.02            -137.39         128.36        0.72
         temporl     0.02       10          -163.83            -189.27            -141.47         113.39        0.60
         temporl     0.05       10          -170.65            -191.55            -151.76         122.68        0.55
  λ* [dqn vs rule_pump] CI기준 0.01 / 점추정기준 0.01 — 격자 안에서 교차 지점 발견
  λ* [lazy vs rule_pump] CI기준 0.01 / 점추정기준 0.01 — 격자 안에서 교차 지점 발견
  λ* [temporl vs rule_pump] CI기준 0.01 / 점추정기준 0.01 — 격자 안에서 교차 지점 발견
  λ* [dqn vs rule_best] CI기준 0.01 / 점추정기준 0.01 — 격자 안에서 교차 지점 발견
  λ* [lazy vs rule_best] CI기준 0.01 / 점추정기준 0.01 — 격자 안에서 교차 지점 발견
  λ* [temporl vs rule_best] CI기준 0.01 / 점추정기준 0.01 — 격자 안에서 교차 지점 발견
  저장: results/aggregate/MountainCar-v0@warmup50_iqm.csv, MountainCar-v0@warmup50_lambda_star.json
  → 완료 · 717초

==========================================================================
[2/10 인과 비교] 
==========================================================================
========================================================================================================
인과 실험 — 비용을 처음부터 물릴 때 vs 절반 뒤에 켤 때 (MountainCar-v0, 같은 예산·시드)
========================================================================================================
      λ 계열         조건             시드    r′ IQM               95% CI        행동    도달률 판정                                    
   0.01 표준 DQN     처음부터 비용        10    -197.5     [-200.1, -181.2]      33.5     3%                                       
   0.01 표준 DQN     절반 뒤 비용        10    -140.8     [-169.8, -125.7]     118.8    86% 탐험 실패 (워밍업 쪽이 도달률도 점수도 높다)            
   0.01 TempoRL    처음부터 비용        10    -192.8     [-200.3, -168.1]      55.6    13%                                       
   0.01 TempoRL    절반 뒤 비용        10    -152.3     [-177.0, -137.4]     128.4    72% 차이 불확실 (신뢰구간이 겹친다)                    
   0.01 Lazy-MDP   처음부터 비용        10    -155.8     [-174.6, -133.2]     122.8    64%                                       
   0.01 Lazy-MDP   절반 뒤 비용        10    -129.2     [-147.6, -121.6]     119.7    96% 차이 불확실 (신뢰구간이 겹친다)                    
   0.02 표준 DQN     처음부터 비용        10    -200.4     [-201.2, -200.0]      21.8     0%                                       
   0.02 표준 DQN     절반 뒤 비용        10    -157.6     [-185.3, -132.7]     110.3    74% 탐험 실패 (워밍업 쪽이 도달률도 점수도 높다)            
   0.02 TempoRL    처음부터 비용        10    -200.2     [-200.9, -182.4]      42.5     0%                                       
   0.02 TempoRL    절반 뒤 비용        10    -163.8     [-189.3, -141.5]     113.4    60% 차이 불확실 (신뢰구간이 겹친다)                    
   0.02 Lazy-MDP   처음부터 비용        10    -159.1     [-189.3, -129.2]     105.2    59%                                       
   0.02 Lazy-MDP   절반 뒤 비용        10    -125.6     [-152.0, -119.5]     119.7    98% 차이 불확실 (신뢰구간이 겹친다)                    
   0.05 표준 DQN     처음부터 비용        10    -200.0     [-200.6, -200.0]       0.0     0%                                       
   0.05 표준 DQN     절반 뒤 비용        10    -156.9     [-183.9, -137.2]      96.1    66% 탐험 실패 (워밍업 쪽이 도달률도 점수도 높다)            
   0.05 TempoRL    처음부터 비용        10    -200.0     [-201.7, -200.0]       0.0     0%                                       
   0.05 TempoRL    절반 뒤 비용        10    -170.6     [-191.5, -151.8]     122.7    55% 탐험 실패 (워밍업 쪽이 도달률도 점수도 높다)            
   0.05 Lazy-MDP   처음부터 비용        10    -187.2     [-200.0, -157.9]      43.1    22%                                       
   0.05 Lazy-MDP   절반 뒤 비용        10    -139.6     [-158.6, -125.0]     120.8    93% 탐험 실패 (워밍업 쪽이 목표에 더 자주 닿는다)           
========================================================================================================
요약: 비교 9건 중 '탐험 실패' 5건 · '무행동이 최적해' 0건 · 나머지 4건은 판정 보류(신뢰구간 겹침)
저장: results\aggregate\causal_warmup.json
  → 완료 · 24초

==========================================================================
[3/10 작업용 그림] --env all
==========================================================================
[LunarLander-v3] 그림 생성
  저장: results\figures\LunarLander-v3_lambda_map_cost_return.png
  저장: results\figures\LunarLander-v3_lambda_map_raw_return.png
  저장: results\figures\LunarLander-v3_action_map.png
  저장: results\figures\LunarLander-v3_learning_curves.png
[LunarLander-v3@budget1M] 그림 생성
  저장: results\figures\LunarLander-v3@budget1M_lambda_map_cost_return.png
  저장: results\figures\LunarLander-v3@budget1M_lambda_map_raw_return.png
  저장: results\figures\LunarLander-v3@budget1M_action_map.png
  저장: results\figures\LunarLander-v3@budget1M_learning_curves.png
[LunarLander-v3@tunedbase] 그림 생성
  저장: results\figures\LunarLander-v3@tunedbase_lambda_map_cost_return.png
  저장: results\figures\LunarLander-v3@tunedbase_lambda_map_raw_return.png
  저장: results\figures\LunarLander-v3@tunedbase_action_map.png
  저장: results\figures\LunarLander-v3@tunedbase_learning_curves.png
[MinAtar_Freeway-v1] 그림 생성
  저장: results\figures\MinAtar_Freeway-v1_lambda_map_cost_return.png
  저장: results\figures\MinAtar_Freeway-v1_lambda_map_raw_return.png
  저장: results\figures\MinAtar_Freeway-v1_action_map.png
  저장: results\figures\MinAtar_Freeway-v1_learning_curves.png
[MinAtar_Freeway-v1@budget1M] 그림 생성
  저장: results\figures\MinAtar_Freeway-v1@budget1M_lambda_map_cost_return.png
  저장: results\figures\MinAtar_Freeway-v1@budget1M_lambda_map_raw_return.png
  저장: results\figures\MinAtar_Freeway-v1@budget1M_action_map.png
  저장: results\figures\MinAtar_Freeway-v1@budget1M_learning_curves.png
[MountainCar-v0] 그림 생성
  저장: results\figures\MountainCar-v0_lambda_map_cost_return.png
  저장: results\figures\MountainCar-v0_lambda_map_raw_return.png
  저장: results\figures\MountainCar-v0_action_map.png
  저장: results\figures\MountainCar-v0_learning_curves.png
[MountainCar-v0@budget1M_epsconst] 그림 생성
  저장: results\figures\MountainCar-v0@budget1M_epsconst_lambda_map_cost_return.png
  저장: results\figures\MountainCar-v0@budget1M_epsconst_lambda_map_raw_return.png
  저장: results\figures\MountainCar-v0@budget1M_epsconst_action_map.png
  저장: results\figures\MountainCar-v0@budget1M_epsconst_learning_curves.png
[MountainCar-v0@budget1M_epsdecay] 그림 생성
  저장: results\figures\MountainCar-v0@budget1M_epsdecay_lambda_map_cost_return.png
  저장: results\figures\MountainCar-v0@budget1M_epsdecay_lambda_map_raw_return.png
  저장: results\figures\MountainCar-v0@budget1M_epsdecay_action_map.png
  저장: results\figures\MountainCar-v0@budget1M_epsdecay_learning_curves.png
[MountainCar-v0@budget1M_wide] 그림 생성
  저장: results\figures\MountainCar-v0@budget1M_wide_lambda_map_cost_return.png
  저장: results\figures\MountainCar-v0@budget1M_wide_lambda_map_raw_return.png
  저장: results\figures\MountainCar-v0@budget1M_wide_action_map.png
  저장: results\figures\MountainCar-v0@budget1M_wide_learning_curves.png
[MountainCar-v0@switch] 그림 생성
  저장: results\figures\MountainCar-v0@switch_lambda_map_cost_return.png
  저장: results\figures\MountainCar-v0@switch_lambda_map_raw_return.png
  저장: results\figures\MountainCar-v0@switch_action_map.png
  저장: results\figures\MountainCar-v0@switch_learning_curves.png
[MountainCar-v0@warmup50] 그림 생성
  저장: results\figures\MountainCar-v0@warmup50_lambda_map_cost_return.png
  저장: results\figures\MountainCar-v0@warmup50_lambda_map_raw_return.png
  저장: results\figures\MountainCar-v0@warmup50_action_map.png
  저장: results\figures\MountainCar-v0@warmup50_learning_curves.png
  → 완료 · 30초

==========================================================================
[4/10 논문용 그림] 
==========================================================================
  저장: results\figures\paper\fig1_method.png
  저장: results\figures\paper\fig2_lambda_map_MountainCar-v0.png
  저장: results\figures\paper\fig3_lambda_map_LunarLander-v3.png
  저장: results\figures\paper\fig4_collapse_MountainCar-v0.png
  저장: results\figures\paper\fig_causal_warmup_vs_from_start.png
  저장: results\figures\paper\fig_tradeoff_actions_vs_return.png
  저장: results\figures\paper\fig_fair_fairness_curves_MountainCar-v0.png
  저장: results\figures\paper\fig_minatar_lambda_map_MinAtar_Freeway-v1.png
  캡션: results\figures\paper\captions.json
  → 완료 · 8초

==========================================================================
[5/10 Ⅳ장 원고] 
==========================================================================
Ⅳ장 생성: paper\04_결과.md
  → 완료 · 2초

==========================================================================
[6/10 논문 조립] 
==========================================================================
졸업논문 .docx 조립 시작
  자동 생성 표: tab1, tab2, tab3
  국문요약 408자 (500자 이내 — 통과)
  저장: 졸업논문_초안v1.docx | 문단 357 · 표 15(번호 15) · 그림 8(번호 8)
  → 완료 · 4초

==========================================================================
[7/10 미리보기] 
==========================================================================
미리보기 저장: results\reports\논문_미리보기.html (그림 8 · 표 15 · 변환 경고 0건)
  → 완료 · 2초

==========================================================================
[8/10 원고 점검] 
==========================================================================
==============================================================================
원고 일관성 점검 — 사람이 판단할 목록 (자동 수정하지 않는다)
==============================================================================

[00_초록.md]
     3행 (본인 확인 표시) > **[본인 확인 필요]** 이 요약은 본인의 목소리로 쓰여야 하는 부분입니다. 초안이므로 문장·강조점을
        └ 제출 전 본인이 채워야 하는 자리

[01_서론.md]
    54행 (확정 어투) 덜 된 탓 아닌가"라는 당연한 반론을 정면으로 확인했다. 비용이 아예 없는 λ=0 조건에서
        └ 실제로 확인한 범위를 넘지 않는지 볼 것
    58행 (확정 어투) 있는지 확인했다. 한 환경에서 실제로 더 나은 계수가 나왔고, 그 결과 그 환경의 λ\*가 바뀌었다.
        └ 실제로 확인한 범위를 넘지 않는지 볼 것

[03_방법.md]
    47행 (환경 수 표현) no-op은 0번, 시간제한 1000스텝이다. **규칙 품질** 축에서는 앞의 두 환경 사이지만
        └ 환경이 셋이 되면 낡는다 — 개수를 세는 표현은 확인할 것
   246행 (확정 어투) - **재현성을 주장하지 않고 확인했다.** 이미 끝난 조건 하나(MountainCar / 표준 DQN / λ=0 / 시드 5)를
        └ 실제로 확인한 범위를 넘지 않는지 볼 것

[04_결과.md]
   143행 (환경 수 표현) ## 5. 무엇이 두 환경을 갈랐나
        └ 환경이 셋이 되면 낡는다 — 개수를 세는 표현은 확인할 것
   147행 (환경 수 표현) 앞의 두 환경이 갈린 이유를 여기서 본다. MountainCar에서는 비용이 조금만 붙어도 세 계열 모두 행동을 멈추고 그 상태로 굳는다. λ를 0 부근에서 촘촘히 훑어 그 문턱이
        └ 환경이 셋이 되면 낡는다 — 개수를 세는 표현은 확인할 것
   216행 (환경 수 표현) **두 축이 갈린다는 것이 오히려 좋은 시험이 된다.** λ\*가 규칙 품질을 따라간다면 여기서 두 환경 사이 값이 나와야 하고, 보상 조밀도를 따라간다면 MountainCar처럼
        └ 환경이 셋이 되면 낡는다 — 개수를 세는 표현은 확인할 것
   219행 (환경 수 표현) **규칙 품질** 축에서 앞의 두 환경 사이에 있는 세 번째 경우다. 손으로 짠 신중 규칙이 쓸 만하지만(무행동 0.0점, 매 스텝 주기 9.9점 대비 16.9점) 최적과는 거리가
        └ 환경이 셋이 되면 낡는다 — 개수를 세는 표현은 확인할 것
   219행 (환경 수 표현) **규칙 품질** 축에서 앞의 두 환경 사이에 있는 세 번째 경우다. 손으로 짠 신중 규칙이 쓸 만하지만(무행동 0.0점, 매 스텝 주기 9.9점 대비 16.9점) 최적과는 거리가
        └ 환경이 셋이 되면 낡는다 — 개수를 세는 표현은 확인할 것
   258행 (환경 수 표현) MinAtar에서 λ\*는 세 계열 모두 **0**이다 — 두 환경 사이가 아니라 MountainCar와 **같은 값**이다. 이 환경은 규칙 품질 축에서 가운데였으므로, λ\*가
        └ 환경이 셋이 되면 낡는다 — 개수를 세는 표현은 확인할 것
   294행 (확정 어투) "학습이 단순 규칙을 이긴다"는 주장은 그 규칙을 얼마나 잘 만들었는지에 달려 있다. 환경마다 기준 규칙의 계수를 격자로 훑어 더 나은 것이 있는지 확인했다. 튜닝은 평가에 쓰지 
        └ 실제로 확인한 범위를 넘지 않는지 볼 것

[05_결론.md]
     8행 (기여 개수) 네 계열을 같은 환경 스텝 예산과 같은 평가 방식으로 비교했다. 얻은 것은 다섯 가지다.
        └ 항목을 늘리면 개수 표현이 낡는다
    22행 (환경 수 표현) **그 차이를 만드는 것이 '좋은 규칙의 존재'인지 '보상 조밀도'인지는 두 환경만으로는 가릴 수 없었다.**
        └ 환경이 셋이 되면 낡는다 — 개수를 세는 표현은 확인할 것
    64행 (확정 어투) **다섯째, 이 결과에 대한 가장 당연한 반론을 먼저 확인했다.** "규칙에 진 것은 비용 때문이 아니라 학습이
        └ 실제로 확인한 범위를 넘지 않는지 볼 것

[make_thesis_docx.py]
    31행 (본인 확인 표시) AUTHOR_LINE = "○○학과 20○○○○○○ 전혜성   [본인 확인 필요 — 학과·학번을 채울 것]"
        └ 제출 전 본인이 채워야 하는 자리

확인할 곳 16군데

절이 문장 없이 시작하지 않는가
  [맞음] 모든 절이 문장이나 목록으로 시작한다

참고문헌 번호가 인용 순서와 맞는가
  [맞음] 본문에 나오는 순서가 [1, 2, 3] 로 번호와 일치한다

영문 제목이 '첫 자만 대문자' 규칙을 지키는가
  [맞음] 영문 제목 20개 모두 규칙을 지킨다

검사 도구 자체가 성한가 (소스에 제어문자)
  [맞음] 검사 대상 소스에 제어문자가 없다

손으로 옮겨 적은 표가 집계와 맞는가
  [맞음] Ⅴ장 전환비용 표의 숫자 15개가 집계와 일치한다

'첫째·둘째…'가 순서대로 나오는가
  [맞음] 차례를 세는 표현이 모두 순서대로 나온다

그림 제목은 아래, 표 제목은 위에 있는가 (.docx 확인)
  [맞음] 그림 8개는 제목이 아래, 표 15개는 제목이 위에 있다

본문이 그림·표 번호를 손으로 적고 있지 않은가
  [맞음] 번호를 손으로 적은 곳이 없다 (전부 FIGREF/TABREF로 자동 부여)

목록 항목이 쪼개지지 않았는가 (원본과 .docx 대조)
  [맞음] 이어짐 줄 66개가 모두 앞 항목에 합쳐져 있다

논문이 적은 설정이 실제 config와 같은가
  [맞음] 논문이 적은 설정 7가지가 본실험 config 3개와 모두 같다
  같은 환경 안에서 세 계열의 초매개변수가 완전히 동일하다
  환경에 따라 다른 값은 논문이 예외로 밝혀 두었다

같은 문장이 두 번 들어가 있지 않은가 (사람이 쓴 장)
  [맞음] 사람이 쓴 장에 그대로 반복된 문장이 없다

제출물(.docx) 안에 그림이 온전히 들어갔는가
  [맞음] 그림 8개가 모두 온전하다 (패키지 안 그림 파일 8개, 깨진 참조 0건)

절 참조가 맞는가
  [맞음] 원고가 가리키는 절 번호가 모두 실제로 있다 (절 36개 확인)

지시받은 그림·표 배치와 맞는가
  [맞음] 표 1. 임계 비용 λ* — 학습이 고정 규칙을 더 이상 이기지 못하는 지점 Table 1.
  [맞음] 표 2. 실험 설정 요약 Table 2. Summary of the experimental 
  [맞음] 그림 1. 행동 비용 래퍼와 비교 4계열의 구조 Fig. 1. Structure of the 
  [맞음] 그림 2. λ-성능 지도 — MountainCar-v0 (보상이 희소한 환경) Fig. 2. 
  [맞음] 그림 3. λ-성능 지도 — LunarLander-v3 (보상이 조밀한 환경) Fig. 3. 
  [맞음] 그림 4. 무행동 붕괴는 두 단계로 일어난다 — 성능이 먼저 무너지고, 행동은 나중에 줄어든다

현재 집계 기준 λ* (최강 규칙 포락선 대비) — 원고 수치와 대조할 것
  LunarLander-v3@budget1M: dqn: CI 0.0 / 점추정 0.0, lazy: CI 0.0 / 점추정 None, temporl: CI 0.0 / 점추정 0.0
  LunarLander-v3@tunedbase: lazy: CI 0.0 / 점추정 1.0
  LunarLander-v3: dqn: CI 0.1 / 점추정 1.0, lazy: CI 0.6 / 점추정 2.0, temporl: CI 0.0 / 점추정 0.0
  MinAtar_Freeway-v1@budget1M: dqn: CI 0.0 / 점추정 0.0, lazy: CI 0.0 / 점추정 0.0, temporl: CI 0.0 / 점추정 0.0
  MinAtar_Freeway-v1: dqn: CI 0.0 / 점추정 0.0, lazy: CI 0.0 / 점추정 0.0, temporl: CI 0.0 / 점추정 0.0
  MountainCar-v0@budget1M_epsconst: dqn: CI 0.0 / 점추정 0.0
  MountainCar-v0@budget1M_epsdecay: 
  MountainCar-v0@budget1M_wide: 
  MountainCar-v0@switch: dqn: CI 0.0 / 점추정 0.0, lazy: CI 0.0 / 점추정 0.0, temporl: CI 0.0 / 점추정 0.0
  MountainCar-v0@warmup50: dqn: CI 0.01 / 점추정 0.01, lazy: CI 0.01 / 점추정 0.01, temporl: CI 0.01 / 점추정 0.01
  MountainCar-v0: dqn: CI 0.0 / 점추정 0.0, lazy: CI 0.0 / 점추정 0.0, temporl: CI 0.0 / 점추정 0.0
==============================================================================
  → 완료 · 4초

==========================================================================
[9/10 README 갱신] 
==========================================================================
README 결과 절 갱신 (2510자)
  → 완료 · 1초

==========================================================================
[10/10 HTML 보고서] 
==========================================================================
보고서 저장: results\reports\2026-08-31_본실험보고서.html
  → 완료 · 7초

==========================================================================
마감 처리 요약 · 총 13.3분
  ✔ 1/10 집계
  ✔ 2/10 인과 비교
  ✔ 3/10 작업용 그림
  ✔ 4/10 논문용 그림
  ✔ 5/10 Ⅳ장 원고
  ✔ 6/10 논문 조립
  ✔ 7/10 미리보기
  ✔ 8/10 원고 점검
  ✔ 9/10 README 갱신
  ✔ 10/10 HTML 보고서
==========================================================================
