  저장: results\figures\LunarLander-v3_learning_curves.png
  저장: results\figures\MinAtar_Freeway-v1_lambda_map_cost_return.png
  저장: results\figures\MinAtar_Freeway-v1_lambda_map_raw_return.png
  저장: results\figures\MinAtar_Freeway-v1_action_map.png
  저장: results\figures\MountainCar-v0_lambda_map_cost_return.png
  저장: results\figures\MountainCar-v0_lambda_map_raw_return.png
  저장: results\figures\MountainCar-v0_action_map.png
  저장: results\figures\MountainCar-v0_learning_curves.png
  저장: results\figures\MountainCar-v0@budget1M_epsconst_lambda_map_cost_return.png
  저장: results\figures\MountainCar-v0@budget1M_epsconst_lambda_map_raw_return.png
  저장: results\figures\MountainCar-v0@budget1M_epsconst_action_map.png
  저장: results\figures\MountainCar-v0@budget1M_epsconst_learning_curves.png
  저장: results\figures\MountainCar-v0@budget1M_epsdecay_lambda_map_cost_return.png
  저장: results\figures\MountainCar-v0@budget1M_epsdecay_lambda_map_raw_return.png
  저장: results\figures\MountainCar-v0@budget1M_epsdecay_action_map.png
  저장: results\figures\MountainCar-v0@budget1M_epsdecay_learning_curves.png
  저장: results\figures\MountainCar-v0@budget1M_wide_lambda_map_cost_return.png
  저장: results\figures\MountainCar-v0@budget1M_wide_lambda_map_raw_return.png
  저장: results\figures\MountainCar-v0@budget1M_wide_action_map.png
  저장: results\figures\MountainCar-v0@budget1M_wide_learning_curves.png
  저장: results\figures\paper\fig1_method.png
  저장: results\figures\paper\fig2_lambda_map_MountainCar-v0.png
  저장: results\figures\paper\fig3_lambda_map_LunarLander-v3.png
  저장: results\figures\paper\fig4_collapse_MountainCar-v0.png
  캡션: results\figures\paper\captions.json
Ⅳ장 생성: paper\04_결과.md
졸업논문 .docx 조립 시작
  자동 생성 표: tab1, tab2, tab3
  국문요약 411자 (500자 이내 — 통과)
  저장: 졸업논문_초안v1.docx | 문단 222 · 표 7(번호 7) · 그림 4(번호 4)
미리보기 저장: results\reports\논문_미리보기.html (그림 4 · 표 7 · 변환 경고 0건)
보고서 저장: results\reports\2026-08-29_본실험보고서.html
