[재분배] LunarLander 본실험 종료를 기다린다
[재분배] LunarLander 종료 확인 11:20:06
[재분배] MountainCar 러너(pid 9000)를 멈추고 워커 10개로 다시 띄운다
[러너] main_mountaincar | 총 270조건 | 이미 완료 163 | 동시 10개
  ▶ 시작 MountainCar-v0/dqn/lam0.01/seed6 (시도 1)
  ▶ 시작 MountainCar-v0/dqn/lam0.02/seed6 (시도 1)
  ▶ 시작 MountainCar-v0/dqn/lam0.03/seed6 (시도 1)
  ▶ 시작 MountainCar-v0/dqn/lam0.05/seed6 (시도 1)
  ▶ 시작 MountainCar-v0/dqn/lam0.1/seed6 (시도 1)
  ▶ 시작 MountainCar-v0/dqn/lam0.2/seed6 (시도 1)
  ▶ 시작 MountainCar-v0/dqn/lam0.35/seed6 (시도 1)
  ▶ 시작 MountainCar-v0/dqn/lam0.66/seed6 (시도 1)
  ▶ 시작 MountainCar-v0/temporl/lam0.0/seed6 (시도 1)
  ▶ 시작 MountainCar-v0/temporl/lam0.01/seed6 (시도 1)
  ✔ 완료 MountainCar-v0/dqn/lam0.01/seed6 (3.1분)
  ▶ 시작 MountainCar-v0/temporl/lam0.02/seed6 (시도 1)
  ✔ 완료 MountainCar-v0/dqn/lam0.02/seed6 (8.0분)
  ✔ 완료 MountainCar-v0/dqn/lam0.03/seed6 (8.0분)
  ▶ 시작 MountainCar-v0/temporl/lam0.03/seed6 (시도 1)
  ▶ 시작 MountainCar-v0/temporl/lam0.05/seed6 (시도 1)
  ✔ 완료 MountainCar-v0/dqn/lam0.05/seed6 (8.1분)
  ▶ 시작 MountainCar-v0/temporl/lam0.1/seed6 (시도 1)
  ✔ 완료 MountainCar-v0/dqn/lam0.1/seed6 (10.6분)
  ▶ 시작 MountainCar-v0/temporl/lam0.2/seed6 (시도 1)
  ✔ 완료 MountainCar-v0/dqn/lam0.2/seed6 (15.4분)
  ▶ 시작 MountainCar-v0/temporl/lam0.35/seed6 (시도 1)
  ✔ 완료 MountainCar-v0/dqn/lam0.35/seed6 (15.5분)
  ▶ 시작 MountainCar-v0/temporl/lam0.66/seed6 (시도 1)
  ✔ 완료 MountainCar-v0/dqn/lam0.66/seed6 (15.6분)
  ▶ 시작 MountainCar-v0/lazy/lam0.0/seed6 (시도 1)
  ✔ 완료 MountainCar-v0/temporl/lam0.0/seed6 (30.2분)
  ▶ 시작 MountainCar-v0/lazy/lam0.01/seed6 (시도 1)
  ✔ 완료 MountainCar-v0/temporl/lam0.01/seed6 (30.3분)
  ▶ 시작 MountainCar-v0/lazy/lam0.02/seed6 (시도 1)
  ✔ 완료 MountainCar-v0/lazy/lam0.0/seed6 (15.3분)
  ▶ 시작 MountainCar-v0/lazy/lam0.03/seed6 (시도 1)
  ✔ 완료 MountainCar-v0/temporl/lam0.02/seed6 (29.9분)
  ▶ 시작 MountainCar-v0/lazy/lam0.05/seed6 (시도 1)
  ✔ 완료 MountainCar-v0/temporl/lam0.05/seed6 (30.0분)
  ▶ 시작 MountainCar-v0/lazy/lam0.1/seed6 (시도 1)
  ✔ 완료 MountainCar-v0/temporl/lam0.03/seed6 (30.2분)
  ▶ 시작 MountainCar-v0/lazy/lam0.2/seed6 (시도 1)
  ✔ 완료 MountainCar-v0/temporl/lam0.1/seed6 (30.4분)
  ▶ 시작 MountainCar-v0/lazy/lam0.35/seed6 (시도 1)
  ✔ 완료 MountainCar-v0/temporl/lam0.2/seed6 (30.1분)
  ▶ 시작 MountainCar-v0/lazy/lam0.66/seed6 (시도 1)
  ✔ 완료 MountainCar-v0/temporl/lam0.66/seed6 (30.0분)
  ▶ 시작 MountainCar-v0/dqn/lam0.0/seed7 (시도 1)
  ✔ 완료 MountainCar-v0/lazy/lam0.01/seed6 (15.4분)
  ▶ 시작 MountainCar-v0/dqn/lam0.01/seed7 (시도 1)
  ✔ 완료 MountainCar-v0/lazy/lam0.02/seed6 (15.4분)
  ▶ 시작 MountainCar-v0/dqn/lam0.02/seed7 (시도 1)
  ✔ 완료 MountainCar-v0/temporl/lam0.35/seed6 (30.6분)
  ▶ 시작 MountainCar-v0/dqn/lam0.03/seed7 (시도 1)
  ✔ 완료 MountainCar-v0/lazy/lam0.03/seed6 (15.4분)
  ▶ 시작 MountainCar-v0/dqn/lam0.05/seed7 (시도 1)
  ✔ 완료 MountainCar-v0/lazy/lam0.05/seed6 (15.5분)
  ▶ 시작 MountainCar-v0/dqn/lam0.1/seed7 (시도 1)
  ✔ 완료 MountainCar-v0/lazy/lam0.1/seed6 (15.3분)
  ▶ 시작 MountainCar-v0/dqn/lam0.2/seed7 (시도 1)
  ✔ 완료 MountainCar-v0/lazy/lam0.35/seed6 (15.2분)
  ▶ 시작 MountainCar-v0/dqn/lam0.35/seed7 (시도 1)
  ✔ 완료 MountainCar-v0/lazy/lam0.2/seed6 (15.5분)
  ▶ 시작 MountainCar-v0/dqn/lam0.66/seed7 (시도 1)
  ✔ 완료 MountainCar-v0/lazy/lam0.66/seed6 (15.3분)
  ▶ 시작 MountainCar-v0/temporl/lam0.0/seed7 (시도 1)
  ✔ 완료 MountainCar-v0/dqn/lam0.01/seed7 (15.3분)
  ▶ 시작 MountainCar-v0/temporl/lam0.01/seed7 (시도 1)
  ✔ 완료 MountainCar-v0/dqn/lam0.02/seed7 (15.3분)
  ▶ 시작 MountainCar-v0/temporl/lam0.02/seed7 (시도 1)
  ✔ 완료 MountainCar-v0/dqn/lam0.0/seed7 (15.6분)
  ▶ 시작 MountainCar-v0/temporl/lam0.03/seed7 (시도 1)
  ✔ 완료 MountainCar-v0/dqn/lam0.03/seed7 (15.4분)
  ▶ 시작 MountainCar-v0/temporl/lam0.05/seed7 (시도 1)
  ✔ 완료 MountainCar-v0/dqn/lam0.05/seed7 (15.4분)
  ▶ 시작 MountainCar-v0/temporl/lam0.1/seed7 (시도 1)
  ✔ 완료 MountainCar-v0/dqn/lam0.1/seed7 (15.3분)
  ▶ 시작 MountainCar-v0/temporl/lam0.2/seed7 (시도 1)
  ✔ 완료 MountainCar-v0/dqn/lam0.2/seed7 (15.6분)
  ✔ 완료 MountainCar-v0/dqn/lam0.35/seed7 (15.2분)
  ▶ 시작 MountainCar-v0/temporl/lam0.35/seed7 (시도 1)
  ▶ 시작 MountainCar-v0/temporl/lam0.66/seed7 (시도 1)
  ✔ 완료 MountainCar-v0/dqn/lam0.66/seed7 (15.6분)
  ▶ 시작 MountainCar-v0/lazy/lam0.0/seed7 (시도 1)
  ✔ 완료 MountainCar-v0/lazy/lam0.0/seed7 (15.4분)
  ▶ 시작 MountainCar-v0/lazy/lam0.01/seed7 (시도 1)
  ✔ 완료 MountainCar-v0/temporl/lam0.0/seed7 (30.1분)
  ▶ 시작 MountainCar-v0/lazy/lam0.02/seed7 (시도 1)
  ✔ 완료 MountainCar-v0/temporl/lam0.01/seed7 (30.4분)
  ▶ 시작 MountainCar-v0/lazy/lam0.03/seed7 (시도 1)
  ✔ 완료 MountainCar-v0/temporl/lam0.03/seed7 (30.4분)
  ▶ 시작 MountainCar-v0/lazy/lam0.05/seed7 (시도 1)
  ✔ 완료 MountainCar-v0/temporl/lam0.02/seed7 (30.6분)
  ▶ 시작 MountainCar-v0/lazy/lam0.1/seed7 (시도 1)
  ✔ 완료 MountainCar-v0/temporl/lam0.05/seed7 (30.5분)
  ▶ 시작 MountainCar-v0/lazy/lam0.2/seed7 (시도 1)
  ✔ 완료 MountainCar-v0/temporl/lam0.1/seed7 (30.6분)
  ▶ 시작 MountainCar-v0/lazy/lam0.35/seed7 (시도 1)
  ✔ 완료 MountainCar-v0/temporl/lam0.2/seed7 (30.8분)
  ▶ 시작 MountainCar-v0/lazy/lam0.66/seed7 (시도 1)
  ✔ 완료 MountainCar-v0/temporl/lam0.35/seed7 (30.5분)
  ✔ 완료 MountainCar-v0/temporl/lam0.66/seed7 (30.5분)
  ▶ 시작 MountainCar-v0/dqn/lam0.0/seed8 (시도 1)
  ▶ 시작 MountainCar-v0/dqn/lam0.01/seed8 (시도 1)
  ✔ 완료 MountainCar-v0/lazy/lam0.01/seed7 (15.5분)
  ▶ 시작 MountainCar-v0/dqn/lam0.02/seed8 (시도 1)
  ✔ 완료 MountainCar-v0/lazy/lam0.02/seed7 (15.3분)
  ▶ 시작 MountainCar-v0/dqn/lam0.03/seed8 (시도 1)
  ✔ 완료 MountainCar-v0/lazy/lam0.03/seed7 (15.6분)
  ▶ 시작 MountainCar-v0/dqn/lam0.05/seed8 (시도 1)
  ✔ 완료 MountainCar-v0/lazy/lam0.1/seed7 (15.4분)
  ▶ 시작 MountainCar-v0/dqn/lam0.1/seed8 (시도 1)
  ✔ 완료 MountainCar-v0/lazy/lam0.05/seed7 (15.7분)
  ▶ 시작 MountainCar-v0/dqn/lam0.2/seed8 (시도 1)
  ✔ 완료 MountainCar-v0/lazy/lam0.2/seed7 (15.5분)
  ▶ 시작 MountainCar-v0/dqn/lam0.35/seed8 (시도 1)
  ✔ 완료 MountainCar-v0/lazy/lam0.35/seed7 (15.2분)
  ▶ 시작 MountainCar-v0/dqn/lam0.66/seed8 (시도 1)
  ✔ 완료 MountainCar-v0/lazy/lam0.66/seed7 (15.5분)
  ▶ 시작 MountainCar-v0/temporl/lam0.0/seed8 (시도 1)
  ✔ 완료 MountainCar-v0/dqn/lam0.01/seed8 (15.1분)
  ▶ 시작 MountainCar-v0/temporl/lam0.01/seed8 (시도 1)
  ✔ 완료 MountainCar-v0/dqn/lam0.0/seed8 (15.3분)
  ▶ 시작 MountainCar-v0/temporl/lam0.02/seed8 (시도 1)
  ✔ 완료 MountainCar-v0/dqn/lam0.02/seed8 (15.4분)
  ▶ 시작 MountainCar-v0/temporl/lam0.03/seed8 (시도 1)
  ✔ 완료 MountainCar-v0/dqn/lam0.03/seed8 (15.3분)
  ▶ 시작 MountainCar-v0/temporl/lam0.05/seed8 (시도 1)
  ✔ 완료 MountainCar-v0/dqn/lam0.05/seed8 (15.4분)
  ▶ 시작 MountainCar-v0/temporl/lam0.1/seed8 (시도 1)
  ✔ 완료 MountainCar-v0/dqn/lam0.1/seed8 (15.4분)
  ✔ 완료 MountainCar-v0/dqn/lam0.2/seed8 (15.3분)
  ▶ 시작 MountainCar-v0/temporl/lam0.2/seed8 (시도 1)
  ▶ 시작 MountainCar-v0/temporl/lam0.35/seed8 (시도 1)
  ✔ 완료 MountainCar-v0/dqn/lam0.35/seed8 (15.4분)
  ▶ 시작 MountainCar-v0/temporl/lam0.66/seed8 (시도 1)
  ✔ 완료 MountainCar-v0/dqn/lam0.66/seed8 (15.3분)
  ▶ 시작 MountainCar-v0/lazy/lam0.0/seed8 (시도 1)
  ✔ 완료 MountainCar-v0/lazy/lam0.0/seed8 (15.5분)
  ▶ 시작 MountainCar-v0/lazy/lam0.01/seed8 (시도 1)
  ✔ 완료 MountainCar-v0/temporl/lam0.0/seed8 (30.3분)
  ▶ 시작 MountainCar-v0/lazy/lam0.02/seed8 (시도 1)
  ✔ 완료 MountainCar-v0/temporl/lam0.01/seed8 (30.6분)
  ▶ 시작 MountainCar-v0/lazy/lam0.03/seed8 (시도 1)
  ✔ 완료 MountainCar-v0/temporl/lam0.02/seed8 (30.8분)
  ▶ 시작 MountainCar-v0/lazy/lam0.05/seed8 (시도 1)
  ✔ 완료 MountainCar-v0/temporl/lam0.03/seed8 (30.4분)
  ▶ 시작 MountainCar-v0/lazy/lam0.1/seed8 (시도 1)
  ✔ 완료 MountainCar-v0/temporl/lam0.05/seed8 (30.1분)
  ▶ 시작 MountainCar-v0/lazy/lam0.2/seed8 (시도 1)
  ✔ 완료 MountainCar-v0/temporl/lam0.2/seed8 (30.0분)
  ▶ 시작 MountainCar-v0/lazy/lam0.35/seed8 (시도 1)
  ✔ 완료 MountainCar-v0/temporl/lam0.1/seed8 (30.4분)
  ▶ 시작 MountainCar-v0/lazy/lam0.66/seed8 (시도 1)
  ✔ 완료 MountainCar-v0/temporl/lam0.35/seed8 (30.6분)
  ▶ 시작 MountainCar-v0/dqn/lam0.0/seed9 (시도 1)
  ✔ 완료 MountainCar-v0/temporl/lam0.66/seed8 (30.4분)
  ▶ 시작 MountainCar-v0/dqn/lam0.01/seed9 (시도 1)
  ✔ 완료 MountainCar-v0/lazy/lam0.01/seed8 (15.5분)
  ▶ 시작 MountainCar-v0/dqn/lam0.02/seed9 (시도 1)
  ✔ 완료 MountainCar-v0/lazy/lam0.02/seed8 (15.4분)
  ▶ 시작 MountainCar-v0/dqn/lam0.03/seed9 (시도 1)
  ✔ 완료 MountainCar-v0/lazy/lam0.03/seed8 (15.5분)
  ▶ 시작 MountainCar-v0/dqn/lam0.05/seed9 (시도 1)
  ✔ 완료 MountainCar-v0/lazy/lam0.05/seed8 (15.4분)
  ▶ 시작 MountainCar-v0/dqn/lam0.1/seed9 (시도 1)
  ✔ 완료 MountainCar-v0/lazy/lam0.1/seed8 (15.5분)
  ▶ 시작 MountainCar-v0/dqn/lam0.2/seed9 (시도 1)
  ✔ 완료 MountainCar-v0/lazy/lam0.2/seed8 (15.2분)
  ▶ 시작 MountainCar-v0/dqn/lam0.35/seed9 (시도 1)
  ✔ 완료 MountainCar-v0/lazy/lam0.35/seed8 (15.2분)
  ▶ 시작 MountainCar-v0/dqn/lam0.66/seed9 (시도 1)
  ✔ 완료 MountainCar-v0/lazy/lam0.66/seed8 (15.5분)
  ▶ 시작 MountainCar-v0/temporl/lam0.0/seed9 (시도 1)
  ✔ 완료 MountainCar-v0/dqn/lam0.0/seed9 (15.3분)
  ▶ 시작 MountainCar-v0/temporl/lam0.01/seed9 (시도 1)
  ✔ 완료 MountainCar-v0/dqn/lam0.01/seed9 (15.4분)
  ▶ 시작 MountainCar-v0/temporl/lam0.02/seed9 (시도 1)
  ✔ 완료 MountainCar-v0/dqn/lam0.02/seed9 (15.3분)
  ▶ 시작 MountainCar-v0/temporl/lam0.03/seed9 (시도 1)
  ✔ 완료 MountainCar-v0/dqn/lam0.03/seed9 (15.0분)
  ▶ 시작 MountainCar-v0/temporl/lam0.05/seed9 (시도 1)
  ✔ 완료 MountainCar-v0/dqn/lam0.05/seed9 (15.5분)
  ▶ 시작 MountainCar-v0/temporl/lam0.1/seed9 (시도 1)
  ✔ 완료 MountainCar-v0/dqn/lam0.1/seed9 (15.4분)
  ▶ 시작 MountainCar-v0/temporl/lam0.2/seed9 (시도 1)
  ✔ 완료 MountainCar-v0/dqn/lam0.2/seed9 (15.5분)
  ▶ 시작 MountainCar-v0/temporl/lam0.35/seed9 (시도 1)
  ✔ 완료 MountainCar-v0/dqn/lam0.35/seed9 (15.5분)
  ▶ 시작 MountainCar-v0/temporl/lam0.66/seed9 (시도 1)
  ✔ 완료 MountainCar-v0/dqn/lam0.66/seed9 (15.7분)
  ▶ 시작 MountainCar-v0/lazy/lam0.0/seed9 (시도 1)
  ✔ 완료 MountainCar-v0/temporl/lam0.0/seed9 (30.3분)
  ✔ 완료 MountainCar-v0/temporl/lam0.01/seed9 (30.0분)
  ▶ 시작 MountainCar-v0/lazy/lam0.01/seed9 (시도 1)
  ▶ 시작 MountainCar-v0/lazy/lam0.02/seed9 (시도 1)
  ✔ 완료 MountainCar-v0/temporl/lam0.02/seed9 (30.1분)
  ▶ 시작 MountainCar-v0/lazy/lam0.03/seed9 (시도 1)
  ✔ 완료 MountainCar-v0/lazy/lam0.0/seed9 (15.4분)
  ▶ 시작 MountainCar-v0/lazy/lam0.05/seed9 (시도 1)
  ✔ 완료 MountainCar-v0/temporl/lam0.03/seed9 (30.2분)
  ▶ 시작 MountainCar-v0/lazy/lam0.1/seed9 (시도 1)
  ✔ 완료 MountainCar-v0/temporl/lam0.05/seed9 (29.9분)
  ▶ 시작 MountainCar-v0/lazy/lam0.2/seed9 (시도 1)
  ✔ 완료 MountainCar-v0/temporl/lam0.1/seed9 (30.2분)
  ▶ 시작 MountainCar-v0/lazy/lam0.35/seed9 (시도 1)
  ✔ 완료 MountainCar-v0/temporl/lam0.2/seed9 (30.0분)
  ▶ 시작 MountainCar-v0/lazy/lam0.66/seed9 (시도 1)
  ✔ 완료 MountainCar-v0/temporl/lam0.35/seed9 (30.3분)
  ✔ 완료 MountainCar-v0/temporl/lam0.66/seed9 (30.3분)
  ✔ 완료 MountainCar-v0/lazy/lam0.01/seed9 (15.5분)
  ✔ 완료 MountainCar-v0/lazy/lam0.02/seed9 (15.7분)
  ✔ 완료 MountainCar-v0/lazy/lam0.03/seed9 (15.5분)
  ✔ 완료 MountainCar-v0/lazy/lam0.05/seed9 (15.7분)
  ✔ 완료 MountainCar-v0/lazy/lam0.1/seed9 (15.7분)
  ✔ 완료 MountainCar-v0/lazy/lam0.2/seed9 (15.9분)
  ✔ 완료 MountainCar-v0/lazy/lam0.66/seed9 (16.0분)
  ✔ 완료 MountainCar-v0/lazy/lam0.35/seed9 (16.2분)
[러너 종료] main_mountaincar | 완료 270/270 | 건너뜀 0 | 총 3.71시간
