===== 2026-08-29 02:40:16 중간 집계 =====
agent      lam  n_seeds  cost_return_iqm  cost_return_ci_lo  cost_return_ci_hi  n_actions_iqm  solved_iqm
  dqn     0.00        3          -161.54            -200.00            -135.76         129.47        0.58
  저장: results/aggregate/MountainCar-v0@budget1M_wide_iqm.csv, MountainCar-v0@budget1M_wide_lambda_star.json
  저장: results\figures\MountainCar-v0@budget1M_wide_lambda_map_raw_return.png
  저장: results\figures\MountainCar-v0@budget1M_wide_action_map.png
  저장: results\figures\MountainCar-v0@budget1M_wide_learning_curves.png
보고서 저장: results\reports\2026-08-29_본실험보고서.html
Ⅳ장 생성: paper\04_결과.md
===== 2026-08-29 03:42:54 중간 집계 =====
agent      lam  n_seeds  cost_return_iqm  cost_return_ci_lo  cost_return_ci_hi  n_actions_iqm  solved_iqm
  dqn     0.00        5          -161.54            -200.00            -132.38         124.88        0.58
  저장: results/aggregate/MountainCar-v0@budget1M_wide_iqm.csv, MountainCar-v0@budget1M_wide_lambda_star.json
  저장: results\figures\MountainCar-v0@budget1M_wide_lambda_map_raw_return.png
  저장: results\figures\MountainCar-v0@budget1M_wide_action_map.png
  저장: results\figures\MountainCar-v0@budget1M_wide_learning_curves.png
보고서 저장: results\reports\2026-08-29_본실험보고서.html
Ⅳ장 생성: paper\04_결과.md
===== 2026-08-29 04:46:05 중간 집계 =====
agent      lam  n_seeds  cost_return_iqm  cost_return_ci_lo  cost_return_ci_hi  n_actions_iqm  solved_iqm
  dqn     0.00        5          -161.54            -200.00            -132.38         124.88        0.58
  저장: results/aggregate/MountainCar-v0@budget1M_wide_iqm.csv, MountainCar-v0@budget1M_wide_lambda_star.json
  저장: results\figures\MountainCar-v0@budget1M_wide_lambda_map_raw_return.png
  저장: results\figures\MountainCar-v0@budget1M_wide_action_map.png
  저장: results\figures\MountainCar-v0@budget1M_wide_learning_curves.png
보고서 저장: results\reports\2026-08-29_본실험보고서.html
Ⅳ장 생성: paper\04_결과.md
===== 2026-08-29 05:49:16 중간 집계 =====
agent      lam  n_seeds  cost_return_iqm  cost_return_ci_lo  cost_return_ci_hi  n_actions_iqm  solved_iqm
  dqn     0.00        5          -161.54            -200.00            -132.38         124.88        0.58
  저장: results/aggregate/MountainCar-v0@budget1M_wide_iqm.csv, MountainCar-v0@budget1M_wide_lambda_star.json
  저장: results\figures\MountainCar-v0@budget1M_wide_lambda_map_raw_return.png
  저장: results\figures\MountainCar-v0@budget1M_wide_action_map.png
  저장: results\figures\MountainCar-v0@budget1M_wide_learning_curves.png
보고서 저장: results\reports\2026-08-29_본실험보고서.html
Ⅳ장 생성: paper\04_결과.md
===== 2026-08-29 06:52:12 중간 집계 =====
agent      lam  n_seeds  cost_return_iqm  cost_return_ci_lo  cost_return_ci_hi  n_actions_iqm  solved_iqm
  dqn     0.00        5          -161.54            -200.00            -132.38         124.88        0.58
  저장: results/aggregate/MountainCar-v0@budget1M_wide_iqm.csv, MountainCar-v0@budget1M_wide_lambda_star.json
  저장: results\figures\MountainCar-v0@budget1M_wide_lambda_map_raw_return.png
  저장: results\figures\MountainCar-v0@budget1M_wide_action_map.png
  저장: results\figures\MountainCar-v0@budget1M_wide_learning_curves.png
보고서 저장: results\reports\2026-08-29_본실험보고서.html
Ⅳ장 생성: paper\04_결과.md
===== 2026-08-29 07:55:21 중간 집계 =====
agent      lam  n_seeds  cost_return_iqm  cost_return_ci_lo  cost_return_ci_hi  n_actions_iqm  solved_iqm
  dqn     0.00        5          -161.54            -200.00            -132.38         124.88        0.58
  저장: results/aggregate/MountainCar-v0@budget1M_wide_iqm.csv, MountainCar-v0@budget1M_wide_lambda_star.json
  저장: results\figures\MountainCar-v0@budget1M_wide_lambda_map_raw_return.png
  저장: results\figures\MountainCar-v0@budget1M_wide_action_map.png
  저장: results\figures\MountainCar-v0@budget1M_wide_learning_curves.png
보고서 저장: results\reports\2026-08-29_본실험보고서.html
Ⅳ장 생성: paper\04_결과.md
===== 2026-08-29 08:58:55 중간 집계 =====
  λ* [lazy vs rule_best] CI기준 0.01 / 점추정기준 0.01 — 격자 안에서 교차 지점 발견 (주의: 시드 1개뿐 — 시드 10개 기준 결론이 아님)
  λ* [temporl vs rule_best] CI기준 0.02 / 점추정기준 0.02 — 격자 안에서 교차 지점 발견
  저장: results/aggregate/MountainCar-v0@warmup50_iqm.csv, MountainCar-v0@warmup50_lambda_star.json
  저장: results\figures\MountainCar-v0@warmup50_lambda_map_raw_return.png
  저장: results\figures\MountainCar-v0@warmup50_action_map.png
  저장: results\figures\MountainCar-v0@warmup50_learning_curves.png
보고서 저장: results\reports\2026-08-29_본실험보고서.html
Ⅳ장 생성: paper\04_결과.md
===== 2026-08-29 10:02:49 중간 집계 =====
  λ* [lazy vs rule_best] CI기준 0.01 / 점추정기준 0.01 — 격자 안에서 교차 지점 발견 (주의: 시드 4개뿐 — 시드 10개 기준 결론이 아님)
  λ* [temporl vs rule_best] CI기준 0.01 / 점추정기준 0.01 — 격자 안에서 교차 지점 발견 (주의: 시드 3개뿐 — 시드 10개 기준 결론이 아님)
  저장: results/aggregate/MountainCar-v0@warmup50_iqm.csv, MountainCar-v0@warmup50_lambda_star.json
  저장: results\figures\MountainCar-v0@warmup50_lambda_map_raw_return.png
  저장: results\figures\MountainCar-v0@warmup50_action_map.png
  저장: results\figures\MountainCar-v0@warmup50_learning_curves.png
보고서 저장: results\reports\2026-08-29_본실험보고서.html
Ⅳ장 생성: paper\04_결과.md
===== 2026-08-29 11:06:38 중간 집계 =====
  λ* [lazy vs rule_best] CI기준 0.01 / 점추정기준 0.01 — 격자 안에서 교차 지점 발견 (주의: 시드 7개뿐 — 시드 10개 기준 결론이 아님)
  λ* [temporl vs rule_best] CI기준 0.01 / 점추정기준 0.01 — 격자 안에서 교차 지점 발견 (주의: 시드 7개뿐 — 시드 10개 기준 결론이 아님)
  저장: results/aggregate/MountainCar-v0@warmup50_iqm.csv, MountainCar-v0@warmup50_lambda_star.json
  저장: results\figures\MountainCar-v0@warmup50_lambda_map_raw_return.png
  저장: results\figures\MountainCar-v0@warmup50_action_map.png
  저장: results\figures\MountainCar-v0@warmup50_learning_curves.png
보고서 저장: results\reports\2026-08-29_본실험보고서.html
Ⅳ장 생성: paper\04_결과.md
===== 2026-08-29 12:10:49 중간 집계 =====
  λ* [lazy vs rule_best] CI기준 0.01 / 점추정기준 0.01 — 격자 안에서 교차 지점 발견
  λ* [temporl vs rule_best] CI기준 0.01 / 점추정기준 0.01 — 격자 안에서 교차 지점 발견
  저장: results/aggregate/MountainCar-v0@warmup50_iqm.csv, MountainCar-v0@warmup50_lambda_star.json
  저장: results\figures\MountainCar-v0@warmup50_lambda_map_raw_return.png
  저장: results\figures\MountainCar-v0@warmup50_action_map.png
  저장: results\figures\MountainCar-v0@warmup50_learning_curves.png
보고서 저장: results\reports\2026-08-29_본실험보고서.html
Ⅳ장 생성: paper\04_결과.md
===== 2026-08-29 13:16:29 중간 집계 =====
  λ* [lazy vs rule_best] CI기준 0.01 / 점추정기준 0.01 — 격자 안에서 교차 지점 발견
  λ* [temporl vs rule_best] CI기준 0.01 / 점추정기준 0.01 — 격자 안에서 교차 지점 발견
  저장: results/aggregate/MountainCar-v0@warmup50_iqm.csv, MountainCar-v0@warmup50_lambda_star.json
  저장: results\figures\MountainCar-v0@warmup50_lambda_map_raw_return.png
  저장: results\figures\MountainCar-v0@warmup50_action_map.png
  저장: results\figures\MountainCar-v0@warmup50_learning_curves.png
보고서 저장: results\reports\2026-08-29_본실험보고서.html
Ⅳ장 생성: paper\04_결과.md
===== 2026-08-29 14:21:11 중간 집계 =====
  λ* [lazy vs rule_best] CI기준 0.01 / 점추정기준 0.01 — 격자 안에서 교차 지점 발견
  λ* [temporl vs rule_best] CI기준 0.01 / 점추정기준 0.01 — 격자 안에서 교차 지점 발견
  저장: results/aggregate/MountainCar-v0@warmup50_iqm.csv, MountainCar-v0@warmup50_lambda_star.json
  저장: results\figures\MountainCar-v0@warmup50_lambda_map_raw_return.png
  저장: results\figures\MountainCar-v0@warmup50_action_map.png
  저장: results\figures\MountainCar-v0@warmup50_learning_curves.png
보고서 저장: results\reports\2026-08-29_본실험보고서.html
Ⅳ장 생성: paper\04_결과.md
===== 2026-08-29 15:25:38 중간 집계 =====
  λ* [lazy vs rule_best] CI기준 0.01 / 점추정기준 0.01 — 격자 안에서 교차 지점 발견
  λ* [temporl vs rule_best] CI기준 0.01 / 점추정기준 0.01 — 격자 안에서 교차 지점 발견
  저장: results/aggregate/MountainCar-v0@warmup50_iqm.csv, MountainCar-v0@warmup50_lambda_star.json
  저장: results\figures\MountainCar-v0@warmup50_lambda_map_raw_return.png
  저장: results\figures\MountainCar-v0@warmup50_action_map.png
  저장: results\figures\MountainCar-v0@warmup50_learning_curves.png
보고서 저장: results\reports\2026-08-29_본실험보고서.html
Ⅳ장 생성: paper\04_결과.md
===== 2026-08-29 16:29:46 중간 집계 =====
  λ* [lazy vs rule_best] CI기준 0.01 / 점추정기준 0.01 — 격자 안에서 교차 지점 발견
  λ* [temporl vs rule_best] CI기준 0.01 / 점추정기준 0.01 — 격자 안에서 교차 지점 발견
  저장: results/aggregate/MountainCar-v0@warmup50_iqm.csv, MountainCar-v0@warmup50_lambda_star.json
  저장: results\figures\MountainCar-v0@warmup50_lambda_map_raw_return.png
  저장: results\figures\MountainCar-v0@warmup50_action_map.png
  저장: results\figures\MountainCar-v0@warmup50_learning_curves.png
보고서 저장: results\reports\2026-08-29_본실험보고서.html
Ⅳ장 생성: paper\04_결과.md
===== 2026-08-29 17:34:58 중간 집계 =====
  λ* [lazy vs rule_best] CI기준 0.01 / 점추정기준 0.01 — 격자 안에서 교차 지점 발견
  λ* [temporl vs rule_best] CI기준 0.01 / 점추정기준 0.01 — 격자 안에서 교차 지점 발견
  저장: results/aggregate/MountainCar-v0@warmup50_iqm.csv, MountainCar-v0@warmup50_lambda_star.json
  저장: results\figures\MountainCar-v0@warmup50_lambda_map_raw_return.png
  저장: results\figures\MountainCar-v0@warmup50_action_map.png
  저장: results\figures\MountainCar-v0@warmup50_learning_curves.png
보고서 저장: results\reports\2026-08-29_본실험보고서.html
Ⅳ장 생성: paper\04_결과.md
===== 2026-08-29 18:40:13 중간 집계 =====
  λ* [lazy vs rule_best] CI기준 0.01 / 점추정기준 0.01 — 격자 안에서 교차 지점 발견
  λ* [temporl vs rule_best] CI기준 0.01 / 점추정기준 0.01 — 격자 안에서 교차 지점 발견
  저장: results/aggregate/MountainCar-v0@warmup50_iqm.csv, MountainCar-v0@warmup50_lambda_star.json
  저장: results\figures\MountainCar-v0@warmup50_lambda_map_raw_return.png
  저장: results\figures\MountainCar-v0@warmup50_action_map.png
  저장: results\figures\MountainCar-v0@warmup50_learning_curves.png
보고서 저장: results\reports\2026-08-29_본실험보고서.html
Ⅳ장 생성: paper\04_결과.md
===== 2026-08-29 19:44:42 중간 집계 =====
  λ* [lazy vs rule_best] CI기준 0.01 / 점추정기준 0.01 — 격자 안에서 교차 지점 발견
  λ* [temporl vs rule_best] CI기준 0.01 / 점추정기준 0.01 — 격자 안에서 교차 지점 발견
  저장: results/aggregate/MountainCar-v0@warmup50_iqm.csv, MountainCar-v0@warmup50_lambda_star.json
  저장: results\figures\MountainCar-v0@warmup50_lambda_map_raw_return.png
  저장: results\figures\MountainCar-v0@warmup50_action_map.png
  저장: results\figures\MountainCar-v0@warmup50_learning_curves.png
보고서 저장: results\reports\2026-08-29_본실험보고서.html
Ⅳ장 생성: paper\04_결과.md
===== 2026-08-29 20:49:37 중간 집계 =====
  λ* [lazy vs rule_best] CI기준 0.01 / 점추정기준 0.01 — 격자 안에서 교차 지점 발견
  λ* [temporl vs rule_best] CI기준 0.01 / 점추정기준 0.01 — 격자 안에서 교차 지점 발견
  저장: results/aggregate/MountainCar-v0@warmup50_iqm.csv, MountainCar-v0@warmup50_lambda_star.json
  저장: results\figures\MountainCar-v0@warmup50_lambda_map_raw_return.png
  저장: results\figures\MountainCar-v0@warmup50_action_map.png
  저장: results\figures\MountainCar-v0@warmup50_learning_curves.png
보고서 저장: results\reports\2026-08-29_본실험보고서.html
Ⅳ장 생성: paper\04_결과.md
===== 2026-08-29 21:54:15 중간 집계 =====
  λ* [lazy vs rule_best] CI기준 0.01 / 점추정기준 0.01 — 격자 안에서 교차 지점 발견
  λ* [temporl vs rule_best] CI기준 0.01 / 점추정기준 0.01 — 격자 안에서 교차 지점 발견
  저장: results/aggregate/MountainCar-v0@warmup50_iqm.csv, MountainCar-v0@warmup50_lambda_star.json
  저장: results\figures\MountainCar-v0@warmup50_lambda_map_raw_return.png
  저장: results\figures\MountainCar-v0@warmup50_action_map.png
  저장: results\figures\MountainCar-v0@warmup50_learning_curves.png
보고서 저장: results\reports\2026-08-29_본실험보고서.html
Ⅳ장 생성: paper\04_결과.md
===== 2026-08-29 22:59:03 중간 집계 =====
  λ* [lazy vs rule_best] CI기준 0.01 / 점추정기준 0.01 — 격자 안에서 교차 지점 발견
  λ* [temporl vs rule_best] CI기준 0.01 / 점추정기준 0.01 — 격자 안에서 교차 지점 발견
  저장: results/aggregate/MountainCar-v0@warmup50_iqm.csv, MountainCar-v0@warmup50_lambda_star.json
  저장: results\figures\MountainCar-v0@warmup50_lambda_map_raw_return.png
  저장: results\figures\MountainCar-v0@warmup50_action_map.png
  저장: results\figures\MountainCar-v0@warmup50_learning_curves.png
보고서 저장: results\reports\2026-08-29_본실험보고서.html
Ⅳ장 생성: paper\04_결과.md
===== 2026-08-30 00:03:25 중간 집계 =====
  λ* [lazy vs rule_best] CI기준 0.01 / 점추정기준 0.01 — 격자 안에서 교차 지점 발견
  λ* [temporl vs rule_best] CI기준 0.01 / 점추정기준 0.01 — 격자 안에서 교차 지점 발견
  저장: results/aggregate/MountainCar-v0@warmup50_iqm.csv, MountainCar-v0@warmup50_lambda_star.json
  저장: results\figures\MountainCar-v0@warmup50_lambda_map_raw_return.png
  저장: results\figures\MountainCar-v0@warmup50_action_map.png
  저장: results\figures\MountainCar-v0@warmup50_learning_curves.png
보고서 저장: results\reports\2026-08-30_본실험보고서.html
Ⅳ장 생성: paper\04_결과.md
===== 2026-08-30 01:10:40 중간 집계 =====
  λ* [lazy vs rule_best] CI기준 0.01 / 점추정기준 0.01 — 격자 안에서 교차 지점 발견
  λ* [temporl vs rule_best] CI기준 0.01 / 점추정기준 0.01 — 격자 안에서 교차 지점 발견
  저장: results/aggregate/MountainCar-v0@warmup50_iqm.csv, MountainCar-v0@warmup50_lambda_star.json
  저장: results\figures\MountainCar-v0@warmup50_lambda_map_raw_return.png
  저장: results\figures\MountainCar-v0@warmup50_action_map.png
  저장: results\figures\MountainCar-v0@warmup50_learning_curves.png
보고서 저장: results\reports\2026-08-30_본실험보고서.html
Ⅳ장 생성: paper\04_결과.md
===== 2026-08-30 02:15:07 중간 집계 =====
  λ* [lazy vs rule_best] CI기준 0.01 / 점추정기준 0.01 — 격자 안에서 교차 지점 발견
  λ* [temporl vs rule_best] CI기준 0.01 / 점추정기준 0.01 — 격자 안에서 교차 지점 발견
  저장: results/aggregate/MountainCar-v0@warmup50_iqm.csv, MountainCar-v0@warmup50_lambda_star.json
  저장: results\figures\MountainCar-v0@warmup50_lambda_map_raw_return.png
  저장: results\figures\MountainCar-v0@warmup50_action_map.png
  저장: results\figures\MountainCar-v0@warmup50_learning_curves.png
보고서 저장: results\reports\2026-08-30_본실험보고서.html
Ⅳ장 생성: paper\04_결과.md
===== 2026-08-30 03:20:38 중간 집계 =====
  λ* [lazy vs rule_best] CI기준 0.01 / 점추정기준 0.01 — 격자 안에서 교차 지점 발견
  λ* [temporl vs rule_best] CI기준 0.01 / 점추정기준 0.01 — 격자 안에서 교차 지점 발견
  저장: results/aggregate/MountainCar-v0@warmup50_iqm.csv, MountainCar-v0@warmup50_lambda_star.json
  저장: results\figures\MountainCar-v0@warmup50_lambda_map_raw_return.png
  저장: results\figures\MountainCar-v0@warmup50_action_map.png
  저장: results\figures\MountainCar-v0@warmup50_learning_curves.png
보고서 저장: results\reports\2026-08-30_본실험보고서.html
Ⅳ장 생성: paper\04_결과.md
===== 2026-08-30 04:26:40 중간 집계 =====
  λ* [lazy vs rule_best] CI기준 0.01 / 점추정기준 0.01 — 격자 안에서 교차 지점 발견
  λ* [temporl vs rule_best] CI기준 0.01 / 점추정기준 0.01 — 격자 안에서 교차 지점 발견
  저장: results/aggregate/MountainCar-v0@warmup50_iqm.csv, MountainCar-v0@warmup50_lambda_star.json
  저장: results\figures\MountainCar-v0@warmup50_lambda_map_raw_return.png
  저장: results\figures\MountainCar-v0@warmup50_action_map.png
  저장: results\figures\MountainCar-v0@warmup50_learning_curves.png
보고서 저장: results\reports\2026-08-30_본실험보고서.html
Ⅳ장 생성: paper\04_결과.md
===== 2026-08-30 05:31:13 중간 집계 =====
  λ* [lazy vs rule_best] CI기준 0.01 / 점추정기준 0.01 — 격자 안에서 교차 지점 발견
  λ* [temporl vs rule_best] CI기준 0.01 / 점추정기준 0.01 — 격자 안에서 교차 지점 발견
  저장: results/aggregate/MountainCar-v0@warmup50_iqm.csv, MountainCar-v0@warmup50_lambda_star.json
  저장: results\figures\MountainCar-v0@warmup50_lambda_map_raw_return.png
  저장: results\figures\MountainCar-v0@warmup50_action_map.png
  저장: results\figures\MountainCar-v0@warmup50_learning_curves.png
보고서 저장: results\reports\2026-08-30_본실험보고서.html
Ⅳ장 생성: paper\04_결과.md
===== 2026-08-30 06:35:39 중간 집계 =====
  λ* [lazy vs rule_best] CI기준 0.01 / 점추정기준 0.01 — 격자 안에서 교차 지점 발견
  λ* [temporl vs rule_best] CI기준 0.01 / 점추정기준 0.01 — 격자 안에서 교차 지점 발견
  저장: results/aggregate/MountainCar-v0@warmup50_iqm.csv, MountainCar-v0@warmup50_lambda_star.json
  저장: results\figures\MountainCar-v0@warmup50_lambda_map_raw_return.png
  저장: results\figures\MountainCar-v0@warmup50_action_map.png
  저장: results\figures\MountainCar-v0@warmup50_learning_curves.png
보고서 저장: results\reports\2026-08-30_본실험보고서.html
Ⅳ장 생성: paper\04_결과.md
===== 2026-08-30 07:40:07 중간 집계 =====
  λ* [lazy vs rule_best] CI기준 0.01 / 점추정기준 0.01 — 격자 안에서 교차 지점 발견
  λ* [temporl vs rule_best] CI기준 0.01 / 점추정기준 0.01 — 격자 안에서 교차 지점 발견
  저장: results/aggregate/MountainCar-v0@warmup50_iqm.csv, MountainCar-v0@warmup50_lambda_star.json
  저장: results\figures\MountainCar-v0@warmup50_lambda_map_raw_return.png
  저장: results\figures\MountainCar-v0@warmup50_action_map.png
  저장: results\figures\MountainCar-v0@warmup50_learning_curves.png
보고서 저장: results\reports\2026-08-30_본실험보고서.html
Ⅳ장 생성: paper\04_결과.md
===== 2026-08-30 08:44:37 중간 집계 =====
  λ* [lazy vs rule_best] CI기준 0.01 / 점추정기준 0.01 — 격자 안에서 교차 지점 발견
  λ* [temporl vs rule_best] CI기준 0.01 / 점추정기준 0.01 — 격자 안에서 교차 지점 발견
  저장: results/aggregate/MountainCar-v0@warmup50_iqm.csv, MountainCar-v0@warmup50_lambda_star.json
  저장: results\figures\MountainCar-v0@warmup50_lambda_map_raw_return.png
  저장: results\figures\MountainCar-v0@warmup50_action_map.png
  저장: results\figures\MountainCar-v0@warmup50_learning_curves.png
보고서 저장: results\reports\2026-08-30_본실험보고서.html
Ⅳ장 생성: paper\04_결과.md
===== 2026-08-30 09:48:52 중간 집계 =====
  λ* [lazy vs rule_best] CI기준 0.01 / 점추정기준 0.01 — 격자 안에서 교차 지점 발견
  λ* [temporl vs rule_best] CI기준 0.01 / 점추정기준 0.01 — 격자 안에서 교차 지점 발견
  저장: results/aggregate/MountainCar-v0@warmup50_iqm.csv, MountainCar-v0@warmup50_lambda_star.json
  저장: results\figures\MountainCar-v0@warmup50_lambda_map_raw_return.png
  저장: results\figures\MountainCar-v0@warmup50_action_map.png
  저장: results\figures\MountainCar-v0@warmup50_learning_curves.png
보고서 저장: results\reports\2026-08-30_본실험보고서.html
Ⅳ장 생성: paper\04_결과.md
===== 2026-08-30 10:53:26 중간 집계 =====
  λ* [lazy vs rule_best] CI기준 0.01 / 점추정기준 0.01 — 격자 안에서 교차 지점 발견
  λ* [temporl vs rule_best] CI기준 0.01 / 점추정기준 0.01 — 격자 안에서 교차 지점 발견
  저장: results/aggregate/MountainCar-v0@warmup50_iqm.csv, MountainCar-v0@warmup50_lambda_star.json
  저장: results\figures\MountainCar-v0@warmup50_lambda_map_raw_return.png
  저장: results\figures\MountainCar-v0@warmup50_action_map.png
  저장: results\figures\MountainCar-v0@warmup50_learning_curves.png
보고서 저장: results\reports\2026-08-30_본실험보고서.html
Ⅳ장 생성: paper\04_결과.md
===== 2026-08-30 11:57:36 중간 집계 =====
  λ* [lazy vs rule_best] CI기준 0.01 / 점추정기준 0.01 — 격자 안에서 교차 지점 발견
  λ* [temporl vs rule_best] CI기준 0.01 / 점추정기준 0.01 — 격자 안에서 교차 지점 발견
  저장: results/aggregate/MountainCar-v0@warmup50_iqm.csv, MountainCar-v0@warmup50_lambda_star.json
  저장: results\figures\MountainCar-v0@warmup50_lambda_map_raw_return.png
  저장: results\figures\MountainCar-v0@warmup50_action_map.png
  저장: results\figures\MountainCar-v0@warmup50_learning_curves.png
보고서 저장: results\reports\2026-08-30_본실험보고서.html
Ⅳ장 생성: paper\04_결과.md
===== 2026-08-30 13:02:12 중간 집계 =====
  λ* [lazy vs rule_best] CI기준 0.01 / 점추정기준 0.01 — 격자 안에서 교차 지점 발견
  λ* [temporl vs rule_best] CI기준 0.01 / 점추정기준 0.01 — 격자 안에서 교차 지점 발견
  저장: results/aggregate/MountainCar-v0@warmup50_iqm.csv, MountainCar-v0@warmup50_lambda_star.json
  저장: results\figures\MountainCar-v0@warmup50_lambda_map_raw_return.png
  저장: results\figures\MountainCar-v0@warmup50_action_map.png
  저장: results\figures\MountainCar-v0@warmup50_learning_curves.png
보고서 저장: results\reports\2026-08-30_본실험보고서.html
Ⅳ장 생성: paper\04_결과.md
===== 2026-08-30 14:10:02 중간 집계 =====
  λ* [lazy vs rule_best] CI기준 0.01 / 점추정기준 0.01 — 격자 안에서 교차 지점 발견
  λ* [temporl vs rule_best] CI기준 0.01 / 점추정기준 0.01 — 격자 안에서 교차 지점 발견
  저장: results/aggregate/MountainCar-v0@warmup50_iqm.csv, MountainCar-v0@warmup50_lambda_star.json
  저장: results\figures\MountainCar-v0@warmup50_lambda_map_raw_return.png
  저장: results\figures\MountainCar-v0@warmup50_action_map.png
  저장: results\figures\MountainCar-v0@warmup50_learning_curves.png
보고서 저장: results\reports\2026-08-30_본실험보고서.html
Ⅳ장 생성: paper\04_결과.md
===== 2026-08-30 15:15:06 중간 집계 =====
  λ* [lazy vs rule_best] CI기준 0.01 / 점추정기준 0.01 — 격자 안에서 교차 지점 발견
  λ* [temporl vs rule_best] CI기준 0.01 / 점추정기준 0.01 — 격자 안에서 교차 지점 발견
  저장: results/aggregate/MountainCar-v0@warmup50_iqm.csv, MountainCar-v0@warmup50_lambda_star.json
  저장: results\figures\MountainCar-v0@warmup50_lambda_map_raw_return.png
  저장: results\figures\MountainCar-v0@warmup50_action_map.png
  저장: results\figures\MountainCar-v0@warmup50_learning_curves.png
보고서 저장: results\reports\2026-08-30_본실험보고서.html
Ⅳ장 생성: paper\04_결과.md
===== 2026-08-30 16:19:52 중간 집계 =====
  λ* [lazy vs rule_best] CI기준 0.01 / 점추정기준 0.01 — 격자 안에서 교차 지점 발견
  λ* [temporl vs rule_best] CI기준 0.01 / 점추정기준 0.01 — 격자 안에서 교차 지점 발견
  저장: results/aggregate/MountainCar-v0@warmup50_iqm.csv, MountainCar-v0@warmup50_lambda_star.json
  저장: results\figures\MountainCar-v0@warmup50_lambda_map_raw_return.png
  저장: results\figures\MountainCar-v0@warmup50_action_map.png
  저장: results\figures\MountainCar-v0@warmup50_learning_curves.png
보고서 저장: results\reports\2026-08-30_본실험보고서.html
Ⅳ장 생성: paper\04_결과.md
===== 2026-08-30 17:24:03 중간 집계 =====
  λ* [lazy vs rule_best] CI기준 0.01 / 점추정기준 0.01 — 격자 안에서 교차 지점 발견
  λ* [temporl vs rule_best] CI기준 0.01 / 점추정기준 0.01 — 격자 안에서 교차 지점 발견
  저장: results/aggregate/MountainCar-v0@warmup50_iqm.csv, MountainCar-v0@warmup50_lambda_star.json
  저장: results\figures\MountainCar-v0@warmup50_lambda_map_raw_return.png
  저장: results\figures\MountainCar-v0@warmup50_action_map.png
  저장: results\figures\MountainCar-v0@warmup50_learning_curves.png
보고서 저장: results\reports\2026-08-30_본실험보고서.html
Ⅳ장 생성: paper\04_결과.md
===== 2026-08-30 18:29:32 중간 집계 =====
  λ* [lazy vs rule_best] CI기준 0.01 / 점추정기준 0.01 — 격자 안에서 교차 지점 발견
  λ* [temporl vs rule_best] CI기준 0.01 / 점추정기준 0.01 — 격자 안에서 교차 지점 발견
  저장: results/aggregate/MountainCar-v0@warmup50_iqm.csv, MountainCar-v0@warmup50_lambda_star.json
  저장: results\figures\MountainCar-v0@warmup50_lambda_map_raw_return.png
  저장: results\figures\MountainCar-v0@warmup50_action_map.png
  저장: results\figures\MountainCar-v0@warmup50_learning_curves.png
보고서 저장: results\reports\2026-08-30_본실험보고서.html
Ⅳ장 생성: paper\04_결과.md
===== 2026-08-30 19:34:18 중간 집계 =====
  λ* [lazy vs rule_best] CI기준 0.01 / 점추정기준 0.01 — 격자 안에서 교차 지점 발견
  λ* [temporl vs rule_best] CI기준 0.01 / 점추정기준 0.01 — 격자 안에서 교차 지점 발견
  저장: results/aggregate/MountainCar-v0@warmup50_iqm.csv, MountainCar-v0@warmup50_lambda_star.json
  저장: results\figures\MountainCar-v0@warmup50_lambda_map_raw_return.png
  저장: results\figures\MountainCar-v0@warmup50_action_map.png
  저장: results\figures\MountainCar-v0@warmup50_learning_curves.png
보고서 저장: results\reports\2026-08-30_본실험보고서.html
Ⅳ장 생성: paper\04_결과.md
===== 2026-08-30 20:39:02 중간 집계 =====
  λ* [lazy vs rule_best] CI기준 0.01 / 점추정기준 0.01 — 격자 안에서 교차 지점 발견
  λ* [temporl vs rule_best] CI기준 0.01 / 점추정기준 0.01 — 격자 안에서 교차 지점 발견
  저장: results/aggregate/MountainCar-v0@warmup50_iqm.csv, MountainCar-v0@warmup50_lambda_star.json
  저장: results\figures\MountainCar-v0@warmup50_lambda_map_raw_return.png
  저장: results\figures\MountainCar-v0@warmup50_action_map.png
  저장: results\figures\MountainCar-v0@warmup50_learning_curves.png
보고서 저장: results\reports\2026-08-30_본실험보고서.html
Ⅳ장 생성: paper\04_결과.md
===== 2026-08-30 21:43:25 중간 집계 =====
  λ* [lazy vs rule_best] CI기준 0.01 / 점추정기준 0.01 — 격자 안에서 교차 지점 발견
  λ* [temporl vs rule_best] CI기준 0.01 / 점추정기준 0.01 — 격자 안에서 교차 지점 발견
  저장: results/aggregate/MountainCar-v0@warmup50_iqm.csv, MountainCar-v0@warmup50_lambda_star.json
  저장: results\figures\MountainCar-v0@warmup50_lambda_map_raw_return.png
  저장: results\figures\MountainCar-v0@warmup50_action_map.png
  저장: results\figures\MountainCar-v0@warmup50_learning_curves.png
보고서 저장: results\reports\2026-08-30_본실험보고서.html
Ⅳ장 생성: paper\04_결과.md
===== 2026-08-30 22:47:58 중간 집계 =====
  λ* [lazy vs rule_best] CI기준 0.01 / 점추정기준 0.01 — 격자 안에서 교차 지점 발견
  λ* [temporl vs rule_best] CI기준 0.01 / 점추정기준 0.01 — 격자 안에서 교차 지점 발견
  저장: results/aggregate/MountainCar-v0@warmup50_iqm.csv, MountainCar-v0@warmup50_lambda_star.json
  저장: results\figures\MountainCar-v0@warmup50_lambda_map_raw_return.png
  저장: results\figures\MountainCar-v0@warmup50_action_map.png
  저장: results\figures\MountainCar-v0@warmup50_learning_curves.png
보고서 저장: results\reports\2026-08-30_본실험보고서.html
Ⅳ장 생성: paper\04_결과.md
===== 2026-08-30 23:52:06 중간 집계 =====
  λ* [lazy vs rule_best] CI기준 0.01 / 점추정기준 0.01 — 격자 안에서 교차 지점 발견
  λ* [temporl vs rule_best] CI기준 0.01 / 점추정기준 0.01 — 격자 안에서 교차 지점 발견
  저장: results/aggregate/MountainCar-v0@warmup50_iqm.csv, MountainCar-v0@warmup50_lambda_star.json
  저장: results\figures\MountainCar-v0@warmup50_lambda_map_raw_return.png
  저장: results\figures\MountainCar-v0@warmup50_action_map.png
  저장: results\figures\MountainCar-v0@warmup50_learning_curves.png
보고서 저장: results\reports\2026-08-30_본실험보고서.html
Ⅳ장 생성: paper\04_결과.md
===== 2026-08-31 00:58:33 중간 집계 =====
  λ* [lazy vs rule_best] CI기준 0.01 / 점추정기준 0.01 — 격자 안에서 교차 지점 발견
  λ* [temporl vs rule_best] CI기준 0.01 / 점추정기준 0.01 — 격자 안에서 교차 지점 발견
  저장: results/aggregate/MountainCar-v0@warmup50_iqm.csv, MountainCar-v0@warmup50_lambda_star.json
  저장: results\figures\MountainCar-v0@warmup50_lambda_map_raw_return.png
  저장: results\figures\MountainCar-v0@warmup50_action_map.png
  저장: results\figures\MountainCar-v0@warmup50_learning_curves.png
보고서 저장: results\reports\2026-08-31_본실험보고서.html
Ⅳ장 생성: paper\04_결과.md
===== 2026-08-31 02:03:52 중간 집계 =====
  λ* [lazy vs rule_best] CI기준 0.01 / 점추정기준 0.01 — 격자 안에서 교차 지점 발견
  λ* [temporl vs rule_best] CI기준 0.01 / 점추정기준 0.01 — 격자 안에서 교차 지점 발견
  저장: results/aggregate/MountainCar-v0@warmup50_iqm.csv, MountainCar-v0@warmup50_lambda_star.json
  저장: results\figures\MountainCar-v0@warmup50_lambda_map_raw_return.png
  저장: results\figures\MountainCar-v0@warmup50_action_map.png
  저장: results\figures\MountainCar-v0@warmup50_learning_curves.png
보고서 저장: results\reports\2026-08-31_본실험보고서.html
Ⅳ장 생성: paper\04_결과.md
===== 2026-08-31 03:08:54 중간 집계 =====
  λ* [lazy vs rule_best] CI기준 0.01 / 점추정기준 0.01 — 격자 안에서 교차 지점 발견
  λ* [temporl vs rule_best] CI기준 0.01 / 점추정기준 0.01 — 격자 안에서 교차 지점 발견
  저장: results/aggregate/MountainCar-v0@warmup50_iqm.csv, MountainCar-v0@warmup50_lambda_star.json
  저장: results\figures\MountainCar-v0@warmup50_lambda_map_raw_return.png
  저장: results\figures\MountainCar-v0@warmup50_action_map.png
  저장: results\figures\MountainCar-v0@warmup50_learning_curves.png
보고서 저장: results\reports\2026-08-31_본실험보고서.html
Ⅳ장 생성: paper\04_결과.md
===== 2026-08-31 04:14:00 중간 집계 =====
  λ* [lazy vs rule_best] CI기준 0.01 / 점추정기준 0.01 — 격자 안에서 교차 지점 발견
  λ* [temporl vs rule_best] CI기준 0.01 / 점추정기준 0.01 — 격자 안에서 교차 지점 발견
  저장: results/aggregate/MountainCar-v0@warmup50_iqm.csv, MountainCar-v0@warmup50_lambda_star.json
  저장: results\figures\MountainCar-v0@warmup50_lambda_map_raw_return.png
  저장: results\figures\MountainCar-v0@warmup50_action_map.png
  저장: results\figures\MountainCar-v0@warmup50_learning_curves.png
보고서 저장: results\reports\2026-08-31_본실험보고서.html
Ⅳ장 생성: paper\04_결과.md
===== 2026-08-31 05:19:37 중간 집계 =====
  λ* [lazy vs rule_best] CI기준 0.01 / 점추정기준 0.01 — 격자 안에서 교차 지점 발견
  λ* [temporl vs rule_best] CI기준 0.01 / 점추정기준 0.01 — 격자 안에서 교차 지점 발견
  저장: results/aggregate/MountainCar-v0@warmup50_iqm.csv, MountainCar-v0@warmup50_lambda_star.json
  저장: results\figures\MountainCar-v0@warmup50_lambda_map_raw_return.png
  저장: results\figures\MountainCar-v0@warmup50_action_map.png
  저장: results\figures\MountainCar-v0@warmup50_learning_curves.png
보고서 저장: results\reports\2026-08-31_본실험보고서.html
Ⅳ장 생성: paper\04_결과.md
===== 2026-08-31 06:27:24 중간 집계 =====
  λ* [lazy vs rule_best] CI기준 0.01 / 점추정기준 0.01 — 격자 안에서 교차 지점 발견
  λ* [temporl vs rule_best] CI기준 0.01 / 점추정기준 0.01 — 격자 안에서 교차 지점 발견
  저장: results/aggregate/MountainCar-v0@warmup50_iqm.csv, MountainCar-v0@warmup50_lambda_star.json
  저장: results\figures\MountainCar-v0@warmup50_lambda_map_raw_return.png
  저장: results\figures\MountainCar-v0@warmup50_action_map.png
  저장: results\figures\MountainCar-v0@warmup50_learning_curves.png
보고서 저장: results\reports\2026-08-31_본실험보고서.html
Ⅳ장 생성: paper\04_결과.md
===== 2026-08-31 07:33:00 중간 집계 =====
  λ* [lazy vs rule_best] CI기준 0.01 / 점추정기준 0.01 — 격자 안에서 교차 지점 발견
  λ* [temporl vs rule_best] CI기준 0.01 / 점추정기준 0.01 — 격자 안에서 교차 지점 발견
  저장: results/aggregate/MountainCar-v0@warmup50_iqm.csv, MountainCar-v0@warmup50_lambda_star.json
  저장: results\figures\MountainCar-v0@warmup50_lambda_map_raw_return.png
  저장: results\figures\MountainCar-v0@warmup50_action_map.png
  저장: results\figures\MountainCar-v0@warmup50_learning_curves.png
보고서 저장: results\reports\2026-08-31_본실험보고서.html
Ⅳ장 생성: paper\04_결과.md
===== 2026-08-31 08:38:51 중간 집계 =====
  λ* [lazy vs rule_best] CI기준 0.01 / 점추정기준 0.01 — 격자 안에서 교차 지점 발견
  λ* [temporl vs rule_best] CI기준 0.01 / 점추정기준 0.01 — 격자 안에서 교차 지점 발견
  저장: results/aggregate/MountainCar-v0@warmup50_iqm.csv, MountainCar-v0@warmup50_lambda_star.json
  저장: results\figures\MountainCar-v0@warmup50_lambda_map_raw_return.png
  저장: results\figures\MountainCar-v0@warmup50_action_map.png
  저장: results\figures\MountainCar-v0@warmup50_learning_curves.png
보고서 저장: results\reports\2026-08-31_본실험보고서.html
Ⅳ장 생성: paper\04_결과.md
===== 2026-08-31 09:44:26 중간 집계 =====
  λ* [lazy vs rule_best] CI기준 0.01 / 점추정기준 0.01 — 격자 안에서 교차 지점 발견
  λ* [temporl vs rule_best] CI기준 0.01 / 점추정기준 0.01 — 격자 안에서 교차 지점 발견
  저장: results/aggregate/MountainCar-v0@warmup50_iqm.csv, MountainCar-v0@warmup50_lambda_star.json
  저장: results\figures\MountainCar-v0@warmup50_lambda_map_raw_return.png
  저장: results\figures\MountainCar-v0@warmup50_action_map.png
  저장: results\figures\MountainCar-v0@warmup50_learning_curves.png
보고서 저장: results\reports\2026-08-31_본실험보고서.html
Ⅳ장 생성: paper\04_결과.md
===== 2026-08-31 10:50:01 중간 집계 =====
  λ* [lazy vs rule_best] CI기준 0.01 / 점추정기준 0.01 — 격자 안에서 교차 지점 발견
  λ* [temporl vs rule_best] CI기준 0.01 / 점추정기준 0.01 — 격자 안에서 교차 지점 발견
  저장: results/aggregate/MountainCar-v0@warmup50_iqm.csv, MountainCar-v0@warmup50_lambda_star.json
  저장: results\figures\MountainCar-v0@warmup50_lambda_map_raw_return.png
  저장: results\figures\MountainCar-v0@warmup50_action_map.png
  저장: results\figures\MountainCar-v0@warmup50_learning_curves.png
보고서 저장: results\reports\2026-08-31_본실험보고서.html
Ⅳ장 생성: paper\04_결과.md
===== 2026-08-31 11:55:38 중간 집계 =====
  λ* [lazy vs rule_best] CI기준 0.01 / 점추정기준 0.01 — 격자 안에서 교차 지점 발견
  λ* [temporl vs rule_best] CI기준 0.01 / 점추정기준 0.01 — 격자 안에서 교차 지점 발견
  저장: results/aggregate/MountainCar-v0@warmup50_iqm.csv, MountainCar-v0@warmup50_lambda_star.json
  저장: results\figures\MountainCar-v0@warmup50_lambda_map_raw_return.png
  저장: results\figures\MountainCar-v0@warmup50_action_map.png
  저장: results\figures\MountainCar-v0@warmup50_learning_curves.png
보고서 저장: results\reports\2026-08-31_본실험보고서.html
Ⅳ장 생성: paper\04_결과.md
===== 2026-08-31 13:01:21 중간 집계 =====
  λ* [lazy vs rule_best] CI기준 0.01 / 점추정기준 0.01 — 격자 안에서 교차 지점 발견
  λ* [temporl vs rule_best] CI기준 0.01 / 점추정기준 0.01 — 격자 안에서 교차 지점 발견
  저장: results/aggregate/MountainCar-v0@warmup50_iqm.csv, MountainCar-v0@warmup50_lambda_star.json
  저장: results\figures\MountainCar-v0@warmup50_lambda_map_raw_return.png
  저장: results\figures\MountainCar-v0@warmup50_action_map.png
  저장: results\figures\MountainCar-v0@warmup50_learning_curves.png
보고서 저장: results\reports\2026-08-31_본실험보고서.html
Ⅳ장 생성: paper\04_결과.md
===== 2026-08-31 14:08:48 중간 집계 =====
  λ* [lazy vs rule_best] CI기준 0.01 / 점추정기준 0.01 — 격자 안에서 교차 지점 발견
  λ* [temporl vs rule_best] CI기준 0.01 / 점추정기준 0.01 — 격자 안에서 교차 지점 발견
  저장: results/aggregate/MountainCar-v0@warmup50_iqm.csv, MountainCar-v0@warmup50_lambda_star.json
  저장: results\figures\MountainCar-v0@warmup50_lambda_map_raw_return.png
  저장: results\figures\MountainCar-v0@warmup50_action_map.png
  저장: results\figures\MountainCar-v0@warmup50_learning_curves.png
보고서 저장: results\reports\2026-08-31_본실험보고서.html
Ⅳ장 생성: paper\04_결과.md
===== 2026-08-31 15:20:09 중간 집계 =====
  λ* [lazy vs rule_best] CI기준 0.01 / 점추정기준 0.01 — 격자 안에서 교차 지점 발견
  λ* [temporl vs rule_best] CI기준 0.01 / 점추정기준 0.01 — 격자 안에서 교차 지점 발견
  저장: results/aggregate/MountainCar-v0@warmup50_iqm.csv, MountainCar-v0@warmup50_lambda_star.json
  저장: results\figures\MountainCar-v0@warmup50_lambda_map_raw_return.png
  저장: results\figures\MountainCar-v0@warmup50_action_map.png
  저장: results\figures\MountainCar-v0@warmup50_learning_curves.png
보고서 저장: results\reports\2026-08-31_본실험보고서.html
Ⅳ장 생성: paper\04_결과.md
===== 2026-08-31 16:24:09 중간 집계 =====
  λ* [lazy vs rule_best] CI기준 0.01 / 점추정기준 0.01 — 격자 안에서 교차 지점 발견
  λ* [temporl vs rule_best] CI기준 0.01 / 점추정기준 0.01 — 격자 안에서 교차 지점 발견
  저장: results/aggregate/MountainCar-v0@warmup50_iqm.csv, MountainCar-v0@warmup50_lambda_star.json
  저장: results\figures\MountainCar-v0@warmup50_lambda_map_raw_return.png
  저장: results\figures\MountainCar-v0@warmup50_action_map.png
  저장: results\figures\MountainCar-v0@warmup50_learning_curves.png
보고서 저장: results\reports\2026-08-31_본실험보고서.html
Ⅳ장 생성: paper\04_결과.md
===== 2026-08-31 17:31:31 중간 집계 =====
  λ* [lazy vs rule_best] CI기준 0.01 / 점추정기준 0.01 — 격자 안에서 교차 지점 발견
  λ* [temporl vs rule_best] CI기준 0.01 / 점추정기준 0.01 — 격자 안에서 교차 지점 발견
  저장: results/aggregate/MountainCar-v0@warmup50_iqm.csv, MountainCar-v0@warmup50_lambda_star.json
  저장: results\figures\MountainCar-v0@warmup50_lambda_map_raw_return.png
  저장: results\figures\MountainCar-v0@warmup50_action_map.png
  저장: results\figures\MountainCar-v0@warmup50_learning_curves.png
보고서 저장: results\reports\2026-08-31_본실험보고서.html
Ⅳ장 생성: paper\04_결과.md
===== 2026-08-31 18:36:38 중간 집계 =====
  λ* [lazy vs rule_best] CI기준 0.01 / 점추정기준 0.01 — 격자 안에서 교차 지점 발견
  λ* [temporl vs rule_best] CI기준 0.01 / 점추정기준 0.01 — 격자 안에서 교차 지점 발견
  저장: results/aggregate/MountainCar-v0@warmup50_iqm.csv, MountainCar-v0@warmup50_lambda_star.json
  저장: results\figures\MountainCar-v0@warmup50_lambda_map_raw_return.png
  저장: results\figures\MountainCar-v0@warmup50_action_map.png
  저장: results\figures\MountainCar-v0@warmup50_learning_curves.png
보고서 저장: results\reports\2026-08-31_본실험보고서.html
Ⅳ장 생성: paper\04_결과.md
===== 2026-08-31 19:41:03 중간 집계 =====
  λ* [lazy vs rule_best] CI기준 0.01 / 점추정기준 0.01 — 격자 안에서 교차 지점 발견
  λ* [temporl vs rule_best] CI기준 0.01 / 점추정기준 0.01 — 격자 안에서 교차 지점 발견
  저장: results/aggregate/MountainCar-v0@warmup50_iqm.csv, MountainCar-v0@warmup50_lambda_star.json
  저장: results\figures\MountainCar-v0@warmup50_lambda_map_raw_return.png
  저장: results\figures\MountainCar-v0@warmup50_action_map.png
  저장: results\figures\MountainCar-v0@warmup50_learning_curves.png
보고서 저장: results\reports\2026-08-31_본실험보고서.html
Ⅳ장 생성: paper\04_결과.md
===== 2026-08-31 20:46:31 중간 집계 =====
  λ* [lazy vs rule_best] CI기준 0.01 / 점추정기준 0.01 — 격자 안에서 교차 지점 발견
  λ* [temporl vs rule_best] CI기준 0.01 / 점추정기준 0.01 — 격자 안에서 교차 지점 발견
  저장: results/aggregate/MountainCar-v0@warmup50_iqm.csv, MountainCar-v0@warmup50_lambda_star.json
  저장: results\figures\MountainCar-v0@warmup50_lambda_map_raw_return.png
  저장: results\figures\MountainCar-v0@warmup50_action_map.png
  저장: results\figures\MountainCar-v0@warmup50_learning_curves.png
보고서 저장: results\reports\2026-08-31_본실험보고서.html
Ⅳ장 생성: paper\04_결과.md
===== 2026-08-31 21:51:02 중간 집계 =====
  λ* [lazy vs rule_best] CI기준 0.01 / 점추정기준 0.01 — 격자 안에서 교차 지점 발견
  λ* [temporl vs rule_best] CI기준 0.01 / 점추정기준 0.01 — 격자 안에서 교차 지점 발견
  저장: results/aggregate/MountainCar-v0@warmup50_iqm.csv, MountainCar-v0@warmup50_lambda_star.json
  저장: results\figures\MountainCar-v0@warmup50_lambda_map_raw_return.png
  저장: results\figures\MountainCar-v0@warmup50_action_map.png
  저장: results\figures\MountainCar-v0@warmup50_learning_curves.png
보고서 저장: results\reports\2026-08-31_본실험보고서.html
Ⅳ장 생성: paper\04_결과.md
===== 2026-08-31 22:55:20 중간 집계 =====
  λ* [lazy vs rule_best] CI기준 0.01 / 점추정기준 0.01 — 격자 안에서 교차 지점 발견
  λ* [temporl vs rule_best] CI기준 0.01 / 점추정기준 0.01 — 격자 안에서 교차 지점 발견
  저장: results/aggregate/MountainCar-v0@warmup50_iqm.csv, MountainCar-v0@warmup50_lambda_star.json
  저장: results\figures\MountainCar-v0@warmup50_lambda_map_raw_return.png
  저장: results\figures\MountainCar-v0@warmup50_action_map.png
  저장: results\figures\MountainCar-v0@warmup50_learning_curves.png
보고서 저장: results\reports\2026-08-31_본실험보고서.html
Ⅳ장 생성: paper\04_결과.md
===== 2026-08-31 23:59:54 중간 집계 =====
  λ* [lazy vs rule_best] CI기준 0.01 / 점추정기준 0.01 — 격자 안에서 교차 지점 발견
  λ* [temporl vs rule_best] CI기준 0.01 / 점추정기준 0.01 — 격자 안에서 교차 지점 발견
  저장: results/aggregate/MountainCar-v0@warmup50_iqm.csv, MountainCar-v0@warmup50_lambda_star.json
  저장: results\figures\MountainCar-v0@warmup50_lambda_map_raw_return.png
  저장: results\figures\MountainCar-v0@warmup50_action_map.png
  저장: results\figures\MountainCar-v0@warmup50_learning_curves.png
보고서 저장: results\reports\2026-09-01_본실험보고서.html
Ⅳ장 생성: paper\04_결과.md
===== 2026-09-01 01:07:31 중간 집계 =====
  λ* [lazy vs rule_best] CI기준 0.01 / 점추정기준 0.01 — 격자 안에서 교차 지점 발견
  λ* [temporl vs rule_best] CI기준 0.01 / 점추정기준 0.01 — 격자 안에서 교차 지점 발견
  저장: results/aggregate/MountainCar-v0@warmup50_iqm.csv, MountainCar-v0@warmup50_lambda_star.json
  저장: results\figures\MountainCar-v0@warmup50_lambda_map_raw_return.png
  저장: results\figures\MountainCar-v0@warmup50_action_map.png
  저장: results\figures\MountainCar-v0@warmup50_learning_curves.png
보고서 저장: results\reports\2026-09-01_본실험보고서.html
Ⅳ장 생성: paper\04_결과.md
===== 2026-09-01 02:12:05 중간 집계 =====
  λ* [lazy vs rule_best] CI기준 0.01 / 점추정기준 0.01 — 격자 안에서 교차 지점 발견
  λ* [temporl vs rule_best] CI기준 0.01 / 점추정기준 0.01 — 격자 안에서 교차 지점 발견
  저장: results/aggregate/MountainCar-v0@warmup50_iqm.csv, MountainCar-v0@warmup50_lambda_star.json
  저장: results\figures\MountainCar-v0@warmup50_lambda_map_raw_return.png
  저장: results\figures\MountainCar-v0@warmup50_action_map.png
  저장: results\figures\MountainCar-v0@warmup50_learning_curves.png
보고서 저장: results\reports\2026-09-01_본실험보고서.html
Ⅳ장 생성: paper\04_결과.md
===== 2026-09-01 03:16:34 중간 집계 =====
  λ* [lazy vs rule_best] CI기준 0.01 / 점추정기준 0.01 — 격자 안에서 교차 지점 발견
  λ* [temporl vs rule_best] CI기준 0.01 / 점추정기준 0.01 — 격자 안에서 교차 지점 발견
  저장: results/aggregate/MountainCar-v0@warmup50_iqm.csv, MountainCar-v0@warmup50_lambda_star.json
  저장: results\figures\MountainCar-v0@warmup50_lambda_map_raw_return.png
  저장: results\figures\MountainCar-v0@warmup50_action_map.png
  저장: results\figures\MountainCar-v0@warmup50_learning_curves.png
보고서 저장: results\reports\2026-09-01_본실험보고서.html
Ⅳ장 생성: paper\04_결과.md
===== 2026-09-01 04:23:51 중간 집계 =====
  λ* [lazy vs rule_best] CI기준 0.01 / 점추정기준 0.01 — 격자 안에서 교차 지점 발견
  λ* [temporl vs rule_best] CI기준 0.01 / 점추정기준 0.01 — 격자 안에서 교차 지점 발견
  저장: results/aggregate/MountainCar-v0@warmup50_iqm.csv, MountainCar-v0@warmup50_lambda_star.json
  저장: results\figures\MountainCar-v0@warmup50_lambda_map_raw_return.png
  저장: results\figures\MountainCar-v0@warmup50_action_map.png
  저장: results\figures\MountainCar-v0@warmup50_learning_curves.png
보고서 저장: results\reports\2026-09-01_본실험보고서.html
Ⅳ장 생성: paper\04_결과.md
===== 2026-09-01 05:28:54 중간 집계 =====
  λ* [lazy vs rule_best] CI기준 0.01 / 점추정기준 0.01 — 격자 안에서 교차 지점 발견
  λ* [temporl vs rule_best] CI기준 0.01 / 점추정기준 0.01 — 격자 안에서 교차 지점 발견
  저장: results/aggregate/MountainCar-v0@warmup50_iqm.csv, MountainCar-v0@warmup50_lambda_star.json
  저장: results\figures\MountainCar-v0@warmup50_lambda_map_raw_return.png
  저장: results\figures\MountainCar-v0@warmup50_action_map.png
  저장: results\figures\MountainCar-v0@warmup50_learning_curves.png
보고서 저장: results\reports\2026-09-01_본실험보고서.html
Ⅳ장 생성: paper\04_결과.md
===== 2026-09-01 06:33:29 중간 집계 =====
  λ* [lazy vs rule_best] CI기준 0.01 / 점추정기준 0.01 — 격자 안에서 교차 지점 발견
  λ* [temporl vs rule_best] CI기준 0.01 / 점추정기준 0.01 — 격자 안에서 교차 지점 발견
  저장: results/aggregate/MountainCar-v0@warmup50_iqm.csv, MountainCar-v0@warmup50_lambda_star.json
  저장: results\figures\MountainCar-v0@warmup50_lambda_map_raw_return.png
  저장: results\figures\MountainCar-v0@warmup50_action_map.png
  저장: results\figures\MountainCar-v0@warmup50_learning_curves.png
보고서 저장: results\reports\2026-09-01_본실험보고서.html
Ⅳ장 생성: paper\04_결과.md
===== 2026-09-01 07:38:16 중간 집계 =====
  λ* [lazy vs rule_best] CI기준 0.01 / 점추정기준 0.01 — 격자 안에서 교차 지점 발견
  λ* [temporl vs rule_best] CI기준 0.01 / 점추정기준 0.01 — 격자 안에서 교차 지점 발견
  저장: results/aggregate/MountainCar-v0@warmup50_iqm.csv, MountainCar-v0@warmup50_lambda_star.json
  저장: results\figures\MountainCar-v0@warmup50_lambda_map_raw_return.png
  저장: results\figures\MountainCar-v0@warmup50_action_map.png
  저장: results\figures\MountainCar-v0@warmup50_learning_curves.png
보고서 저장: results\reports\2026-09-01_본실험보고서.html
Ⅳ장 생성: paper\04_결과.md
===== 2026-09-01 08:42:34 중간 집계 =====
  λ* [lazy vs rule_best] CI기준 0.01 / 점추정기준 0.01 — 격자 안에서 교차 지점 발견
  λ* [temporl vs rule_best] CI기준 0.01 / 점추정기준 0.01 — 격자 안에서 교차 지점 발견
  저장: results/aggregate/MountainCar-v0@warmup50_iqm.csv, MountainCar-v0@warmup50_lambda_star.json
  저장: results\figures\MountainCar-v0@warmup50_lambda_map_raw_return.png
  저장: results\figures\MountainCar-v0@warmup50_action_map.png
  저장: results\figures\MountainCar-v0@warmup50_learning_curves.png
보고서 저장: results\reports\2026-09-01_본실험보고서.html
Ⅳ장 생성: paper\04_결과.md
===== 2026-09-01 09:46:47 중간 집계 =====
  λ* [lazy vs rule_best] CI기준 0.01 / 점추정기준 0.01 — 격자 안에서 교차 지점 발견
  λ* [temporl vs rule_best] CI기준 0.01 / 점추정기준 0.01 — 격자 안에서 교차 지점 발견
  저장: results/aggregate/MountainCar-v0@warmup50_iqm.csv, MountainCar-v0@warmup50_lambda_star.json
  저장: results\figures\MountainCar-v0@warmup50_lambda_map_raw_return.png
  저장: results\figures\MountainCar-v0@warmup50_action_map.png
  저장: results\figures\MountainCar-v0@warmup50_learning_curves.png
보고서 저장: results\reports\2026-09-01_본실험보고서.html
Ⅳ장 생성: paper\04_결과.md
===== 2026-09-01 10:51:47 중간 집계 =====
  λ* [lazy vs rule_best] CI기준 0.01 / 점추정기준 0.01 — 격자 안에서 교차 지점 발견
  λ* [temporl vs rule_best] CI기준 0.01 / 점추정기준 0.01 — 격자 안에서 교차 지점 발견
  저장: results/aggregate/MountainCar-v0@warmup50_iqm.csv, MountainCar-v0@warmup50_lambda_star.json
  저장: results\figures\MountainCar-v0@warmup50_lambda_map_raw_return.png
  저장: results\figures\MountainCar-v0@warmup50_action_map.png
  저장: results\figures\MountainCar-v0@warmup50_learning_curves.png
보고서 저장: results\reports\2026-09-01_본실험보고서.html
Ⅳ장 생성: paper\04_결과.md
===== 2026-09-01 11:56:34 중간 집계 =====
  λ* [lazy vs rule_best] CI기준 0.01 / 점추정기준 0.01 — 격자 안에서 교차 지점 발견
  λ* [temporl vs rule_best] CI기준 0.01 / 점추정기준 0.01 — 격자 안에서 교차 지점 발견
  저장: results/aggregate/MountainCar-v0@warmup50_iqm.csv, MountainCar-v0@warmup50_lambda_star.json
  저장: results\figures\MountainCar-v0@warmup50_lambda_map_raw_return.png
  저장: results\figures\MountainCar-v0@warmup50_action_map.png
  저장: results\figures\MountainCar-v0@warmup50_learning_curves.png
보고서 저장: results\reports\2026-09-01_본실험보고서.html
Ⅳ장 생성: paper\04_결과.md
===== 2026-09-01 13:01:04 중간 집계 =====
  λ* [lazy vs rule_best] CI기준 0.01 / 점추정기준 0.01 — 격자 안에서 교차 지점 발견
  λ* [temporl vs rule_best] CI기준 0.01 / 점추정기준 0.01 — 격자 안에서 교차 지점 발견
  저장: results/aggregate/MountainCar-v0@warmup50_iqm.csv, MountainCar-v0@warmup50_lambda_star.json
  저장: results\figures\MountainCar-v0@warmup50_lambda_map_raw_return.png
  저장: results\figures\MountainCar-v0@warmup50_action_map.png
  저장: results\figures\MountainCar-v0@warmup50_learning_curves.png
보고서 저장: results\reports\2026-09-01_본실험보고서.html
Ⅳ장 생성: paper\04_결과.md
===== 2026-09-01 14:06:06 중간 집계 =====
  λ* [lazy vs rule_best] CI기준 0.01 / 점추정기준 0.01 — 격자 안에서 교차 지점 발견
  λ* [temporl vs rule_best] CI기준 0.01 / 점추정기준 0.01 — 격자 안에서 교차 지점 발견
  저장: results/aggregate/MountainCar-v0@warmup50_iqm.csv, MountainCar-v0@warmup50_lambda_star.json
  저장: results\figures\MountainCar-v0@warmup50_lambda_map_raw_return.png
  저장: results\figures\MountainCar-v0@warmup50_action_map.png
  저장: results\figures\MountainCar-v0@warmup50_learning_curves.png
보고서 저장: results\reports\2026-09-01_본실험보고서.html
Ⅳ장 생성: paper\04_결과.md
===== 2026-09-01 15:13:00 중간 집계 =====
  λ* [lazy vs rule_best] CI기준 0.01 / 점추정기준 0.01 — 격자 안에서 교차 지점 발견
  λ* [temporl vs rule_best] CI기준 0.01 / 점추정기준 0.01 — 격자 안에서 교차 지점 발견
  저장: results/aggregate/MountainCar-v0@warmup50_iqm.csv, MountainCar-v0@warmup50_lambda_star.json
  저장: results\figures\MountainCar-v0@warmup50_lambda_map_raw_return.png
  저장: results\figures\MountainCar-v0@warmup50_action_map.png
  저장: results\figures\MountainCar-v0@warmup50_learning_curves.png
보고서 저장: results\reports\2026-09-01_본실험보고서.html
Ⅳ장 생성: paper\04_결과.md
===== 2026-09-01 16:18:00 중간 집계 =====
  λ* [lazy vs rule_best] CI기준 0.01 / 점추정기준 0.01 — 격자 안에서 교차 지점 발견
  λ* [temporl vs rule_best] CI기준 0.01 / 점추정기준 0.01 — 격자 안에서 교차 지점 발견
  저장: results/aggregate/MountainCar-v0@warmup50_iqm.csv, MountainCar-v0@warmup50_lambda_star.json
  저장: results\figures\MountainCar-v0@warmup50_lambda_map_raw_return.png
  저장: results\figures\MountainCar-v0@warmup50_action_map.png
  저장: results\figures\MountainCar-v0@warmup50_learning_curves.png
보고서 저장: results\reports\2026-09-01_본실험보고서.html
Ⅳ장 생성: paper\04_결과.md
===== 2026-09-01 17:23:03 중간 집계 =====
  λ* [lazy vs rule_best] CI기준 0.01 / 점추정기준 0.01 — 격자 안에서 교차 지점 발견
  λ* [temporl vs rule_best] CI기준 0.01 / 점추정기준 0.01 — 격자 안에서 교차 지점 발견
  저장: results/aggregate/MountainCar-v0@warmup50_iqm.csv, MountainCar-v0@warmup50_lambda_star.json
  저장: results\figures\MountainCar-v0@warmup50_lambda_map_raw_return.png
  저장: results\figures\MountainCar-v0@warmup50_action_map.png
  저장: results\figures\MountainCar-v0@warmup50_learning_curves.png
보고서 저장: results\reports\2026-09-01_본실험보고서.html
Ⅳ장 생성: paper\04_결과.md
===== 2026-09-01 18:25:49 중간 집계 =====
  λ* [lazy vs rule_best] CI기준 0.01 / 점추정기준 0.01 — 격자 안에서 교차 지점 발견
  λ* [temporl vs rule_best] CI기준 0.01 / 점추정기준 0.01 — 격자 안에서 교차 지점 발견
  저장: results/aggregate/MountainCar-v0@warmup50_iqm.csv, MountainCar-v0@warmup50_lambda_star.json
  저장: results\figures\MountainCar-v0@warmup50_lambda_map_raw_return.png
  저장: results\figures\MountainCar-v0@warmup50_action_map.png
  저장: results\figures\MountainCar-v0@warmup50_learning_curves.png
보고서 저장: results\reports\2026-09-01_본실험보고서.html
Ⅳ장 생성: paper\04_결과.md
===== 2026-09-01 19:28:32 중간 집계 =====
  λ* [lazy vs rule_best] CI기준 0.01 / 점추정기준 0.01 — 격자 안에서 교차 지점 발견
  λ* [temporl vs rule_best] CI기준 0.01 / 점추정기준 0.01 — 격자 안에서 교차 지점 발견
  저장: results/aggregate/MountainCar-v0@warmup50_iqm.csv, MountainCar-v0@warmup50_lambda_star.json
  저장: results\figures\MountainCar-v0@warmup50_lambda_map_raw_return.png
  저장: results\figures\MountainCar-v0@warmup50_action_map.png
  저장: results\figures\MountainCar-v0@warmup50_learning_curves.png
보고서 저장: results\reports\2026-09-01_본실험보고서.html
Ⅳ장 생성: paper\04_결과.md
===== 2026-09-01 20:31:19 중간 집계 =====
  λ* [lazy vs rule_best] CI기준 0.01 / 점추정기준 0.01 — 격자 안에서 교차 지점 발견
  λ* [temporl vs rule_best] CI기준 0.01 / 점추정기준 0.01 — 격자 안에서 교차 지점 발견
  저장: results/aggregate/MountainCar-v0@warmup50_iqm.csv, MountainCar-v0@warmup50_lambda_star.json
  저장: results\figures\MountainCar-v0@warmup50_lambda_map_raw_return.png
  저장: results\figures\MountainCar-v0@warmup50_action_map.png
  저장: results\figures\MountainCar-v0@warmup50_learning_curves.png
보고서 저장: results\reports\2026-09-01_본실험보고서.html
Ⅳ장 생성: paper\04_결과.md
===== 2026-09-01 21:34:01 중간 집계 =====
  λ* [lazy vs rule_best] CI기준 0.01 / 점추정기준 0.01 — 격자 안에서 교차 지점 발견
  λ* [temporl vs rule_best] CI기준 0.01 / 점추정기준 0.01 — 격자 안에서 교차 지점 발견
  저장: results/aggregate/MountainCar-v0@warmup50_iqm.csv, MountainCar-v0@warmup50_lambda_star.json
  저장: results\figures\MountainCar-v0@warmup50_lambda_map_raw_return.png
  저장: results\figures\MountainCar-v0@warmup50_action_map.png
  저장: results\figures\MountainCar-v0@warmup50_learning_curves.png
보고서 저장: results\reports\2026-09-01_본실험보고서.html
Ⅳ장 생성: paper\04_결과.md
===== 2026-09-01 22:36:41 중간 집계 =====
  λ* [lazy vs rule_best] CI기준 0.01 / 점추정기준 0.01 — 격자 안에서 교차 지점 발견
  λ* [temporl vs rule_best] CI기준 0.01 / 점추정기준 0.01 — 격자 안에서 교차 지점 발견
  저장: results/aggregate/MountainCar-v0@warmup50_iqm.csv, MountainCar-v0@warmup50_lambda_star.json
  저장: results\figures\MountainCar-v0@warmup50_lambda_map_raw_return.png
  저장: results\figures\MountainCar-v0@warmup50_action_map.png
  저장: results\figures\MountainCar-v0@warmup50_learning_curves.png
보고서 저장: results\reports\2026-09-01_본실험보고서.html
Ⅳ장 생성: paper\04_결과.md
===== 2026-09-01 23:39:25 중간 집계 =====
  λ* [lazy vs rule_best] CI기준 0.01 / 점추정기준 0.01 — 격자 안에서 교차 지점 발견
  λ* [temporl vs rule_best] CI기준 0.01 / 점추정기준 0.01 — 격자 안에서 교차 지점 발견
  저장: results/aggregate/MountainCar-v0@warmup50_iqm.csv, MountainCar-v0@warmup50_lambda_star.json
  저장: results\figures\MountainCar-v0@warmup50_lambda_map_raw_return.png
  저장: results\figures\MountainCar-v0@warmup50_action_map.png
  저장: results\figures\MountainCar-v0@warmup50_learning_curves.png
보고서 저장: results\reports\2026-09-01_본실험보고서.html
Ⅳ장 생성: paper\04_결과.md
===== 2026-09-02 00:44:17 중간 집계 =====
  λ* [lazy vs rule_best] CI기준 0.01 / 점추정기준 0.01 — 격자 안에서 교차 지점 발견
  λ* [temporl vs rule_best] CI기준 0.01 / 점추정기준 0.01 — 격자 안에서 교차 지점 발견
  저장: results/aggregate/MountainCar-v0@warmup50_iqm.csv, MountainCar-v0@warmup50_lambda_star.json
  저장: results\figures\MountainCar-v0@warmup50_lambda_map_raw_return.png
  저장: results\figures\MountainCar-v0@warmup50_action_map.png
  저장: results\figures\MountainCar-v0@warmup50_learning_curves.png
보고서 저장: results\reports\2026-09-02_본실험보고서.html
Ⅳ장 생성: paper\04_결과.md
===== 2026-09-02 01:47:01 중간 집계 =====
  λ* [lazy vs rule_best] CI기준 0.01 / 점추정기준 0.01 — 격자 안에서 교차 지점 발견
  λ* [temporl vs rule_best] CI기준 0.01 / 점추정기준 0.01 — 격자 안에서 교차 지점 발견
  저장: results/aggregate/MountainCar-v0@warmup50_iqm.csv, MountainCar-v0@warmup50_lambda_star.json
  저장: results\figures\MountainCar-v0@warmup50_lambda_map_raw_return.png
  저장: results\figures\MountainCar-v0@warmup50_action_map.png
  저장: results\figures\MountainCar-v0@warmup50_learning_curves.png
보고서 저장: results\reports\2026-09-02_본실험보고서.html
Ⅳ장 생성: paper\04_결과.md
===== 2026-09-02 02:49:43 중간 집계 =====
  λ* [lazy vs rule_best] CI기준 0.01 / 점추정기준 0.01 — 격자 안에서 교차 지점 발견
  λ* [temporl vs rule_best] CI기준 0.01 / 점추정기준 0.01 — 격자 안에서 교차 지점 발견
  저장: results/aggregate/MountainCar-v0@warmup50_iqm.csv, MountainCar-v0@warmup50_lambda_star.json
  저장: results\figures\MountainCar-v0@warmup50_lambda_map_raw_return.png
  저장: results\figures\MountainCar-v0@warmup50_action_map.png
  저장: results\figures\MountainCar-v0@warmup50_learning_curves.png
보고서 저장: results\reports\2026-09-02_본실험보고서.html
Ⅳ장 생성: paper\04_결과.md
===== 2026-09-02 03:52:26 중간 집계 =====
  λ* [lazy vs rule_best] CI기준 0.01 / 점추정기준 0.01 — 격자 안에서 교차 지점 발견
  λ* [temporl vs rule_best] CI기준 0.01 / 점추정기준 0.01 — 격자 안에서 교차 지점 발견
  저장: results/aggregate/MountainCar-v0@warmup50_iqm.csv, MountainCar-v0@warmup50_lambda_star.json
  저장: results\figures\MountainCar-v0@warmup50_lambda_map_raw_return.png
  저장: results\figures\MountainCar-v0@warmup50_action_map.png
  저장: results\figures\MountainCar-v0@warmup50_learning_curves.png
보고서 저장: results\reports\2026-09-02_본실험보고서.html
Ⅳ장 생성: paper\04_결과.md
===== 2026-09-02 04:55:07 중간 집계 =====
  λ* [lazy vs rule_best] CI기준 0.01 / 점추정기준 0.01 — 격자 안에서 교차 지점 발견
  λ* [temporl vs rule_best] CI기준 0.01 / 점추정기준 0.01 — 격자 안에서 교차 지점 발견
  저장: results/aggregate/MountainCar-v0@warmup50_iqm.csv, MountainCar-v0@warmup50_lambda_star.json
  저장: results\figures\MountainCar-v0@warmup50_lambda_map_raw_return.png
  저장: results\figures\MountainCar-v0@warmup50_action_map.png
  저장: results\figures\MountainCar-v0@warmup50_learning_curves.png
보고서 저장: results\reports\2026-09-02_본실험보고서.html
Ⅳ장 생성: paper\04_결과.md
===== 2026-09-02 06:00:06 중간 집계 =====
  λ* [lazy vs rule_best] CI기준 0.01 / 점추정기준 0.01 — 격자 안에서 교차 지점 발견
  λ* [temporl vs rule_best] CI기준 0.01 / 점추정기준 0.01 — 격자 안에서 교차 지점 발견
  저장: results/aggregate/MountainCar-v0@warmup50_iqm.csv, MountainCar-v0@warmup50_lambda_star.json
  저장: results\figures\MountainCar-v0@warmup50_lambda_map_raw_return.png
  저장: results\figures\MountainCar-v0@warmup50_action_map.png
  저장: results\figures\MountainCar-v0@warmup50_learning_curves.png
보고서 저장: results\reports\2026-09-02_본실험보고서.html
Ⅳ장 생성: paper\04_결과.md
===== 2026-09-02 07:02:46 중간 집계 =====
  λ* [lazy vs rule_best] CI기준 0.01 / 점추정기준 0.01 — 격자 안에서 교차 지점 발견
  λ* [temporl vs rule_best] CI기준 0.01 / 점추정기준 0.01 — 격자 안에서 교차 지점 발견
  저장: results/aggregate/MountainCar-v0@warmup50_iqm.csv, MountainCar-v0@warmup50_lambda_star.json
  저장: results\figures\MountainCar-v0@warmup50_lambda_map_raw_return.png
  저장: results\figures\MountainCar-v0@warmup50_action_map.png
  저장: results\figures\MountainCar-v0@warmup50_learning_curves.png
보고서 저장: results\reports\2026-09-02_본실험보고서.html
Ⅳ장 생성: paper\04_결과.md
===== 2026-09-02 08:05:26 중간 집계 =====
  λ* [lazy vs rule_best] CI기준 0.01 / 점추정기준 0.01 — 격자 안에서 교차 지점 발견
  λ* [temporl vs rule_best] CI기준 0.01 / 점추정기준 0.01 — 격자 안에서 교차 지점 발견
  저장: results/aggregate/MountainCar-v0@warmup50_iqm.csv, MountainCar-v0@warmup50_lambda_star.json
  저장: results\figures\MountainCar-v0@warmup50_lambda_map_raw_return.png
  저장: results\figures\MountainCar-v0@warmup50_action_map.png
  저장: results\figures\MountainCar-v0@warmup50_learning_curves.png
보고서 저장: results\reports\2026-09-02_본실험보고서.html
Ⅳ장 생성: paper\04_결과.md
===== 2026-09-02 09:08:09 중간 집계 =====
  λ* [lazy vs rule_best] CI기준 0.01 / 점추정기준 0.01 — 격자 안에서 교차 지점 발견
  λ* [temporl vs rule_best] CI기준 0.01 / 점추정기준 0.01 — 격자 안에서 교차 지점 발견
  저장: results/aggregate/MountainCar-v0@warmup50_iqm.csv, MountainCar-v0@warmup50_lambda_star.json
  저장: results\figures\MountainCar-v0@warmup50_lambda_map_raw_return.png
  저장: results\figures\MountainCar-v0@warmup50_action_map.png
  저장: results\figures\MountainCar-v0@warmup50_learning_curves.png
보고서 저장: results\reports\2026-09-02_본실험보고서.html
Ⅳ장 생성: paper\04_결과.md
===== 2026-09-02 10:10:48 중간 집계 =====
  λ* [lazy vs rule_best] CI기준 0.01 / 점추정기준 0.01 — 격자 안에서 교차 지점 발견
  λ* [temporl vs rule_best] CI기준 0.01 / 점추정기준 0.01 — 격자 안에서 교차 지점 발견
  저장: results/aggregate/MountainCar-v0@warmup50_iqm.csv, MountainCar-v0@warmup50_lambda_star.json
  저장: results\figures\MountainCar-v0@warmup50_lambda_map_raw_return.png
  저장: results\figures\MountainCar-v0@warmup50_action_map.png
  저장: results\figures\MountainCar-v0@warmup50_learning_curves.png
보고서 저장: results\reports\2026-09-02_본실험보고서.html
Ⅳ장 생성: paper\04_결과.md
===== 2026-09-02 11:13:29 중간 집계 =====
  λ* [lazy vs rule_best] CI기준 0.01 / 점추정기준 0.01 — 격자 안에서 교차 지점 발견
  λ* [temporl vs rule_best] CI기준 0.01 / 점추정기준 0.01 — 격자 안에서 교차 지점 발견
  저장: results/aggregate/MountainCar-v0@warmup50_iqm.csv, MountainCar-v0@warmup50_lambda_star.json
  저장: results\figures\MountainCar-v0@warmup50_lambda_map_raw_return.png
  저장: results\figures\MountainCar-v0@warmup50_action_map.png
  저장: results\figures\MountainCar-v0@warmup50_learning_curves.png
보고서 저장: results\reports\2026-09-02_본실험보고서.html
Ⅳ장 생성: paper\04_결과.md
===== 2026-09-02 12:16:10 중간 집계 =====
  λ* [lazy vs rule_best] CI기준 0.01 / 점추정기준 0.01 — 격자 안에서 교차 지점 발견
  λ* [temporl vs rule_best] CI기준 0.01 / 점추정기준 0.01 — 격자 안에서 교차 지점 발견
  저장: results/aggregate/MountainCar-v0@warmup50_iqm.csv, MountainCar-v0@warmup50_lambda_star.json
  저장: results\figures\MountainCar-v0@warmup50_lambda_map_raw_return.png
  저장: results\figures\MountainCar-v0@warmup50_action_map.png
  저장: results\figures\MountainCar-v0@warmup50_learning_curves.png
보고서 저장: results\reports\2026-09-02_본실험보고서.html
Ⅳ장 생성: paper\04_결과.md
===== 2026-09-02 13:18:55 중간 집계 =====
  λ* [lazy vs rule_best] CI기준 0.01 / 점추정기준 0.01 — 격자 안에서 교차 지점 발견
  λ* [temporl vs rule_best] CI기준 0.01 / 점추정기준 0.01 — 격자 안에서 교차 지점 발견
  저장: results/aggregate/MountainCar-v0@warmup50_iqm.csv, MountainCar-v0@warmup50_lambda_star.json
  저장: results\figures\MountainCar-v0@warmup50_lambda_map_raw_return.png
  저장: results\figures\MountainCar-v0@warmup50_action_map.png
  저장: results\figures\MountainCar-v0@warmup50_learning_curves.png
보고서 저장: results\reports\2026-09-02_본실험보고서.html
Ⅳ장 생성: paper\04_결과.md
===== 2026-09-02 14:24:05 중간 집계 =====
  λ* [lazy vs rule_best] CI기준 0.01 / 점추정기준 0.01 — 격자 안에서 교차 지점 발견
  λ* [temporl vs rule_best] CI기준 0.01 / 점추정기준 0.01 — 격자 안에서 교차 지점 발견
  저장: results/aggregate/MountainCar-v0@warmup50_iqm.csv, MountainCar-v0@warmup50_lambda_star.json
  저장: results\figures\MountainCar-v0@warmup50_lambda_map_raw_return.png
  저장: results\figures\MountainCar-v0@warmup50_action_map.png
  저장: results\figures\MountainCar-v0@warmup50_learning_curves.png
보고서 저장: results\reports\2026-09-02_본실험보고서.html
Ⅳ장 생성: paper\04_결과.md
===== 2026-09-02 15:26:51 중간 집계 =====
  λ* [lazy vs rule_best] CI기준 0.01 / 점추정기준 0.01 — 격자 안에서 교차 지점 발견
  λ* [temporl vs rule_best] CI기준 0.01 / 점추정기준 0.01 — 격자 안에서 교차 지점 발견
  저장: results/aggregate/MountainCar-v0@warmup50_iqm.csv, MountainCar-v0@warmup50_lambda_star.json
  저장: results\figures\MountainCar-v0@warmup50_lambda_map_raw_return.png
  저장: results\figures\MountainCar-v0@warmup50_action_map.png
  저장: results\figures\MountainCar-v0@warmup50_learning_curves.png
보고서 저장: results\reports\2026-09-02_본실험보고서.html
Ⅳ장 생성: paper\04_결과.md
===== 2026-09-02 16:29:40 중간 집계 =====
  λ* [lazy vs rule_best] CI기준 0.01 / 점추정기준 0.01 — 격자 안에서 교차 지점 발견
  λ* [temporl vs rule_best] CI기준 0.01 / 점추정기준 0.01 — 격자 안에서 교차 지점 발견
  저장: results/aggregate/MountainCar-v0@warmup50_iqm.csv, MountainCar-v0@warmup50_lambda_star.json
  저장: results\figures\MountainCar-v0@warmup50_lambda_map_raw_return.png
  저장: results\figures\MountainCar-v0@warmup50_action_map.png
  저장: results\figures\MountainCar-v0@warmup50_learning_curves.png
보고서 저장: results\reports\2026-09-02_본실험보고서.html
Ⅳ장 생성: paper\04_결과.md
===== 2026-09-02 17:32:36 중간 집계 =====
  λ* [lazy vs rule_best] CI기준 0.01 / 점추정기준 0.01 — 격자 안에서 교차 지점 발견
  λ* [temporl vs rule_best] CI기준 0.01 / 점추정기준 0.01 — 격자 안에서 교차 지점 발견
  저장: results/aggregate/MountainCar-v0@warmup50_iqm.csv, MountainCar-v0@warmup50_lambda_star.json
  저장: results\figures\MountainCar-v0@warmup50_lambda_map_raw_return.png
  저장: results\figures\MountainCar-v0@warmup50_action_map.png
  저장: results\figures\MountainCar-v0@warmup50_learning_curves.png
보고서 저장: results\reports\2026-09-02_본실험보고서.html
Ⅳ장 생성: paper\04_결과.md
===== 2026-09-02 18:37:51 중간 집계 =====
  λ* [lazy vs rule_best] CI기준 0.01 / 점추정기준 0.01 — 격자 안에서 교차 지점 발견
  λ* [temporl vs rule_best] CI기준 0.01 / 점추정기준 0.01 — 격자 안에서 교차 지점 발견
  저장: results/aggregate/MountainCar-v0@warmup50_iqm.csv, MountainCar-v0@warmup50_lambda_star.json
  저장: results\figures\MountainCar-v0@warmup50_lambda_map_raw_return.png
  저장: results\figures\MountainCar-v0@warmup50_action_map.png
  저장: results\figures\MountainCar-v0@warmup50_learning_curves.png
보고서 저장: results\reports\2026-09-02_본실험보고서.html
Ⅳ장 생성: paper\04_결과.md
===== 2026-09-02 19:41:00 중간 집계 =====
  λ* [lazy vs rule_best] CI기준 0.01 / 점추정기준 0.01 — 격자 안에서 교차 지점 발견
  λ* [temporl vs rule_best] CI기준 0.01 / 점추정기준 0.01 — 격자 안에서 교차 지점 발견
  저장: results/aggregate/MountainCar-v0@warmup50_iqm.csv, MountainCar-v0@warmup50_lambda_star.json
  저장: results\figures\MountainCar-v0@warmup50_lambda_map_raw_return.png
  저장: results\figures\MountainCar-v0@warmup50_action_map.png
  저장: results\figures\MountainCar-v0@warmup50_learning_curves.png
보고서 저장: results\reports\2026-09-02_본실험보고서.html
Ⅳ장 생성: paper\04_결과.md
===== 2026-09-02 20:43:54 중간 집계 =====
  λ* [lazy vs rule_best] CI기준 0.01 / 점추정기준 0.01 — 격자 안에서 교차 지점 발견
  λ* [temporl vs rule_best] CI기준 0.01 / 점추정기준 0.01 — 격자 안에서 교차 지점 발견
  저장: results/aggregate/MountainCar-v0@warmup50_iqm.csv, MountainCar-v0@warmup50_lambda_star.json
  저장: results\figures\MountainCar-v0@warmup50_lambda_map_raw_return.png
  저장: results\figures\MountainCar-v0@warmup50_action_map.png
  저장: results\figures\MountainCar-v0@warmup50_learning_curves.png
보고서 저장: results\reports\2026-09-02_본실험보고서.html
Ⅳ장 생성: paper\04_결과.md
