[규칙 rule_noop          λ=0.0] r IQM  -136.08 | r' IQM  -136.08 | 행동    0.0회 | 성공률 100.0% (마지막 시드 기준)
[규칙 rule_periodic_k1   λ=0.0] r IQM  -551.99 | r' IQM  -551.99 | 행동   67.2회 | 성공률 100.0% (마지막 시드 기준)
[규칙 rule_periodic_k2   λ=0.0] r IQM  -362.87 | r' IQM  -362.87 | 행동   34.3회 | 성공률 100.0% (마지막 시드 기준)
[규칙 rule_periodic_k4   λ=0.0] r IQM  -229.26 | r' IQM  -229.26 | 행동   17.9회 | 성공률 100.0% (마지막 시드 기준)
[규칙 rule_periodic_k8   λ=0.0] r IQM  -158.79 | r' IQM  -158.79 | 행동    9.2회 | 성공률 100.0% (마지막 시드 기준)
[규칙 rule_threshold     λ=0.0] r IQM    34.87 | r' IQM    34.87 | 행동  121.2회 | 성공률 100.0% (마지막 시드 기준)
[규칙 rule_noop          λ=0.1] r IQM  -136.08 | r' IQM  -136.08 | 행동    0.0회 | 성공률 100.0% (마지막 시드 기준)
[규칙 rule_periodic_k1   λ=0.1] r IQM  -551.99 | r' IQM  -558.57 | 행동   67.2회 | 성공률 100.0% (마지막 시드 기준)
[규칙 rule_periodic_k2   λ=0.1] r IQM  -362.87 | r' IQM  -366.29 | 행동   34.3회 | 성공률 100.0% (마지막 시드 기준)
[규칙 rule_periodic_k4   λ=0.1] r IQM  -229.26 | r' IQM  -231.08 | 행동   17.9회 | 성공률 100.0% (마지막 시드 기준)
[규칙 rule_periodic_k8   λ=0.1] r IQM  -158.79 | r' IQM  -159.70 | 행동    9.2회 | 성공률 100.0% (마지막 시드 기준)
[규칙 rule_threshold     λ=0.1] r IQM    34.87 | r' IQM    22.57 | 행동  121.2회 | 성공률 100.0% (마지막 시드 기준)
[규칙 rule_noop          λ=0.3] r IQM  -136.08 | r' IQM  -136.08 | 행동    0.0회 | 성공률 100.0% (마지막 시드 기준)
[규칙 rule_periodic_k1   λ=0.3] r IQM  -551.99 | r' IQM  -571.74 | 행동   67.2회 | 성공률 100.0% (마지막 시드 기준)
[규칙 rule_periodic_k2   λ=0.3] r IQM  -362.87 | r' IQM  -373.14 | 행동   34.3회 | 성공률 100.0% (마지막 시드 기준)
[규칙 rule_periodic_k4   λ=0.3] r IQM  -229.26 | r' IQM  -234.70 | 행동   17.9회 | 성공률 100.0% (마지막 시드 기준)
[규칙 rule_periodic_k8   λ=0.3] r IQM  -158.79 | r' IQM  -161.52 | 행동    9.2회 | 성공률 100.0% (마지막 시드 기준)
[규칙 rule_threshold     λ=0.3] r IQM    34.87 | r' IQM    -2.08 | 행동  121.2회 | 성공률 100.0% (마지막 시드 기준)
[규칙 rule_noop          λ=0.6] r IQM  -136.08 | r' IQM  -136.08 | 행동    0.0회 | 성공률 100.0% (마지막 시드 기준)
[규칙 rule_periodic_k1   λ=0.6] r IQM  -551.99 | r' IQM  -591.48 | 행동   67.2회 | 성공률 100.0% (마지막 시드 기준)
[규칙 rule_periodic_k2   λ=0.6] r IQM  -362.87 | r' IQM  -383.41 | 행동   34.3회 | 성공률 100.0% (마지막 시드 기준)
[규칙 rule_periodic_k4   λ=0.6] r IQM  -229.26 | r' IQM  -240.14 | 행동   17.9회 | 성공률 100.0% (마지막 시드 기준)
[규칙 rule_periodic_k8   λ=0.6] r IQM  -158.79 | r' IQM  -164.24 | 행동    9.2회 | 성공률 100.0% (마지막 시드 기준)
[규칙 rule_threshold     λ=0.6] r IQM    34.87 | r' IQM   -39.05 | 행동  121.2회 | 성공률 100.0% (마지막 시드 기준)
[규칙 rule_noop          λ=1.0] r IQM  -136.08 | r' IQM  -136.08 | 행동    0.0회 | 성공률 100.0% (마지막 시드 기준)
[규칙 rule_periodic_k1   λ=1.0] r IQM  -551.99 | r' IQM  -617.81 | 행동   67.2회 | 성공률 100.0% (마지막 시드 기준)
[규칙 rule_periodic_k2   λ=1.0] r IQM  -362.87 | r' IQM  -397.04 | 행동   34.3회 | 성공률 100.0% (마지막 시드 기준)
[규칙 rule_periodic_k4   λ=1.0] r IQM  -229.26 | r' IQM  -247.40 | 행동   17.9회 | 성공률 100.0% (마지막 시드 기준)
[규칙 rule_periodic_k8   λ=1.0] r IQM  -158.79 | r' IQM  -167.87 | 행동    9.2회 | 성공률 100.0% (마지막 시드 기준)
[규칙 rule_threshold     λ=1.0] r IQM    34.87 | r' IQM   -88.05 | 행동  121.2회 | 성공률 100.0% (마지막 시드 기준)
[규칙 rule_noop          λ=1.37] r IQM  -136.08 | r' IQM  -136.08 | 행동    0.0회 | 성공률 100.0% (마지막 시드 기준)
[규칙 rule_periodic_k1   λ=1.37] r IQM  -551.99 | r' IQM  -642.17 | 행동   67.2회 | 성공률 100.0% (마지막 시드 기준)
[규칙 rule_periodic_k2   λ=1.37] r IQM  -362.87 | r' IQM  -409.61 | 행동   34.3회 | 성공률 100.0% (마지막 시드 기준)
[규칙 rule_periodic_k4   λ=1.37] r IQM  -229.26 | r' IQM  -254.13 | 행동   17.9회 | 성공률 100.0% (마지막 시드 기준)
[규칙 rule_periodic_k8   λ=1.37] r IQM  -158.79 | r' IQM  -171.23 | 행동    9.2회 | 성공률 100.0% (마지막 시드 기준)
[규칙 rule_threshold     λ=1.37] r IQM    34.87 | r' IQM  -133.25 | 행동  121.2회 | 성공률 100.0% (마지막 시드 기준)
[규칙 rule_noop          λ=2.0] r IQM  -136.08 | r' IQM  -136.08 | 행동    0.0회 | 성공률 100.0% (마지막 시드 기준)
[규칙 rule_periodic_k1   λ=2.0] r IQM  -551.99 | r' IQM  -683.61 | 행동   67.2회 | 성공률 100.0% (마지막 시드 기준)
[규칙 rule_periodic_k2   λ=2.0] r IQM  -362.87 | r' IQM  -430.95 | 행동   34.3회 | 성공률 100.0% (마지막 시드 기준)
[규칙 rule_periodic_k4   λ=2.0] r IQM  -229.26 | r' IQM  -265.58 | 행동   17.9회 | 성공률 100.0% (마지막 시드 기준)
[규칙 rule_periodic_k8   λ=2.0] r IQM  -158.79 | r' IQM  -176.95 | 행동    9.2회 | 성공률 100.0% (마지막 시드 기준)
[규칙 rule_threshold     λ=2.0] r IQM    34.87 | r' IQM  -210.45 | 행동  121.2회 | 성공률 100.0% (마지막 시드 기준)
[규칙 rule_noop          λ=3.0] r IQM  -136.08 | r' IQM  -136.08 | 행동    0.0회 | 성공률 100.0% (마지막 시드 기준)
[규칙 rule_periodic_k1   λ=3.0] r IQM  -551.99 | r' IQM  -749.42 | 행동   67.2회 | 성공률 100.0% (마지막 시드 기준)
[규칙 rule_periodic_k2   λ=3.0] r IQM  -362.87 | r' IQM  -464.71 | 행동   34.3회 | 성공률 100.0% (마지막 시드 기준)
[규칙 rule_periodic_k4   λ=3.0] r IQM  -229.26 | r' IQM  -283.66 | 행동   17.9회 | 성공률 100.0% (마지막 시드 기준)
[규칙 rule_periodic_k8   λ=3.0] r IQM  -158.79 | r' IQM  -186.04 | 행동    9.2회 | 성공률 100.0% (마지막 시드 기준)
[규칙 rule_threshold     λ=3.0] r IQM    34.87 | r' IQM  -331.82 | 행동  121.2회 | 성공률 100.0% (마지막 시드 기준)
