[연결] results/progress_pilot_b_lunarlander.json 종료를 기다린 뒤 experiments/configs/main_lunarlander.yaml 발사
[연결] 파일럿 종료 확인 — 본실험 main_lunarlander 발사 23:37:59
[러너] main_lunarlander | 총 180조건 | 이미 완료 6 | 동시 5개
  ▶ 시작 LunarLander-v3/dqn/lam0.1/seed0 (시도 1)
  ▶ 시작 LunarLander-v3/dqn/lam0.3/seed0 (시도 1)
  ▶ 시작 LunarLander-v3/dqn/lam0.6/seed0 (시도 1)
  ▶ 시작 LunarLander-v3/dqn/lam1.0/seed0 (시도 1)
  ▶ 시작 LunarLander-v3/dqn/lam1.37/seed0 (시도 1)
  ✔ 완료 LunarLander-v3/dqn/lam1.37/seed0 (10.0분)
  ▶ 시작 LunarLander-v3/temporl/lam0.1/seed0 (시도 1)
  ✔ 완료 LunarLander-v3/dqn/lam0.3/seed0 (10.1분)
  ▶ 시작 LunarLander-v3/temporl/lam0.3/seed0 (시도 1)
  ✔ 완료 LunarLander-v3/dqn/lam0.6/seed0 (10.1분)
  ✔ 완료 LunarLander-v3/dqn/lam1.0/seed0 (10.1분)
  ▶ 시작 LunarLander-v3/temporl/lam0.6/seed0 (시도 1)
  ▶ 시작 LunarLander-v3/temporl/lam1.0/seed0 (시도 1)
  ✔ 완료 LunarLander-v3/dqn/lam0.1/seed0 (10.2분)
  ▶ 시작 LunarLander-v3/temporl/lam1.37/seed0 (시도 1)
[러너] main_lunarlander | 총 180조건 | 이미 완료 0 | 동시 5개
  ▶ 시작 LunarLander-v3/dqn/lam0.0/seed0 (시도 1)
  ▶ 시작 LunarLander-v3/dqn/lam0.1/seed0 (시도 1)
  ▶ 시작 LunarLander-v3/dqn/lam0.3/seed0 (시도 1)
  ▶ 시작 LunarLander-v3/dqn/lam0.6/seed0 (시도 1)
  ▶ 시작 LunarLander-v3/dqn/lam1.0/seed0 (시도 1)
  ✔ 완료 LunarLander-v3/dqn/lam0.0/seed0 (10.5분)
  ✔ 완료 LunarLander-v3/dqn/lam0.3/seed0 (10.5분)
  ✔ 완료 LunarLander-v3/dqn/lam0.6/seed0 (10.5분)
  ✔ 완료 LunarLander-v3/dqn/lam1.0/seed0 (10.5분)
  ▶ 시작 LunarLander-v3/dqn/lam1.37/seed0 (시도 1)
  ▶ 시작 LunarLander-v3/temporl/lam0.0/seed0 (시도 1)
  ▶ 시작 LunarLander-v3/temporl/lam0.1/seed0 (시도 1)
  ▶ 시작 LunarLander-v3/temporl/lam0.3/seed0 (시도 1)
  ✔ 완료 LunarLander-v3/dqn/lam0.1/seed0 (10.6분)
  ▶ 시작 LunarLander-v3/temporl/lam0.6/seed0 (시도 1)
  ✔ 완료 LunarLander-v3/dqn/lam1.37/seed0 (10.7분)
  ▶ 시작 LunarLander-v3/temporl/lam1.0/seed0 (시도 1)
  ✔ 완료 LunarLander-v3/temporl/lam0.3/seed0 (19.6분)
  ▶ 시작 LunarLander-v3/temporl/lam1.37/seed0 (시도 1)
  ✔ 완료 LunarLander-v3/temporl/lam0.1/seed0 (20.0분)
  ▶ 시작 LunarLander-v3/lazy/lam0.0/seed0 (시도 1)
  ✔ 완료 LunarLander-v3/temporl/lam0.0/seed0 (20.1분)
  ▶ 시작 LunarLander-v3/lazy/lam0.1/seed0 (시도 1)
  ✔ 완료 LunarLander-v3/temporl/lam0.6/seed0 (20.1분)
  ▶ 시작 LunarLander-v3/lazy/lam0.3/seed0 (시도 1)
  ✔ 완료 LunarLander-v3/temporl/lam1.0/seed0 (19.6분)
  ▶ 시작 LunarLander-v3/lazy/lam0.6/seed0 (시도 1)
  ✔ 완료 LunarLander-v3/lazy/lam0.1/seed0 (10.4분)
  ▶ 시작 LunarLander-v3/lazy/lam1.0/seed0 (시도 1)
  ✔ 완료 LunarLander-v3/lazy/lam0.0/seed0 (10.5분)
  ✔ 완료 LunarLander-v3/lazy/lam0.3/seed0 (10.4분)
  ▶ 시작 LunarLander-v3/lazy/lam1.37/seed0 (시도 1)
  ▶ 시작 LunarLander-v3/dqn/lam0.0/seed1 (시도 1)
  ✔ 완료 LunarLander-v3/temporl/lam1.37/seed0 (20.3분)
  ▶ 시작 LunarLander-v3/dqn/lam0.1/seed1 (시도 1)
  ✔ 완료 LunarLander-v3/lazy/lam0.6/seed0 (11.0분)
  ▶ 시작 LunarLander-v3/dqn/lam0.3/seed1 (시도 1)
  ✔ 완료 LunarLander-v3/lazy/lam1.0/seed0 (10.9분)
  ▶ 시작 LunarLander-v3/dqn/lam0.6/seed1 (시도 1)
  ✔ 완료 LunarLander-v3/lazy/lam1.37/seed0 (10.9분)
  ▶ 시작 LunarLander-v3/dqn/lam1.0/seed1 (시도 1)
  ✔ 완료 LunarLander-v3/dqn/lam0.0/seed1 (11.2분)
  ▶ 시작 LunarLander-v3/dqn/lam1.37/seed1 (시도 1)
  ✔ 완료 LunarLander-v3/dqn/lam0.1/seed1 (10.9분)
  ▶ 시작 LunarLander-v3/temporl/lam0.0/seed1 (시도 1)
  ✔ 완료 LunarLander-v3/dqn/lam0.3/seed1 (10.7분)
  ▶ 시작 LunarLander-v3/temporl/lam0.1/seed1 (시도 1)
  ✔ 완료 LunarLander-v3/dqn/lam0.6/seed1 (10.7분)
  ✔ 완료 LunarLander-v3/dqn/lam1.0/seed1 (10.6분)
  ▶ 시작 LunarLander-v3/temporl/lam0.3/seed1 (시도 1)
  ▶ 시작 LunarLander-v3/temporl/lam0.6/seed1 (시도 1)
  ✔ 완료 LunarLander-v3/dqn/lam1.37/seed1 (10.8분)
  ▶ 시작 LunarLander-v3/temporl/lam1.0/seed1 (시도 1)
[러너] main_lunarlander | 총 240조건 | 이미 완료 24 | 동시 5개
  ▶ 시작 LunarLander-v3/dqn/lam2.0/seed0 (시도 1)
  ▶ 시작 LunarLander-v3/dqn/lam3.0/seed0 (시도 1)
  ▶ 시작 LunarLander-v3/temporl/lam2.0/seed0 (시도 1)
  ▶ 시작 LunarLander-v3/temporl/lam3.0/seed0 (시도 1)
  ▶ 시작 LunarLander-v3/lazy/lam2.0/seed0 (시도 1)
  ✔ 완료 LunarLander-v3/dqn/lam2.0/seed0 (10.7분)
  ✔ 완료 LunarLander-v3/dqn/lam3.0/seed0 (10.7분)
  ▶ 시작 LunarLander-v3/lazy/lam3.0/seed0 (시도 1)
  ▶ 시작 LunarLander-v3/dqn/lam2.0/seed1 (시도 1)
  ✔ 완료 LunarLander-v3/lazy/lam2.0/seed0 (11.0분)
  ▶ 시작 LunarLander-v3/dqn/lam3.0/seed1 (시도 1)
  ✔ 완료 LunarLander-v3/temporl/lam2.0/seed0 (20.1분)
  ▶ 시작 LunarLander-v3/temporl/lam0.0/seed1 (시도 1)
  ✔ 완료 LunarLander-v3/temporl/lam3.0/seed0 (20.2분)
  ▶ 시작 LunarLander-v3/temporl/lam0.1/seed1 (시도 1)
  ✔ 완료 LunarLander-v3/lazy/lam3.0/seed0 (10.3분)
  ▶ 시작 LunarLander-v3/temporl/lam0.3/seed1 (시도 1)
  ✔ 완료 LunarLander-v3/dqn/lam2.0/seed1 (10.5분)
  ▶ 시작 LunarLander-v3/temporl/lam0.6/seed1 (시도 1)
  ✔ 완료 LunarLander-v3/dqn/lam3.0/seed1 (10.3분)
  ▶ 시작 LunarLander-v3/temporl/lam1.0/seed1 (시도 1)
  ✔ 완료 LunarLander-v3/temporl/lam0.0/seed1 (11.1분)
  ✔ 완료 LunarLander-v3/temporl/lam0.1/seed1 (11.0분)
  ▶ 시작 LunarLander-v3/temporl/lam1.37/seed1 (시도 1)
  ▶ 시작 LunarLander-v3/temporl/lam2.0/seed1 (시도 1)
  ✔ 완료 LunarLander-v3/temporl/lam0.3/seed1 (10.8분)
  ▶ 시작 LunarLander-v3/temporl/lam3.0/seed1 (시도 1)
  ✔ 완료 LunarLander-v3/temporl/lam0.6/seed1 (10.8분)
  ▶ 시작 LunarLander-v3/lazy/lam0.0/seed1 (시도 1)
  ✔ 완료 LunarLander-v3/temporl/lam1.0/seed1 (10.8분)
  ▶ 시작 LunarLander-v3/lazy/lam0.1/seed1 (시도 1)
  ✔ 완료 LunarLander-v3/lazy/lam0.1/seed1 (13.3분)
  ▶ 시작 LunarLander-v3/lazy/lam0.3/seed1 (시도 1)
  ✔ 완료 LunarLander-v3/lazy/lam0.0/seed1 (13.6분)
  ▶ 시작 LunarLander-v3/lazy/lam0.6/seed1 (시도 1)
  ✔ 완료 LunarLander-v3/temporl/lam2.0/seed1 (24.0분)
  ▶ 시작 LunarLander-v3/lazy/lam1.0/seed1 (시도 1)
  ✔ 완료 LunarLander-v3/temporl/lam1.37/seed1 (24.1분)
  ▶ 시작 LunarLander-v3/lazy/lam1.37/seed1 (시도 1)
  ✔ 완료 LunarLander-v3/temporl/lam3.0/seed1 (24.0분)
  ▶ 시작 LunarLander-v3/lazy/lam2.0/seed1 (시도 1)
  ✔ 완료 LunarLander-v3/lazy/lam0.3/seed1 (12.1분)
  ▶ 시작 LunarLander-v3/lazy/lam3.0/seed1 (시도 1)
  ✔ 완료 LunarLander-v3/lazy/lam0.6/seed1 (12.1분)
  ▶ 시작 LunarLander-v3/dqn/lam0.0/seed2 (시도 1)
