
===== 2026-08-30 17:18:07 시작 =====
[러너] fair_minatar_1M | 총 15조건 | 이미 완료 0 | 동시 10개
  ▶ 시작 MinAtar_Freeway-v1@budget1M/dqn/lam0.0/seed0 (시도 1)
  ▶ 시작 MinAtar_Freeway-v1@budget1M/temporl/lam0.0/seed0 (시도 1)
  ▶ 시작 MinAtar_Freeway-v1@budget1M/lazy/lam0.0/seed0 (시도 1)
  ▶ 시작 MinAtar_Freeway-v1@budget1M/dqn/lam0.0/seed1 (시도 1)
  ▶ 시작 MinAtar_Freeway-v1@budget1M/temporl/lam0.0/seed1 (시도 1)
  ▶ 시작 MinAtar_Freeway-v1@budget1M/lazy/lam0.0/seed1 (시도 1)
  ▶ 시작 MinAtar_Freeway-v1@budget1M/dqn/lam0.0/seed2 (시도 1)
  ▶ 시작 MinAtar_Freeway-v1@budget1M/temporl/lam0.0/seed2 (시도 1)
  ▶ 시작 MinAtar_Freeway-v1@budget1M/lazy/lam0.0/seed2 (시도 1)
  ▶ 시작 MinAtar_Freeway-v1@budget1M/dqn/lam0.0/seed3 (시도 1)
  ✔ 완료 MinAtar_Freeway-v1@budget1M/dqn/lam0.0/seed3 (149.3분)
  ▶ 시작 MinAtar_Freeway-v1@budget1M/temporl/lam0.0/seed3 (시도 1)
  ✔ 완료 MinAtar_Freeway-v1@budget1M/dqn/lam0.0/seed1 (151.5분)
  ▶ 시작 MinAtar_Freeway-v1@budget1M/lazy/lam0.0/seed3 (시도 1)
  ✔ 완료 MinAtar_Freeway-v1@budget1M/lazy/lam0.0/seed2 (152.2분)
  ▶ 시작 MinAtar_Freeway-v1@budget1M/dqn/lam0.0/seed4 (시도 1)
  ✔ 완료 MinAtar_Freeway-v1@budget1M/lazy/lam0.0/seed1 (153.7분)
  ▶ 시작 MinAtar_Freeway-v1@budget1M/temporl/lam0.0/seed4 (시도 1)
  ✔ 완료 MinAtar_Freeway-v1@budget1M/lazy/lam0.0/seed0 (155.2분)
  ▶ 시작 MinAtar_Freeway-v1@budget1M/lazy/lam0.0/seed4 (시도 1)
  ✔ 완료 MinAtar_Freeway-v1@budget1M/dqn/lam0.0/seed2 (158.4분)
  ✔ 완료 MinAtar_Freeway-v1@budget1M/dqn/lam0.0/seed0 (158.5분)
  ✔ 완료 MinAtar_Freeway-v1@budget1M/lazy/lam0.0/seed3 (143.3분)
  ✔ 완료 MinAtar_Freeway-v1@budget1M/dqn/lam0.0/seed4 (145.3분)
  ✔ 완료 MinAtar_Freeway-v1@budget1M/temporl/lam0.0/seed1 (298.7분)
  ✔ 완료 MinAtar_Freeway-v1@budget1M/temporl/lam0.0/seed0 (299.5분)
  ✔ 완료 MinAtar_Freeway-v1@budget1M/lazy/lam0.0/seed4 (145.2분)
  ✔ 완료 MinAtar_Freeway-v1@budget1M/temporl/lam0.0/seed2 (302.2분)
  ✔ 완료 MinAtar_Freeway-v1@budget1M/temporl/lam0.0/seed3 (261.2분)
  ✔ 완료 MinAtar_Freeway-v1@budget1M/temporl/lam0.0/seed4 (260.3분)
[러너 종료] fair_minatar_1M | 완료 15/15 | 건너뜀 0 | 총 6.90시간
