
===== 2026-08-31 00:12:30 시작 =====
[러너] collapse_budget_mc | 총 50조건 | 이미 완료 5 | 동시 10개
  ▶ 시작 MountainCar-v0@budget1M_epsconst/dqn/lam0.001/seed0 (시도 1)
  ▶ 시작 MountainCar-v0@budget1M_epsconst/dqn/lam0.003/seed0 (시도 1)
  ▶ 시작 MountainCar-v0@budget1M_epsconst/dqn/lam0.01/seed0 (시도 1)
  ▶ 시작 MountainCar-v0@budget1M_epsconst/dqn/lam0.03/seed0 (시도 1)
  ▶ 시작 MountainCar-v0@budget1M_epsconst/dqn/lam0.001/seed1 (시도 1)
  ▶ 시작 MountainCar-v0@budget1M_epsconst/dqn/lam0.003/seed1 (시도 1)
  ▶ 시작 MountainCar-v0@budget1M_epsconst/dqn/lam0.01/seed1 (시도 1)
  ▶ 시작 MountainCar-v0@budget1M_epsconst/dqn/lam0.03/seed1 (시도 1)
  ▶ 시작 MountainCar-v0@budget1M_epsconst/dqn/lam0.001/seed2 (시도 1)
  ▶ 시작 MountainCar-v0@budget1M_epsconst/dqn/lam0.003/seed2 (시도 1)
  ✔ 완료 MountainCar-v0@budget1M_epsconst/dqn/lam0.003/seed1 (60.7분)
  ▶ 시작 MountainCar-v0@budget1M_epsconst/dqn/lam0.01/seed2 (시도 1)
  ✔ 완료 MountainCar-v0@budget1M_epsconst/dqn/lam0.001/seed0 (61.0분)
  ✔ 완료 MountainCar-v0@budget1M_epsconst/dqn/lam0.03/seed0 (61.0분)
  ✔ 완료 MountainCar-v0@budget1M_epsconst/dqn/lam0.001/seed1 (61.0분)
  ▶ 시작 MountainCar-v0@budget1M_epsconst/dqn/lam0.03/seed2 (시도 1)
  ▶ 시작 MountainCar-v0@budget1M_epsconst/dqn/lam0.001/seed3 (시도 1)
  ▶ 시작 MountainCar-v0@budget1M_epsconst/dqn/lam0.003/seed3 (시도 1)
  ✔ 완료 MountainCar-v0@budget1M_epsconst/dqn/lam0.003/seed0 (61.2분)
  ▶ 시작 MountainCar-v0@budget1M_epsconst/dqn/lam0.01/seed3 (시도 1)
  ✔ 완료 MountainCar-v0@budget1M_epsconst/dqn/lam0.01/seed1 (61.3분)
  ▶ 시작 MountainCar-v0@budget1M_epsconst/dqn/lam0.03/seed3 (시도 1)
  ✔ 완료 MountainCar-v0@budget1M_epsconst/dqn/lam0.001/seed2 (61.5분)
  ▶ 시작 MountainCar-v0@budget1M_epsconst/dqn/lam0.001/seed4 (시도 1)
  ✔ 완료 MountainCar-v0@budget1M_epsconst/dqn/lam0.003/seed2 (61.6분)
  ▶ 시작 MountainCar-v0@budget1M_epsconst/dqn/lam0.003/seed4 (시도 1)
  ✔ 완료 MountainCar-v0@budget1M_epsconst/dqn/lam0.03/seed1 (61.7분)
  ▶ 시작 MountainCar-v0@budget1M_epsconst/dqn/lam0.01/seed4 (시도 1)
  ✔ 완료 MountainCar-v0@budget1M_epsconst/dqn/lam0.01/seed0 (62.1분)
  ▶ 시작 MountainCar-v0@budget1M_epsconst/dqn/lam0.03/seed4 (시도 1)
  ✔ 완료 MountainCar-v0@budget1M_epsconst/dqn/lam0.03/seed2 (60.1분)
  ▶ 시작 MountainCar-v0@budget1M_epsconst/dqn/lam0.0/seed5 (시도 1)
  ✔ 완료 MountainCar-v0@budget1M_epsconst/dqn/lam0.001/seed3 (60.6분)
  ▶ 시작 MountainCar-v0@budget1M_epsconst/dqn/lam0.001/seed5 (시도 1)
  ✔ 완료 MountainCar-v0@budget1M_epsconst/dqn/lam0.003/seed3 (61.1분)
  ▶ 시작 MountainCar-v0@budget1M_epsconst/dqn/lam0.003/seed5 (시도 1)
  ✔ 완료 MountainCar-v0@budget1M_epsconst/dqn/lam0.01/seed3 (61.0분)
  ▶ 시작 MountainCar-v0@budget1M_epsconst/dqn/lam0.01/seed5 (시도 1)
  ✔ 완료 MountainCar-v0@budget1M_epsconst/dqn/lam0.001/seed4 (61.0분)
  ▶ 시작 MountainCar-v0@budget1M_epsconst/dqn/lam0.03/seed5 (시도 1)
  ✔ 완료 MountainCar-v0@budget1M_epsconst/dqn/lam0.01/seed2 (61.8분)
  ✔ 완료 MountainCar-v0@budget1M_epsconst/dqn/lam0.03/seed4 (60.4분)
  ▶ 시작 MountainCar-v0@budget1M_epsconst/dqn/lam0.0/seed6 (시도 1)
  ▶ 시작 MountainCar-v0@budget1M_epsconst/dqn/lam0.001/seed6 (시도 1)
  ✔ 완료 MountainCar-v0@budget1M_epsconst/dqn/lam0.01/seed4 (61.3분)
  ▶ 시작 MountainCar-v0@budget1M_epsconst/dqn/lam0.003/seed6 (시도 1)
  ✔ 완료 MountainCar-v0@budget1M_epsconst/dqn/lam0.03/seed3 (62.2분)
  ▶ 시작 MountainCar-v0@budget1M_epsconst/dqn/lam0.01/seed6 (시도 1)
  ✔ 완료 MountainCar-v0@budget1M_epsconst/dqn/lam0.003/seed4 (62.1분)
  ▶ 시작 MountainCar-v0@budget1M_epsconst/dqn/lam0.03/seed6 (시도 1)
  ✔ 완료 MountainCar-v0@budget1M_epsconst/dqn/lam0.0/seed5 (61.6분)
  ✔ 완료 MountainCar-v0@budget1M_epsconst/dqn/lam0.0/seed6 (60.2분)
  ▶ 시작 MountainCar-v0@budget1M_epsconst/dqn/lam0.0/seed7 (시도 1)
  ▶ 시작 MountainCar-v0@budget1M_epsconst/dqn/lam0.001/seed7 (시도 1)
  ✔ 완료 MountainCar-v0@budget1M_epsconst/dqn/lam0.01/seed5 (60.6분)
  ▶ 시작 MountainCar-v0@budget1M_epsconst/dqn/lam0.003/seed7 (시도 1)
  ✔ 완료 MountainCar-v0@budget1M_epsconst/dqn/lam0.001/seed5 (61.4분)
  ▶ 시작 MountainCar-v0@budget1M_epsconst/dqn/lam0.01/seed7 (시도 1)
  ✔ 완료 MountainCar-v0@budget1M_epsconst/dqn/lam0.03/seed5 (60.6분)
  ▶ 시작 MountainCar-v0@budget1M_epsconst/dqn/lam0.03/seed7 (시도 1)
  ✔ 완료 MountainCar-v0@budget1M_epsconst/dqn/lam0.003/seed5 (61.1분)
  ▶ 시작 MountainCar-v0@budget1M_epsconst/dqn/lam0.0/seed8 (시도 1)
  ✔ 완료 MountainCar-v0@budget1M_epsconst/dqn/lam0.001/seed6 (61.1분)
  ▶ 시작 MountainCar-v0@budget1M_epsconst/dqn/lam0.001/seed8 (시도 1)
  ✔ 완료 MountainCar-v0@budget1M_epsconst/dqn/lam0.003/seed6 (61.1분)
  ▶ 시작 MountainCar-v0@budget1M_epsconst/dqn/lam0.003/seed8 (시도 1)
  ✔ 완료 MountainCar-v0@budget1M_epsconst/dqn/lam0.01/seed6 (60.9분)
  ▶ 시작 MountainCar-v0@budget1M_epsconst/dqn/lam0.01/seed8 (시도 1)
  ✔ 완료 MountainCar-v0@budget1M_epsconst/dqn/lam0.03/seed6 (62.5분)
  ▶ 시작 MountainCar-v0@budget1M_epsconst/dqn/lam0.03/seed8 (시도 1)
  ✔ 완료 MountainCar-v0@budget1M_epsconst/dqn/lam0.01/seed7 (60.3분)
  ▶ 시작 MountainCar-v0@budget1M_epsconst/dqn/lam0.0/seed9 (시도 1)
  ✔ 완료 MountainCar-v0@budget1M_epsconst/dqn/lam0.0/seed7 (60.9분)
  ▶ 시작 MountainCar-v0@budget1M_epsconst/dqn/lam0.001/seed9 (시도 1)
  ✔ 완료 MountainCar-v0@budget1M_epsconst/dqn/lam0.001/seed7 (61.1분)
  ▶ 시작 MountainCar-v0@budget1M_epsconst/dqn/lam0.003/seed9 (시도 1)
  ✔ 완료 MountainCar-v0@budget1M_epsconst/dqn/lam0.03/seed7 (61.0분)
  ▶ 시작 MountainCar-v0@budget1M_epsconst/dqn/lam0.01/seed9 (시도 1)
  ✔ 완료 MountainCar-v0@budget1M_epsconst/dqn/lam0.0/seed8 (60.9분)
  ▶ 시작 MountainCar-v0@budget1M_epsconst/dqn/lam0.03/seed9 (시도 1)
  ✔ 완료 MountainCar-v0@budget1M_epsconst/dqn/lam0.003/seed7 (61.3분)
  ✔ 완료 MountainCar-v0@budget1M_epsconst/dqn/lam0.001/seed8 (61.0분)
  ✔ 완료 MountainCar-v0@budget1M_epsconst/dqn/lam0.01/seed8 (60.9분)
  ✔ 완료 MountainCar-v0@budget1M_epsconst/dqn/lam0.003/seed8 (61.4분)
  ✔ 완료 MountainCar-v0@budget1M_epsconst/dqn/lam0.03/seed8 (60.8분)
  ✔ 완료 MountainCar-v0@budget1M_epsconst/dqn/lam0.0/seed9 (55.9분)
  ✔ 완료 MountainCar-v0@budget1M_epsconst/dqn/lam0.03/seed9 (55.8분)
  ✔ 완료 MountainCar-v0@budget1M_epsconst/dqn/lam0.003/seed9 (56.9분)
  ✔ 완료 MountainCar-v0@budget1M_epsconst/dqn/lam0.001/seed9 (57.2분)
  ✔ 완료 MountainCar-v0@budget1M_epsconst/dqn/lam0.01/seed9 (57.0분)
[러너 종료] collapse_budget_mc | 완료 50/50 | 건너뜀 0 | 총 5.02시간
