
===== 2026-08-29 15:39:57 시작 =====
[러너] main_minatar_freeway | 총 180조건 | 이미 완료 0 | 동시 10개
  ▶ 시작 MinAtar_Freeway-v1/dqn/lam0.0/seed0 (시도 1)
  ▶ 시작 MinAtar_Freeway-v1/dqn/lam0.005/seed0 (시도 1)
  ▶ 시작 MinAtar_Freeway-v1/dqn/lam0.01/seed0 (시도 1)
  ▶ 시작 MinAtar_Freeway-v1/dqn/lam0.02/seed0 (시도 1)
  ▶ 시작 MinAtar_Freeway-v1/dqn/lam0.04/seed0 (시도 1)
  ▶ 시작 MinAtar_Freeway-v1/dqn/lam0.06/seed0 (시도 1)
  ▶ 시작 MinAtar_Freeway-v1/temporl/lam0.0/seed0 (시도 1)
  ▶ 시작 MinAtar_Freeway-v1/temporl/lam0.005/seed0 (시도 1)
  ▶ 시작 MinAtar_Freeway-v1/temporl/lam0.01/seed0 (시도 1)
  ▶ 시작 MinAtar_Freeway-v1/temporl/lam0.02/seed0 (시도 1)
  ✔ 완료 MinAtar_Freeway-v1/dqn/lam0.005/seed0 (46.9분)
  ▶ 시작 MinAtar_Freeway-v1/temporl/lam0.04/seed0 (시도 1)
  ✔ 완료 MinAtar_Freeway-v1/dqn/lam0.0/seed0 (46.9분)
  ▶ 시작 MinAtar_Freeway-v1/temporl/lam0.06/seed0 (시도 1)
  ✔ 완료 MinAtar_Freeway-v1/dqn/lam0.01/seed0 (55.4분)
  ✔ 완료 MinAtar_Freeway-v1/dqn/lam0.06/seed0 (55.4분)
  ▶ 시작 MinAtar_Freeway-v1/lazy/lam0.0/seed0 (시도 1)
  ▶ 시작 MinAtar_Freeway-v1/lazy/lam0.005/seed0 (시도 1)
  ✔ 완료 MinAtar_Freeway-v1/dqn/lam0.02/seed0 (55.6분)
  ▶ 시작 MinAtar_Freeway-v1/lazy/lam0.01/seed0 (시도 1)
  ✔ 완료 MinAtar_Freeway-v1/dqn/lam0.04/seed0 (55.9분)
  ▶ 시작 MinAtar_Freeway-v1/lazy/lam0.02/seed0 (시도 1)
  ✔ 완료 MinAtar_Freeway-v1/lazy/lam0.02/seed0 (42.0분)
  ▶ 시작 MinAtar_Freeway-v1/lazy/lam0.04/seed0 (시도 1)
  ✔ 완료 MinAtar_Freeway-v1/temporl/lam0.0/seed0 (98.2분)
  ▶ 시작 MinAtar_Freeway-v1/lazy/lam0.06/seed0 (시도 1)
  ✔ 완료 MinAtar_Freeway-v1/lazy/lam0.005/seed0 (43.6분)
  ▶ 시작 MinAtar_Freeway-v1/dqn/lam0.0/seed1 (시도 1)
  ✔ 완료 MinAtar_Freeway-v1/lazy/lam0.01/seed0 (43.4분)
  ▶ 시작 MinAtar_Freeway-v1/dqn/lam0.005/seed1 (시도 1)
  ✔ 완료 MinAtar_Freeway-v1/lazy/lam0.0/seed0 (43.7분)
  ▶ 시작 MinAtar_Freeway-v1/dqn/lam0.01/seed1 (시도 1)
  ✔ 완료 MinAtar_Freeway-v1/temporl/lam0.01/seed0 (99.9분)
  ▶ 시작 MinAtar_Freeway-v1/dqn/lam0.02/seed1 (시도 1)
  ✔ 완료 MinAtar_Freeway-v1/temporl/lam0.005/seed0 (101.6분)
  ▶ 시작 MinAtar_Freeway-v1/dqn/lam0.04/seed1 (시도 1)
  ✔ 완료 MinAtar_Freeway-v1/temporl/lam0.02/seed0 (112.9분)
  ▶ 시작 MinAtar_Freeway-v1/dqn/lam0.06/seed1 (시도 1)
  ✔ 완료 MinAtar_Freeway-v1/lazy/lam0.06/seed0 (43.0분)
  ▶ 시작 MinAtar_Freeway-v1/temporl/lam0.0/seed1 (시도 1)
  ✔ 완료 MinAtar_Freeway-v1/lazy/lam0.04/seed0 (43.3분)
  ▶ 시작 MinAtar_Freeway-v1/temporl/lam0.005/seed1 (시도 1)
  ✔ 완료 MinAtar_Freeway-v1/dqn/lam0.0/seed1 (43.6분)
  ✔ 완료 MinAtar_Freeway-v1/dqn/lam0.005/seed1 (43.6분)
  ▶ 시작 MinAtar_Freeway-v1/temporl/lam0.01/seed1 (시도 1)
  ▶ 시작 MinAtar_Freeway-v1/temporl/lam0.02/seed1 (시도 1)
  ✔ 완료 MinAtar_Freeway-v1/dqn/lam0.01/seed1 (43.8분)
  ▶ 시작 MinAtar_Freeway-v1/temporl/lam0.04/seed1 (시도 1)
  ✔ 완료 MinAtar_Freeway-v1/dqn/lam0.02/seed1 (50.7분)
  ▶ 시작 MinAtar_Freeway-v1/temporl/lam0.06/seed1 (시도 1)
  ✔ 완료 MinAtar_Freeway-v1/dqn/lam0.04/seed1 (51.9분)
  ▶ 시작 MinAtar_Freeway-v1/lazy/lam0.0/seed1 (시도 1)
  ✔ 완료 MinAtar_Freeway-v1/temporl/lam0.04/seed0 (113.0분)
  ▶ 시작 MinAtar_Freeway-v1/lazy/lam0.005/seed1 (시도 1)
  ✔ 완료 MinAtar_Freeway-v1/temporl/lam0.06/seed0 (115.4분)
  ▶ 시작 MinAtar_Freeway-v1/lazy/lam0.01/seed1 (시도 1)
  ✔ 완료 MinAtar_Freeway-v1/dqn/lam0.06/seed1 (53.4분)
  ▶ 시작 MinAtar_Freeway-v1/lazy/lam0.02/seed1 (시도 1)
  ✔ 완료 MinAtar_Freeway-v1/lazy/lam0.0/seed1 (44.9분)
  ▶ 시작 MinAtar_Freeway-v1/lazy/lam0.04/seed1 (시도 1)
  ✔ 완료 MinAtar_Freeway-v1/lazy/lam0.005/seed1 (44.7분)
  ▶ 시작 MinAtar_Freeway-v1/lazy/lam0.06/seed1 (시도 1)
  ✔ 완료 MinAtar_Freeway-v1/lazy/lam0.01/seed1 (43.3분)
  ▶ 시작 MinAtar_Freeway-v1/dqn/lam0.0/seed2 (시도 1)
  ✔ 완료 MinAtar_Freeway-v1/lazy/lam0.02/seed1 (43.9분)
  ▶ 시작 MinAtar_Freeway-v1/dqn/lam0.005/seed2 (시도 1)
  ✔ 완료 MinAtar_Freeway-v1/lazy/lam0.04/seed1 (45.1분)
  ▶ 시작 MinAtar_Freeway-v1/dqn/lam0.01/seed2 (시도 1)
  ✔ 완료 MinAtar_Freeway-v1/temporl/lam0.0/seed1 (103.6분)
  ▶ 시작 MinAtar_Freeway-v1/dqn/lam0.02/seed2 (시도 1)
  ✔ 완료 MinAtar_Freeway-v1/temporl/lam0.005/seed1 (105.0분)
  ▶ 시작 MinAtar_Freeway-v1/dqn/lam0.04/seed2 (시도 1)
  ✔ 완료 MinAtar_Freeway-v1/temporl/lam0.01/seed1 (105.2분)
  ▶ 시작 MinAtar_Freeway-v1/dqn/lam0.06/seed2 (시도 1)
  ✔ 완료 MinAtar_Freeway-v1/temporl/lam0.02/seed1 (108.8분)
  ▶ 시작 MinAtar_Freeway-v1/temporl/lam0.0/seed2 (시도 1)
  ✔ 완료 MinAtar_Freeway-v1/dqn/lam0.0/seed2 (46.1분)
  ▶ 시작 MinAtar_Freeway-v1/temporl/lam0.005/seed2 (시도 1)
  ✔ 완료 MinAtar_Freeway-v1/lazy/lam0.06/seed1 (48.2분)
  ▶ 시작 MinAtar_Freeway-v1/temporl/lam0.01/seed2 (시도 1)
  ✔ 완료 MinAtar_Freeway-v1/dqn/lam0.005/seed2 (48.3분)
  ▶ 시작 MinAtar_Freeway-v1/temporl/lam0.02/seed2 (시도 1)
  ✔ 완료 MinAtar_Freeway-v1/temporl/lam0.04/seed1 (122.4분)
  ▶ 시작 MinAtar_Freeway-v1/temporl/lam0.04/seed2 (시도 1)
  ✔ 완료 MinAtar_Freeway-v1/temporl/lam0.06/seed1 (122.7분)
  ▶ 시작 MinAtar_Freeway-v1/temporl/lam0.06/seed2 (시도 1)
  ✔ 완료 MinAtar_Freeway-v1/dqn/lam0.01/seed2 (53.3분)
  ▶ 시작 MinAtar_Freeway-v1/lazy/lam0.0/seed2 (시도 1)
  ✔ 완료 MinAtar_Freeway-v1/dqn/lam0.02/seed2 (53.9분)
  ▶ 시작 MinAtar_Freeway-v1/lazy/lam0.005/seed2 (시도 1)
  ✔ 완료 MinAtar_Freeway-v1/dqn/lam0.04/seed2 (54.3분)
  ▶ 시작 MinAtar_Freeway-v1/lazy/lam0.01/seed2 (시도 1)
  ✔ 완료 MinAtar_Freeway-v1/dqn/lam0.06/seed2 (54.9분)
  ▶ 시작 MinAtar_Freeway-v1/lazy/lam0.02/seed2 (시도 1)
  ✔ 완료 MinAtar_Freeway-v1/lazy/lam0.0/seed2 (42.0분)
  ▶ 시작 MinAtar_Freeway-v1/lazy/lam0.04/seed2 (시도 1)
  ✔ 완료 MinAtar_Freeway-v1/lazy/lam0.005/seed2 (42.0분)
  ▶ 시작 MinAtar_Freeway-v1/lazy/lam0.06/seed2 (시도 1)
  ✔ 완료 MinAtar_Freeway-v1/lazy/lam0.01/seed2 (42.1분)
  ▶ 시작 MinAtar_Freeway-v1/dqn/lam0.0/seed3 (시도 1)
  ✔ 완료 MinAtar_Freeway-v1/lazy/lam0.02/seed2 (41.3분)
  ▶ 시작 MinAtar_Freeway-v1/dqn/lam0.005/seed3 (시도 1)
  ✔ 완료 MinAtar_Freeway-v1/temporl/lam0.0/seed2 (97.9분)
  ▶ 시작 MinAtar_Freeway-v1/dqn/lam0.01/seed3 (시도 1)
  ✔ 완료 MinAtar_Freeway-v1/temporl/lam0.005/seed2 (98.6분)
  ▶ 시작 MinAtar_Freeway-v1/dqn/lam0.02/seed3 (시도 1)
  ✔ 완료 MinAtar_Freeway-v1/temporl/lam0.01/seed2 (119.7분)
  ▶ 시작 MinAtar_Freeway-v1/dqn/lam0.04/seed3 (시도 1)
  ✔ 완료 MinAtar_Freeway-v1/temporl/lam0.02/seed2 (122.5분)
  ▶ 시작 MinAtar_Freeway-v1/dqn/lam0.06/seed3 (시도 1)
  ✔ 완료 MinAtar_Freeway-v1/lazy/lam0.04/seed2 (42.3분)
  ▶ 시작 MinAtar_Freeway-v1/temporl/lam0.0/seed3 (시도 1)
  ✔ 완료 MinAtar_Freeway-v1/lazy/lam0.06/seed2 (42.9분)
  ▶ 시작 MinAtar_Freeway-v1/temporl/lam0.005/seed3 (시도 1)
  ✔ 완료 MinAtar_Freeway-v1/dqn/lam0.0/seed3 (41.4분)
  ▶ 시작 MinAtar_Freeway-v1/temporl/lam0.01/seed3 (시도 1)
  ✔ 완료 MinAtar_Freeway-v1/temporl/lam0.04/seed2 (119.6분)
  ▶ 시작 MinAtar_Freeway-v1/temporl/lam0.02/seed3 (시도 1)
  ✔ 완료 MinAtar_Freeway-v1/temporl/lam0.06/seed2 (117.9분)
  ▶ 시작 MinAtar_Freeway-v1/temporl/lam0.04/seed3 (시도 1)
  ✔ 완료 MinAtar_Freeway-v1/dqn/lam0.005/seed3 (53.1분)
  ▶ 시작 MinAtar_Freeway-v1/temporl/lam0.06/seed3 (시도 1)
  ✔ 완료 MinAtar_Freeway-v1/dqn/lam0.01/seed3 (53.9분)
  ▶ 시작 MinAtar_Freeway-v1/lazy/lam0.0/seed3 (시도 1)
  ✔ 완료 MinAtar_Freeway-v1/dqn/lam0.02/seed3 (53.9분)
  ▶ 시작 MinAtar_Freeway-v1/lazy/lam0.005/seed3 (시도 1)
  ✔ 완료 MinAtar_Freeway-v1/dqn/lam0.04/seed3 (53.6분)
  ▶ 시작 MinAtar_Freeway-v1/lazy/lam0.01/seed3 (시도 1)
  ✔ 완료 MinAtar_Freeway-v1/dqn/lam0.06/seed3 (53.7분)
  ▶ 시작 MinAtar_Freeway-v1/lazy/lam0.02/seed3 (시도 1)
  ✔ 완료 MinAtar_Freeway-v1/lazy/lam0.0/seed3 (42.0분)
  ▶ 시작 MinAtar_Freeway-v1/lazy/lam0.04/seed3 (시도 1)
  ✔ 완료 MinAtar_Freeway-v1/lazy/lam0.005/seed3 (42.3분)
  ▶ 시작 MinAtar_Freeway-v1/lazy/lam0.06/seed3 (시도 1)
  ✔ 완료 MinAtar_Freeway-v1/lazy/lam0.01/seed3 (42.8분)
  ▶ 시작 MinAtar_Freeway-v1/dqn/lam0.0/seed4 (시도 1)
  ✔ 완료 MinAtar_Freeway-v1/temporl/lam0.0/seed3 (94.7분)
  ▶ 시작 MinAtar_Freeway-v1/dqn/lam0.005/seed4 (시도 1)
  ✔ 완료 MinAtar_Freeway-v1/lazy/lam0.02/seed3 (41.8분)
  ▶ 시작 MinAtar_Freeway-v1/dqn/lam0.01/seed4 (시도 1)
  ✔ 완료 MinAtar_Freeway-v1/lazy/lam0.04/seed3 (46.2분)
  ▶ 시작 MinAtar_Freeway-v1/dqn/lam0.02/seed4 (시도 1)
  ✔ 완료 MinAtar_Freeway-v1/lazy/lam0.06/seed3 (45.6분)
  ▶ 시작 MinAtar_Freeway-v1/dqn/lam0.04/seed4 (시도 1)
  ✔ 완료 MinAtar_Freeway-v1/temporl/lam0.005/seed3 (116.3분)
  ▶ 시작 MinAtar_Freeway-v1/dqn/lam0.06/seed4 (시도 1)
  ✔ 완료 MinAtar_Freeway-v1/temporl/lam0.01/seed3 (118.2분)
  ▶ 시작 MinAtar_Freeway-v1/temporl/lam0.0/seed4 (시도 1)
  ✔ 완료 MinAtar_Freeway-v1/temporl/lam0.02/seed3 (118.1분)
  ▶ 시작 MinAtar_Freeway-v1/temporl/lam0.005/seed4 (시도 1)
  ✔ 완료 MinAtar_Freeway-v1/temporl/lam0.04/seed3 (118.5분)
  ▶ 시작 MinAtar_Freeway-v1/temporl/lam0.01/seed4 (시도 1)
  ✔ 완료 MinAtar_Freeway-v1/dqn/lam0.0/seed4 (41.3분)
  ▶ 시작 MinAtar_Freeway-v1/temporl/lam0.02/seed4 (시도 1)
  ✔ 완료 MinAtar_Freeway-v1/temporl/lam0.06/seed3 (116.6분)
  ▶ 시작 MinAtar_Freeway-v1/temporl/lam0.04/seed4 (시도 1)
  ✔ 완료 MinAtar_Freeway-v1/dqn/lam0.01/seed4 (42.5분)
  ▶ 시작 MinAtar_Freeway-v1/temporl/lam0.06/seed4 (시도 1)
  ✔ 완료 MinAtar_Freeway-v1/dqn/lam0.005/seed4 (43.4분)
  ▶ 시작 MinAtar_Freeway-v1/lazy/lam0.0/seed4 (시도 1)
  ✔ 완료 MinAtar_Freeway-v1/dqn/lam0.02/seed4 (45.7분)
  ▶ 시작 MinAtar_Freeway-v1/lazy/lam0.005/seed4 (시도 1)
  ✔ 완료 MinAtar_Freeway-v1/dqn/lam0.04/seed4 (51.5분)
  ▶ 시작 MinAtar_Freeway-v1/lazy/lam0.01/seed4 (시도 1)
  ✔ 완료 MinAtar_Freeway-v1/dqn/lam0.06/seed4 (49.2분)
  ▶ 시작 MinAtar_Freeway-v1/lazy/lam0.02/seed4 (시도 1)
  ✔ 완료 MinAtar_Freeway-v1/lazy/lam0.0/seed4 (43.5분)
  ▶ 시작 MinAtar_Freeway-v1/lazy/lam0.04/seed4 (시도 1)
  ✔ 완료 MinAtar_Freeway-v1/lazy/lam0.005/seed4 (41.8분)
  ▶ 시작 MinAtar_Freeway-v1/lazy/lam0.06/seed4 (시도 1)
  ✔ 완료 MinAtar_Freeway-v1/lazy/lam0.01/seed4 (42.3분)
  ▶ 시작 MinAtar_Freeway-v1/dqn/lam0.0/seed5 (시도 1)
  ✔ 완료 MinAtar_Freeway-v1/lazy/lam0.02/seed4 (42.1분)
  ▶ 시작 MinAtar_Freeway-v1/dqn/lam0.005/seed5 (시도 1)
  ✔ 완료 MinAtar_Freeway-v1/temporl/lam0.0/seed4 (97.7분)
  ▶ 시작 MinAtar_Freeway-v1/dqn/lam0.01/seed5 (시도 1)
  ✔ 완료 MinAtar_Freeway-v1/temporl/lam0.005/seed4 (97.2분)
  ▶ 시작 MinAtar_Freeway-v1/dqn/lam0.02/seed5 (시도 1)
  ✔ 완료 MinAtar_Freeway-v1/lazy/lam0.04/seed4 (42.7분)
  ▶ 시작 MinAtar_Freeway-v1/dqn/lam0.04/seed5 (시도 1)
  ✔ 완료 MinAtar_Freeway-v1/temporl/lam0.01/seed4 (99.9분)
  ▶ 시작 MinAtar_Freeway-v1/dqn/lam0.06/seed5 (시도 1)
  ✔ 완료 MinAtar_Freeway-v1/temporl/lam0.02/seed4 (111.9분)
  ✔ 완료 MinAtar_Freeway-v1/lazy/lam0.06/seed4 (43.2분)
  ▶ 시작 MinAtar_Freeway-v1/temporl/lam0.0/seed5 (시도 1)
  ▶ 시작 MinAtar_Freeway-v1/temporl/lam0.005/seed5 (시도 1)
  ✔ 완료 MinAtar_Freeway-v1/dqn/lam0.0/seed5 (41.5분)
  ▶ 시작 MinAtar_Freeway-v1/temporl/lam0.01/seed5 (시도 1)
  ✔ 완료 MinAtar_Freeway-v1/temporl/lam0.04/seed4 (115.0분)
  ▶ 시작 MinAtar_Freeway-v1/temporl/lam0.02/seed5 (시도 1)
  ✔ 완료 MinAtar_Freeway-v1/dqn/lam0.005/seed5 (43.6분)
  ▶ 시작 MinAtar_Freeway-v1/temporl/lam0.04/seed5 (시도 1)
  ✔ 완료 MinAtar_Freeway-v1/temporl/lam0.06/seed4 (117.9분)
  ▶ 시작 MinAtar_Freeway-v1/temporl/lam0.06/seed5 (시도 1)
  ✔ 완료 MinAtar_Freeway-v1/dqn/lam0.01/seed5 (44.1분)
  ▶ 시작 MinAtar_Freeway-v1/lazy/lam0.0/seed5 (시도 1)
  ✔ 완료 MinAtar_Freeway-v1/dqn/lam0.02/seed5 (46.2분)
  ▶ 시작 MinAtar_Freeway-v1/lazy/lam0.005/seed5 (시도 1)
  ✔ 완료 MinAtar_Freeway-v1/dqn/lam0.04/seed5 (51.3분)
  ▶ 시작 MinAtar_Freeway-v1/lazy/lam0.01/seed5 (시도 1)
  ✔ 완료 MinAtar_Freeway-v1/dqn/lam0.06/seed5 (52.0분)
  ▶ 시작 MinAtar_Freeway-v1/lazy/lam0.02/seed5 (시도 1)
  ✔ 완료 MinAtar_Freeway-v1/lazy/lam0.0/seed5 (42.8분)
  ▶ 시작 MinAtar_Freeway-v1/lazy/lam0.04/seed5 (시도 1)
  ✔ 완료 MinAtar_Freeway-v1/lazy/lam0.005/seed5 (47.6분)
  ▶ 시작 MinAtar_Freeway-v1/lazy/lam0.06/seed5 (시도 1)
  ✔ 완료 MinAtar_Freeway-v1/lazy/lam0.01/seed5 (43.7분)
  ▶ 시작 MinAtar_Freeway-v1/dqn/lam0.0/seed6 (시도 1)
  ✔ 완료 MinAtar_Freeway-v1/lazy/lam0.02/seed5 (44.3분)
  ▶ 시작 MinAtar_Freeway-v1/dqn/lam0.005/seed6 (시도 1)
  ✔ 완료 MinAtar_Freeway-v1/temporl/lam0.005/seed5 (99.6분)
  ▶ 시작 MinAtar_Freeway-v1/dqn/lam0.01/seed6 (시도 1)
  ✔ 완료 MinAtar_Freeway-v1/temporl/lam0.0/seed5 (100.4분)
  ▶ 시작 MinAtar_Freeway-v1/dqn/lam0.02/seed6 (시도 1)
  ✔ 완료 MinAtar_Freeway-v1/temporl/lam0.01/seed5 (101.5분)
  ▶ 시작 MinAtar_Freeway-v1/dqn/lam0.04/seed6 (시도 1)
  ✔ 완료 MinAtar_Freeway-v1/lazy/lam0.04/seed5 (42.5분)
  ▶ 시작 MinAtar_Freeway-v1/dqn/lam0.06/seed6 (시도 1)
  ✔ 완료 MinAtar_Freeway-v1/lazy/lam0.06/seed5 (45.0분)
  ▶ 시작 MinAtar_Freeway-v1/temporl/lam0.0/seed6 (시도 1)
  ✔ 완료 MinAtar_Freeway-v1/temporl/lam0.02/seed5 (110.8분)
  ▶ 시작 MinAtar_Freeway-v1/temporl/lam0.005/seed6 (시도 1)
  ✔ 완료 MinAtar_Freeway-v1/dqn/lam0.0/seed6 (42.9분)
  ▶ 시작 MinAtar_Freeway-v1/temporl/lam0.01/seed6 (시도 1)
  ✔ 완료 MinAtar_Freeway-v1/temporl/lam0.04/seed5 (115.3분)
  ▶ 시작 MinAtar_Freeway-v1/temporl/lam0.02/seed6 (시도 1)
  ✔ 완료 MinAtar_Freeway-v1/temporl/lam0.06/seed5 (118.0분)
  ▶ 시작 MinAtar_Freeway-v1/temporl/lam0.04/seed6 (시도 1)
  ✔ 완료 MinAtar_Freeway-v1/dqn/lam0.005/seed6 (51.6분)
  ▶ 시작 MinAtar_Freeway-v1/temporl/lam0.06/seed6 (시도 1)
  ✔ 완료 MinAtar_Freeway-v1/dqn/lam0.01/seed6 (52.7분)
  ▶ 시작 MinAtar_Freeway-v1/lazy/lam0.0/seed6 (시도 1)
  ✔ 완료 MinAtar_Freeway-v1/dqn/lam0.02/seed6 (52.6분)
  ▶ 시작 MinAtar_Freeway-v1/lazy/lam0.005/seed6 (시도 1)
  ✔ 완료 MinAtar_Freeway-v1/dqn/lam0.04/seed6 (52.8분)
  ▶ 시작 MinAtar_Freeway-v1/lazy/lam0.01/seed6 (시도 1)
  ✔ 완료 MinAtar_Freeway-v1/dqn/lam0.06/seed6 (52.3분)
  ▶ 시작 MinAtar_Freeway-v1/lazy/lam0.02/seed6 (시도 1)
  ✔ 완료 MinAtar_Freeway-v1/lazy/lam0.005/seed6 (40.8분)
  ▶ 시작 MinAtar_Freeway-v1/lazy/lam0.04/seed6 (시도 1)
  ✔ 완료 MinAtar_Freeway-v1/lazy/lam0.0/seed6 (42.5분)
  ▶ 시작 MinAtar_Freeway-v1/lazy/lam0.06/seed6 (시도 1)
  ✔ 완료 MinAtar_Freeway-v1/lazy/lam0.01/seed6 (42.3분)
  ▶ 시작 MinAtar_Freeway-v1/dqn/lam0.0/seed7 (시도 1)
  ✔ 완료 MinAtar_Freeway-v1/lazy/lam0.02/seed6 (46.1분)
  ▶ 시작 MinAtar_Freeway-v1/dqn/lam0.005/seed7 (시도 1)
  ✔ 완료 MinAtar_Freeway-v1/temporl/lam0.0/seed6 (95.3분)
  ▶ 시작 MinAtar_Freeway-v1/dqn/lam0.01/seed7 (시도 1)
  ✔ 완료 MinAtar_Freeway-v1/lazy/lam0.04/seed6 (40.0분)
  ▶ 시작 MinAtar_Freeway-v1/dqn/lam0.02/seed7 (시도 1)
  ✔ 완료 MinAtar_Freeway-v1/temporl/lam0.005/seed6 (119.0분)
  ▶ 시작 MinAtar_Freeway-v1/dqn/lam0.04/seed7 (시도 1)
  ✔ 완료 MinAtar_Freeway-v1/lazy/lam0.06/seed6 (42.2분)
  ▶ 시작 MinAtar_Freeway-v1/dqn/lam0.06/seed7 (시도 1)
  ✔ 완료 MinAtar_Freeway-v1/temporl/lam0.01/seed6 (119.3분)
  ▶ 시작 MinAtar_Freeway-v1/temporl/lam0.0/seed7 (시도 1)
  ✔ 완료 MinAtar_Freeway-v1/dqn/lam0.0/seed7 (42.1분)
  ▶ 시작 MinAtar_Freeway-v1/temporl/lam0.005/seed7 (시도 1)
  ✔ 완료 MinAtar_Freeway-v1/temporl/lam0.02/seed6 (120.2분)
  ▶ 시작 MinAtar_Freeway-v1/temporl/lam0.01/seed7 (시도 1)
  ✔ 완료 MinAtar_Freeway-v1/dqn/lam0.005/seed7 (43.1분)
  ▶ 시작 MinAtar_Freeway-v1/temporl/lam0.02/seed7 (시도 1)
  ✔ 완료 MinAtar_Freeway-v1/temporl/lam0.04/seed6 (117.9분)
  ▶ 시작 MinAtar_Freeway-v1/temporl/lam0.04/seed7 (시도 1)
  ✔ 완료 MinAtar_Freeway-v1/temporl/lam0.06/seed6 (116.2분)
  ▶ 시작 MinAtar_Freeway-v1/temporl/lam0.06/seed7 (시도 1)
  ✔ 완료 MinAtar_Freeway-v1/dqn/lam0.01/seed7 (52.0분)
  ▶ 시작 MinAtar_Freeway-v1/lazy/lam0.0/seed7 (시도 1)
  ✔ 완료 MinAtar_Freeway-v1/dqn/lam0.02/seed7 (53.2분)
  ▶ 시작 MinAtar_Freeway-v1/lazy/lam0.005/seed7 (시도 1)
  ✔ 완료 MinAtar_Freeway-v1/dqn/lam0.04/seed7 (53.3분)
  ▶ 시작 MinAtar_Freeway-v1/lazy/lam0.01/seed7 (시도 1)
  ✔ 완료 MinAtar_Freeway-v1/dqn/lam0.06/seed7 (53.3분)
  ▶ 시작 MinAtar_Freeway-v1/lazy/lam0.02/seed7 (시도 1)
  ✔ 완료 MinAtar_Freeway-v1/lazy/lam0.0/seed7 (42.4분)
  ▶ 시작 MinAtar_Freeway-v1/lazy/lam0.04/seed7 (시도 1)
  ✔ 완료 MinAtar_Freeway-v1/lazy/lam0.005/seed7 (40.4분)
  ▶ 시작 MinAtar_Freeway-v1/lazy/lam0.06/seed7 (시도 1)
  ✔ 완료 MinAtar_Freeway-v1/lazy/lam0.01/seed7 (41.8분)
  ▶ 시작 MinAtar_Freeway-v1/dqn/lam0.0/seed8 (시도 1)
  ✔ 완료 MinAtar_Freeway-v1/lazy/lam0.02/seed7 (42.5분)
  ▶ 시작 MinAtar_Freeway-v1/dqn/lam0.005/seed8 (시도 1)
  ✔ 완료 MinAtar_Freeway-v1/temporl/lam0.0/seed7 (95.7분)
  ▶ 시작 MinAtar_Freeway-v1/dqn/lam0.01/seed8 (시도 1)
  ✔ 완료 MinAtar_Freeway-v1/lazy/lam0.04/seed7 (46.8분)
  ▶ 시작 MinAtar_Freeway-v1/dqn/lam0.02/seed8 (시도 1)
  ✔ 완료 MinAtar_Freeway-v1/temporl/lam0.005/seed7 (119.2분)
  ▶ 시작 MinAtar_Freeway-v1/dqn/lam0.04/seed8 (시도 1)
  ✔ 완료 MinAtar_Freeway-v1/temporl/lam0.01/seed7 (117.5분)
  ▶ 시작 MinAtar_Freeway-v1/dqn/lam0.06/seed8 (시도 1)
  ✔ 완료 MinAtar_Freeway-v1/temporl/lam0.02/seed7 (117.0분)
  ▶ 시작 MinAtar_Freeway-v1/temporl/lam0.0/seed8 (시도 1)
  ✔ 완료 MinAtar_Freeway-v1/temporl/lam0.06/seed7 (117.5분)
  ▶ 시작 MinAtar_Freeway-v1/temporl/lam0.005/seed8 (시도 1)
  ✔ 완료 MinAtar_Freeway-v1/temporl/lam0.04/seed7 (118.3분)
  ▶ 시작 MinAtar_Freeway-v1/temporl/lam0.01/seed8 (시도 1)
  ✔ 완료 MinAtar_Freeway-v1/lazy/lam0.06/seed7 (45.8분)
  ▶ 시작 MinAtar_Freeway-v1/temporl/lam0.02/seed8 (시도 1)
  ✔ 완료 MinAtar_Freeway-v1/dqn/lam0.0/seed8 (42.9분)
  ▶ 시작 MinAtar_Freeway-v1/temporl/lam0.04/seed8 (시도 1)
  ✔ 완료 MinAtar_Freeway-v1/dqn/lam0.005/seed8 (50.4분)
  ▶ 시작 MinAtar_Freeway-v1/temporl/lam0.06/seed8 (시도 1)
  ✔ 완료 MinAtar_Freeway-v1/dqn/lam0.01/seed8 (51.1분)
  ▶ 시작 MinAtar_Freeway-v1/lazy/lam0.0/seed8 (시도 1)
  ✔ 완료 MinAtar_Freeway-v1/dqn/lam0.02/seed8 (53.1분)
  ▶ 시작 MinAtar_Freeway-v1/lazy/lam0.005/seed8 (시도 1)
  ✔ 완료 MinAtar_Freeway-v1/dqn/lam0.04/seed8 (52.9분)
  ▶ 시작 MinAtar_Freeway-v1/lazy/lam0.01/seed8 (시도 1)
  ✔ 완료 MinAtar_Freeway-v1/dqn/lam0.06/seed8 (53.2분)
  ▶ 시작 MinAtar_Freeway-v1/lazy/lam0.02/seed8 (시도 1)
  ✔ 완료 MinAtar_Freeway-v1/lazy/lam0.0/seed8 (42.1분)
  ▶ 시작 MinAtar_Freeway-v1/lazy/lam0.04/seed8 (시도 1)
  ✔ 완료 MinAtar_Freeway-v1/lazy/lam0.005/seed8 (40.8분)
  ▶ 시작 MinAtar_Freeway-v1/lazy/lam0.06/seed8 (시도 1)
  ✔ 완료 MinAtar_Freeway-v1/lazy/lam0.01/seed8 (40.6분)
  ▶ 시작 MinAtar_Freeway-v1/dqn/lam0.0/seed9 (시도 1)
  ✔ 완료 MinAtar_Freeway-v1/temporl/lam0.0/seed8 (94.0분)
  ▶ 시작 MinAtar_Freeway-v1/dqn/lam0.005/seed9 (시도 1)
  ✔ 완료 MinAtar_Freeway-v1/lazy/lam0.02/seed8 (53.5분)
  ▶ 시작 MinAtar_Freeway-v1/dqn/lam0.01/seed9 (시도 1)
  ✔ 완료 MinAtar_Freeway-v1/lazy/lam0.04/seed8 (44.3분)
  ▶ 시작 MinAtar_Freeway-v1/dqn/lam0.02/seed9 (시도 1)
  ✔ 완료 MinAtar_Freeway-v1/temporl/lam0.005/seed8 (118.4분)
  ▶ 시작 MinAtar_Freeway-v1/dqn/lam0.04/seed9 (시도 1)
  ✔ 완료 MinAtar_Freeway-v1/temporl/lam0.01/seed8 (118.4분)
  ▶ 시작 MinAtar_Freeway-v1/dqn/lam0.06/seed9 (시도 1)
  ✔ 완료 MinAtar_Freeway-v1/temporl/lam0.02/seed8 (118.1분)
  ▶ 시작 MinAtar_Freeway-v1/temporl/lam0.0/seed9 (시도 1)
  ✔ 완료 MinAtar_Freeway-v1/temporl/lam0.04/seed8 (117.8분)
  ▶ 시작 MinAtar_Freeway-v1/temporl/lam0.005/seed9 (시도 1)
  ✔ 완료 MinAtar_Freeway-v1/lazy/lam0.06/seed8 (47.0분)
  ▶ 시작 MinAtar_Freeway-v1/temporl/lam0.01/seed9 (시도 1)
  ✔ 완료 MinAtar_Freeway-v1/temporl/lam0.06/seed8 (115.8분)
  ▶ 시작 MinAtar_Freeway-v1/temporl/lam0.02/seed9 (시도 1)
  ✔ 완료 MinAtar_Freeway-v1/dqn/lam0.0/seed9 (42.9분)
  ▶ 시작 MinAtar_Freeway-v1/temporl/lam0.04/seed9 (시도 1)
  ✔ 완료 MinAtar_Freeway-v1/dqn/lam0.005/seed9 (51.6분)
  ▶ 시작 MinAtar_Freeway-v1/temporl/lam0.06/seed9 (시도 1)
  ✔ 완료 MinAtar_Freeway-v1/dqn/lam0.01/seed9 (50.5분)
  ▶ 시작 MinAtar_Freeway-v1/lazy/lam0.0/seed9 (시도 1)
  ✔ 완료 MinAtar_Freeway-v1/dqn/lam0.02/seed9 (51.6분)
  ▶ 시작 MinAtar_Freeway-v1/lazy/lam0.005/seed9 (시도 1)
  ✔ 완료 MinAtar_Freeway-v1/dqn/lam0.06/seed9 (51.7분)
  ▶ 시작 MinAtar_Freeway-v1/lazy/lam0.01/seed9 (시도 1)
  ✔ 완료 MinAtar_Freeway-v1/dqn/lam0.04/seed9 (52.1분)
  ▶ 시작 MinAtar_Freeway-v1/lazy/lam0.02/seed9 (시도 1)
  ✔ 완료 MinAtar_Freeway-v1/lazy/lam0.0/seed9 (41.7분)
  ▶ 시작 MinAtar_Freeway-v1/lazy/lam0.04/seed9 (시도 1)
  ✔ 완료 MinAtar_Freeway-v1/lazy/lam0.005/seed9 (43.4분)
  ▶ 시작 MinAtar_Freeway-v1/lazy/lam0.06/seed9 (시도 1)
  ✔ 완료 MinAtar_Freeway-v1/lazy/lam0.01/seed9 (41.5분)
  ✔ 완료 MinAtar_Freeway-v1/lazy/lam0.02/seed9 (41.7분)
  ✔ 완료 MinAtar_Freeway-v1/temporl/lam0.0/seed9 (96.1분)
  ✔ 완료 MinAtar_Freeway-v1/lazy/lam0.04/seed9 (38.9분)
  ✔ 완료 MinAtar_Freeway-v1/temporl/lam0.005/seed9 (114.4분)
  ✔ 완료 MinAtar_Freeway-v1/lazy/lam0.06/seed9 (38.0분)
  ✔ 완료 MinAtar_Freeway-v1/temporl/lam0.01/seed9 (114.1분)
  ✔ 완료 MinAtar_Freeway-v1/temporl/lam0.02/seed9 (113.6분)
  ✔ 완료 MinAtar_Freeway-v1/temporl/lam0.04/seed9 (113.1분)
  ✔ 완료 MinAtar_Freeway-v1/temporl/lam0.06/seed9 (108.5분)
[러너 종료] main_minatar_freeway | 완료 180/180 | 건너뜀 0 | 총 20.70시간
