
===== 2026-08-30 12:22:48 시작 =====
[러너] fair_ll_1M | 총 30조건 | 이미 완료 0 | 동시 10개
  ▶ 시작 LunarLander-v3@budget1M/dqn/lam0.0/seed0 (시도 1)
  ▶ 시작 LunarLander-v3@budget1M/temporl/lam0.0/seed0 (시도 1)
  ▶ 시작 LunarLander-v3@budget1M/lazy/lam0.0/seed0 (시도 1)
  ▶ 시작 LunarLander-v3@budget1M/dqn/lam0.0/seed1 (시도 1)
  ▶ 시작 LunarLander-v3@budget1M/temporl/lam0.0/seed1 (시도 1)
  ▶ 시작 LunarLander-v3@budget1M/lazy/lam0.0/seed1 (시도 1)
  ▶ 시작 LunarLander-v3@budget1M/dqn/lam0.0/seed2 (시도 1)
  ▶ 시작 LunarLander-v3@budget1M/temporl/lam0.0/seed2 (시도 1)
  ▶ 시작 LunarLander-v3@budget1M/lazy/lam0.0/seed2 (시도 1)
  ▶ 시작 LunarLander-v3@budget1M/dqn/lam0.0/seed3 (시도 1)
  ✔ 완료 LunarLander-v3@budget1M/lazy/lam0.0/seed1 (62.1분)
  ▶ 시작 LunarLander-v3@budget1M/temporl/lam0.0/seed3 (시도 1)
  ✔ 완료 LunarLander-v3@budget1M/lazy/lam0.0/seed0 (62.4분)
  ▶ 시작 LunarLander-v3@budget1M/lazy/lam0.0/seed3 (시도 1)
  ✔ 완료 LunarLander-v3@budget1M/dqn/lam0.0/seed0 (62.6분)
  ▶ 시작 LunarLander-v3@budget1M/dqn/lam0.0/seed4 (시도 1)
  ✔ 완료 LunarLander-v3@budget1M/dqn/lam0.0/seed1 (62.8분)
  ▶ 시작 LunarLander-v3@budget1M/temporl/lam0.0/seed4 (시도 1)
  ✔ 완료 LunarLander-v3@budget1M/lazy/lam0.0/seed2 (63.0분)
  ✔ 완료 LunarLander-v3@budget1M/dqn/lam0.0/seed3 (63.0분)
  ▶ 시작 LunarLander-v3@budget1M/lazy/lam0.0/seed4 (시도 1)
  ▶ 시작 LunarLander-v3@budget1M/dqn/lam0.0/seed5 (시도 1)
  ✔ 완료 LunarLander-v3@budget1M/dqn/lam0.0/seed2 (63.4분)
  ▶ 시작 LunarLander-v3@budget1M/temporl/lam0.0/seed5 (시도 1)
  ✔ 완료 LunarLander-v3@budget1M/temporl/lam0.0/seed0 (115.2분)
  ▶ 시작 LunarLander-v3@budget1M/lazy/lam0.0/seed5 (시도 1)
  ✔ 완료 LunarLander-v3@budget1M/temporl/lam0.0/seed2 (118.4분)
  ▶ 시작 LunarLander-v3@budget1M/dqn/lam0.0/seed6 (시도 1)
  ✔ 완료 LunarLander-v3@budget1M/temporl/lam0.0/seed1 (119.1분)
  ▶ 시작 LunarLander-v3@budget1M/temporl/lam0.0/seed6 (시도 1)
  ✔ 완료 LunarLander-v3@budget1M/dqn/lam0.0/seed4 (60.7분)
  ▶ 시작 LunarLander-v3@budget1M/lazy/lam0.0/seed6 (시도 1)
  ✔ 완료 LunarLander-v3@budget1M/dqn/lam0.0/seed5 (61.4분)
  ▶ 시작 LunarLander-v3@budget1M/dqn/lam0.0/seed7 (시도 1)
  ✔ 완료 LunarLander-v3@budget1M/lazy/lam0.0/seed3 (61.9분)
  ✔ 완료 LunarLander-v3@budget1M/lazy/lam0.0/seed4 (61.4분)
  ▶ 시작 LunarLander-v3@budget1M/temporl/lam0.0/seed7 (시도 1)
  ▶ 시작 LunarLander-v3@budget1M/lazy/lam0.0/seed7 (시도 1)
