
===== 2026-08-29 01:01:16 시작 =====
[러너] fair_pilot_mc_C | 총 5조건 | 이미 완료 0 | 동시 3개
  ▶ 시작 MountainCar-v0@budget1M_wide/dqn/lam0.0/seed0 (시도 1)
  ▶ 시작 MountainCar-v0@budget1M_wide/dqn/lam0.0/seed1 (시도 1)
  ▶ 시작 MountainCar-v0@budget1M_wide/dqn/lam0.0/seed2 (시도 1)
Traceback (most recent call last):
  File "<frozen runpy>", line 198, in _run_module_as_main
  File "<frozen runpy>", line 88, in _run_code
  File "C:\Users\전혜성\Desktop\AI-Team\13_졸업과제\src\train\runner.py", line 193, in <module>
    main()
  File "C:\Users\전혜성\Desktop\AI-Team\13_졸업과제\src\train\runner.py", line 161, in main
    write_progress()
  File "C:\Users\전혜성\Desktop\AI-Team\13_졸업과제\src\train\runner.py", line 134, in write_progress
    tmp.replace(prog_path)
  File "C:\Users\전혜성\AppData\Local\Programs\Python\Python311\Lib\pathlib.py", line 1188, in replace
    os.replace(self, target)
PermissionError: [WinError 5] 액세스가 거부되었습니다: 'C:\\Users\\전혜성\\Desktop\\AI-Team\\13_졸업과제\\results\\progress_fair_pilot_mc_C.tmp' -> 'C:\\Users\\전혜성\\Desktop\\AI-Team\\13_졸업과제\\results\\progress_fair_pilot_mc_C.json'
[러너] fair_pilot_mc_C | 총 5조건 | 이미 완료 3 | 동시 2개
  ▶ 시작 MountainCar-v0@budget1M_wide/dqn/lam0.0/seed3 (시도 1)
  ▶ 시작 MountainCar-v0@budget1M_wide/dqn/lam0.0/seed4 (시도 1)

===== 2026-08-29 02:40:03 시작 =====
[러너] fair_pilot_mc_C | 총 5조건 | 이미 완료 3 | 동시 3개
  ▶ 시작 MountainCar-v0@budget1M_wide/dqn/lam0.0/seed3 (시도 1)
  ▶ 시작 MountainCar-v0@budget1M_wide/dqn/lam0.0/seed4 (시도 1)

===== 2026-08-29 02:45:24 시작 =====
[러너] fair_pilot_mc_C | 총 5조건 | 이미 완료 3 | 동시 3개
  ▶ 시작 MountainCar-v0@budget1M_wide/dqn/lam0.0/seed3 (시도 1)
  ▶ 시작 MountainCar-v0@budget1M_wide/dqn/lam0.0/seed4 (시도 1)
