
===== 2026-08-29 12:06:55 시작 =====
[러너] main_lunarlander | 총 360조건 | 이미 완료 240 | 동시 10개
  ▶ 시작 LunarLander-v3/dqn/lam1.2/seed0 (시도 1)
  ▶ 시작 LunarLander-v3/dqn/lam1.6/seed0 (시도 1)
  ▶ 시작 LunarLander-v3/dqn/lam1.8/seed0 (시도 1)
  ▶ 시작 LunarLander-v3/dqn/lam2.5/seed0 (시도 1)
  ▶ 시작 LunarLander-v3/temporl/lam1.2/seed0 (시도 1)
  ▶ 시작 LunarLander-v3/temporl/lam1.6/seed0 (시도 1)
  ▶ 시작 LunarLander-v3/temporl/lam1.8/seed0 (시도 1)
  ▶ 시작 LunarLander-v3/temporl/lam2.5/seed0 (시도 1)
  ▶ 시작 LunarLander-v3/lazy/lam1.2/seed0 (시도 1)
  ▶ 시작 LunarLander-v3/lazy/lam1.6/seed0 (시도 1)
  ✔ 완료 LunarLander-v3/dqn/lam1.6/seed0 (12.0분)
  ▶ 시작 LunarLander-v3/lazy/lam1.8/seed0 (시도 1)
  ✔ 완료 LunarLander-v3/lazy/lam1.2/seed0 (12.2분)
  ▶ 시작 LunarLander-v3/lazy/lam2.5/seed0 (시도 1)
  ✔ 완료 LunarLander-v3/dqn/lam1.2/seed0 (12.5분)
  ✔ 완료 LunarLander-v3/lazy/lam1.6/seed0 (12.5분)
  ▶ 시작 LunarLander-v3/dqn/lam1.2/seed1 (시도 1)
  ▶ 시작 LunarLander-v3/dqn/lam1.6/seed1 (시도 1)
  ✔ 완료 LunarLander-v3/dqn/lam2.5/seed0 (12.6분)
  ▶ 시작 LunarLander-v3/dqn/lam1.8/seed1 (시도 1)
  ✔ 완료 LunarLander-v3/dqn/lam1.8/seed0 (12.8분)
  ▶ 시작 LunarLander-v3/dqn/lam2.5/seed1 (시도 1)
  ✔ 완료 LunarLander-v3/temporl/lam2.5/seed0 (23.4분)
  ▶ 시작 LunarLander-v3/temporl/lam1.2/seed1 (시도 1)
  ✔ 완료 LunarLander-v3/temporl/lam1.8/seed0 (23.9분)
  ▶ 시작 LunarLander-v3/temporl/lam1.6/seed1 (시도 1)
  ✔ 완료 LunarLander-v3/temporl/lam1.2/seed0 (24.5분)
  ▶ 시작 LunarLander-v3/temporl/lam1.8/seed1 (시도 1)
  ✔ 완료 LunarLander-v3/lazy/lam2.5/seed0 (12.9분)
  ▶ 시작 LunarLander-v3/temporl/lam2.5/seed1 (시도 1)
  ✔ 완료 LunarLander-v3/lazy/lam1.8/seed0 (13.5분)
  ▶ 시작 LunarLander-v3/lazy/lam1.2/seed1 (시도 1)
  ✔ 완료 LunarLander-v3/dqn/lam1.6/seed1 (13.1분)
  ▶ 시작 LunarLander-v3/lazy/lam1.6/seed1 (시도 1)
  ✔ 완료 LunarLander-v3/temporl/lam1.6/seed0 (25.8분)
  ▶ 시작 LunarLander-v3/lazy/lam1.8/seed1 (시도 1)
  ✔ 완료 LunarLander-v3/dqn/lam1.8/seed1 (13.4분)
  ▶ 시작 LunarLander-v3/lazy/lam2.5/seed1 (시도 1)
  ✔ 완료 LunarLander-v3/dqn/lam1.2/seed1 (13.5분)
  ✔ 완료 LunarLander-v3/dqn/lam2.5/seed1 (13.2분)
  ▶ 시작 LunarLander-v3/dqn/lam1.2/seed2 (시도 1)
  ▶ 시작 LunarLander-v3/dqn/lam1.6/seed2 (시도 1)
  ✔ 완료 LunarLander-v3/lazy/lam1.6/seed1 (13.2분)
  ▶ 시작 LunarLander-v3/dqn/lam1.8/seed2 (시도 1)
  ✔ 완료 LunarLander-v3/lazy/lam1.8/seed1 (13.2분)
  ▶ 시작 LunarLander-v3/dqn/lam2.5/seed2 (시도 1)
  ✔ 완료 LunarLander-v3/lazy/lam1.2/seed1 (13.5분)
  ▶ 시작 LunarLander-v3/temporl/lam1.2/seed2 (시도 1)
  ✔ 완료 LunarLander-v3/dqn/lam1.6/seed2 (13.1분)
  ▶ 시작 LunarLander-v3/temporl/lam1.6/seed2 (시도 1)
  ✔ 완료 LunarLander-v3/lazy/lam2.5/seed1 (13.4분)
  ▶ 시작 LunarLander-v3/temporl/lam1.8/seed2 (시도 1)
  ✔ 완료 LunarLander-v3/dqn/lam1.2/seed2 (13.8분)
  ▶ 시작 LunarLander-v3/temporl/lam2.5/seed2 (시도 1)
  ✔ 완료 LunarLander-v3/temporl/lam1.2/seed1 (24.4분)
  ▶ 시작 LunarLander-v3/lazy/lam1.2/seed2 (시도 1)
  ✔ 완료 LunarLander-v3/temporl/lam1.8/seed1 (24.0분)
  ▶ 시작 LunarLander-v3/lazy/lam1.6/seed2 (시도 1)
  ✔ 완료 LunarLander-v3/temporl/lam1.6/seed1 (24.6분)
  ▶ 시작 LunarLander-v3/lazy/lam1.8/seed2 (시도 1)
  ✔ 완료 LunarLander-v3/temporl/lam2.5/seed1 (24.2분)
  ▶ 시작 LunarLander-v3/lazy/lam2.5/seed2 (시도 1)
  ✔ 완료 LunarLander-v3/dqn/lam2.5/seed2 (13.2분)
  ▶ 시작 LunarLander-v3/dqn/lam1.2/seed3 (시도 1)
  ✔ 완료 LunarLander-v3/dqn/lam1.8/seed2 (13.2분)
  ▶ 시작 LunarLander-v3/dqn/lam1.6/seed3 (시도 1)
  ✔ 완료 LunarLander-v3/lazy/lam1.2/seed2 (13.0분)
  ▶ 시작 LunarLander-v3/dqn/lam1.8/seed3 (시도 1)
  ✔ 완료 LunarLander-v3/lazy/lam1.8/seed2 (13.3분)
  ▶ 시작 LunarLander-v3/dqn/lam2.5/seed3 (시도 1)
  ✔ 완료 LunarLander-v3/lazy/lam1.6/seed2 (13.6분)
  ▶ 시작 LunarLander-v3/temporl/lam1.2/seed3 (시도 1)
  ✔ 완료 LunarLander-v3/lazy/lam2.5/seed2 (13.5분)
  ▶ 시작 LunarLander-v3/temporl/lam1.6/seed3 (시도 1)
  ✔ 완료 LunarLander-v3/temporl/lam1.2/seed2 (24.4분)
  ▶ 시작 LunarLander-v3/temporl/lam1.8/seed3 (시도 1)
  ✔ 완료 LunarLander-v3/temporl/lam1.6/seed2 (24.9분)
  ▶ 시작 LunarLander-v3/temporl/lam2.5/seed3 (시도 1)
  ✔ 완료 LunarLander-v3/temporl/lam2.5/seed2 (24.3분)
  ▶ 시작 LunarLander-v3/lazy/lam1.2/seed3 (시도 1)
  ✔ 완료 LunarLander-v3/temporl/lam1.8/seed2 (24.9분)
  ▶ 시작 LunarLander-v3/lazy/lam1.6/seed3 (시도 1)
  ✔ 완료 LunarLander-v3/dqn/lam1.2/seed3 (13.2분)
  ▶ 시작 LunarLander-v3/lazy/lam1.8/seed3 (시도 1)
  ✔ 완료 LunarLander-v3/dqn/lam1.6/seed3 (13.6분)
  ▶ 시작 LunarLander-v3/lazy/lam2.5/seed3 (시도 1)
  ✔ 완료 LunarLander-v3/dqn/lam1.8/seed3 (13.2분)
  ▶ 시작 LunarLander-v3/dqn/lam1.2/seed4 (시도 1)
  ✔ 완료 LunarLander-v3/dqn/lam2.5/seed3 (13.2분)
  ▶ 시작 LunarLander-v3/dqn/lam1.6/seed4 (시도 1)
  ✔ 완료 LunarLander-v3/lazy/lam1.2/seed3 (13.1분)
  ▶ 시작 LunarLander-v3/dqn/lam1.8/seed4 (시도 1)
  ✔ 완료 LunarLander-v3/lazy/lam1.6/seed3 (13.5분)
  ▶ 시작 LunarLander-v3/dqn/lam2.5/seed4 (시도 1)
  ✔ 완료 LunarLander-v3/lazy/lam1.8/seed3 (13.2분)
  ▶ 시작 LunarLander-v3/temporl/lam1.2/seed4 (시도 1)
  ✔ 완료 LunarLander-v3/lazy/lam2.5/seed3 (13.4분)
  ▶ 시작 LunarLander-v3/temporl/lam1.6/seed4 (시도 1)
  ✔ 완료 LunarLander-v3/temporl/lam1.2/seed3 (25.3분)
  ▶ 시작 LunarLander-v3/temporl/lam1.8/seed4 (시도 1)
  ✔ 완료 LunarLander-v3/dqn/lam1.2/seed4 (13.4분)
  ▶ 시작 LunarLander-v3/temporl/lam2.5/seed4 (시도 1)
  ✔ 완료 LunarLander-v3/temporl/lam1.8/seed3 (25.0분)
  ✔ 완료 LunarLander-v3/dqn/lam1.6/seed4 (13.4분)
  ▶ 시작 LunarLander-v3/lazy/lam1.2/seed4 (시도 1)
  ▶ 시작 LunarLander-v3/lazy/lam1.6/seed4 (시도 1)
  ✔ 완료 LunarLander-v3/temporl/lam1.6/seed3 (25.6분)
  ▶ 시작 LunarLander-v3/lazy/lam1.8/seed4 (시도 1)
  ✔ 완료 LunarLander-v3/temporl/lam2.5/seed3 (25.2분)
  ▶ 시작 LunarLander-v3/lazy/lam2.5/seed4 (시도 1)
  ✔ 완료 LunarLander-v3/dqn/lam1.8/seed4 (13.4분)
  ▶ 시작 LunarLander-v3/dqn/lam1.2/seed5 (시도 1)
  ✔ 완료 LunarLander-v3/dqn/lam2.5/seed4 (13.6분)
  ▶ 시작 LunarLander-v3/dqn/lam1.6/seed5 (시도 1)
  ✔ 완료 LunarLander-v3/lazy/lam1.8/seed4 (13.4분)
  ▶ 시작 LunarLander-v3/dqn/lam1.8/seed5 (시도 1)
  ✔ 완료 LunarLander-v3/lazy/lam1.2/seed4 (13.6분)
  ▶ 시작 LunarLander-v3/dqn/lam2.5/seed5 (시도 1)
  ✔ 완료 LunarLander-v3/lazy/lam1.6/seed4 (13.7분)
  ▶ 시작 LunarLander-v3/temporl/lam1.2/seed5 (시도 1)
  ✔ 완료 LunarLander-v3/lazy/lam2.5/seed4 (13.1분)
  ▶ 시작 LunarLander-v3/temporl/lam1.6/seed5 (시도 1)
  ✔ 완료 LunarLander-v3/temporl/lam1.2/seed4 (24.9분)
  ▶ 시작 LunarLander-v3/temporl/lam1.8/seed5 (시도 1)
  ✔ 완료 LunarLander-v3/temporl/lam1.6/seed4 (24.9분)
  ▶ 시작 LunarLander-v3/temporl/lam2.5/seed5 (시도 1)
  ✔ 완료 LunarLander-v3/dqn/lam1.2/seed5 (13.6분)
  ▶ 시작 LunarLander-v3/lazy/lam1.2/seed5 (시도 1)
  ✔ 완료 LunarLander-v3/dqn/lam1.6/seed5 (13.3분)
  ▶ 시작 LunarLander-v3/lazy/lam1.6/seed5 (시도 1)
  ✔ 완료 LunarLander-v3/temporl/lam1.8/seed4 (24.9분)
  ▶ 시작 LunarLander-v3/lazy/lam1.8/seed5 (시도 1)
  ✔ 완료 LunarLander-v3/temporl/lam2.5/seed4 (24.9분)
  ▶ 시작 LunarLander-v3/lazy/lam2.5/seed5 (시도 1)
  ✔ 완료 LunarLander-v3/dqn/lam1.8/seed5 (13.2분)
  ▶ 시작 LunarLander-v3/dqn/lam1.2/seed6 (시도 1)
  ✔ 완료 LunarLander-v3/dqn/lam2.5/seed5 (13.2분)
  ▶ 시작 LunarLander-v3/dqn/lam1.6/seed6 (시도 1)
  ✔ 완료 LunarLander-v3/lazy/lam1.2/seed5 (13.3분)
  ▶ 시작 LunarLander-v3/dqn/lam1.8/seed6 (시도 1)
  ✔ 완료 LunarLander-v3/lazy/lam1.6/seed5 (13.2분)
  ▶ 시작 LunarLander-v3/dqn/lam2.5/seed6 (시도 1)
  ✔ 완료 LunarLander-v3/lazy/lam1.8/seed5 (13.0분)
  ▶ 시작 LunarLander-v3/temporl/lam1.2/seed6 (시도 1)
  ✔ 완료 LunarLander-v3/lazy/lam2.5/seed5 (13.1분)
  ▶ 시작 LunarLander-v3/temporl/lam1.6/seed6 (시도 1)
  ✔ 완료 LunarLander-v3/temporl/lam1.2/seed5 (25.0분)
  ▶ 시작 LunarLander-v3/temporl/lam1.8/seed6 (시도 1)
  ✔ 완료 LunarLander-v3/temporl/lam1.6/seed5 (25.1분)
  ▶ 시작 LunarLander-v3/temporl/lam2.5/seed6 (시도 1)
  ✔ 완료 LunarLander-v3/temporl/lam1.8/seed5 (24.3분)
  ▶ 시작 LunarLander-v3/lazy/lam1.2/seed6 (시도 1)
  ✔ 완료 LunarLander-v3/dqn/lam1.6/seed6 (13.2분)
  ▶ 시작 LunarLander-v3/lazy/lam1.6/seed6 (시도 1)
  ✔ 완료 LunarLander-v3/dqn/lam1.2/seed6 (13.3분)
  ▶ 시작 LunarLander-v3/lazy/lam1.8/seed6 (시도 1)
  ✔ 완료 LunarLander-v3/temporl/lam2.5/seed5 (24.8분)
  ▶ 시작 LunarLander-v3/lazy/lam2.5/seed6 (시도 1)
  ✔ 완료 LunarLander-v3/dqn/lam1.8/seed6 (12.8분)
  ▶ 시작 LunarLander-v3/dqn/lam1.2/seed7 (시도 1)
  ✔ 완료 LunarLander-v3/dqn/lam2.5/seed6 (12.8분)
  ▶ 시작 LunarLander-v3/dqn/lam1.6/seed7 (시도 1)
  ✔ 완료 LunarLander-v3/lazy/lam1.2/seed6 (12.9분)
  ▶ 시작 LunarLander-v3/dqn/lam1.8/seed7 (시도 1)
  ✔ 완료 LunarLander-v3/lazy/lam1.8/seed6 (13.2분)
  ▶ 시작 LunarLander-v3/dqn/lam2.5/seed7 (시도 1)
  ✔ 완료 LunarLander-v3/lazy/lam1.6/seed6 (13.3분)
  ▶ 시작 LunarLander-v3/temporl/lam1.2/seed7 (시도 1)
  ✔ 완료 LunarLander-v3/lazy/lam2.5/seed6 (13.0분)
  ▶ 시작 LunarLander-v3/temporl/lam1.6/seed7 (시도 1)
  ✔ 완료 LunarLander-v3/dqn/lam1.2/seed7 (13.1분)
  ▶ 시작 LunarLander-v3/temporl/lam1.8/seed7 (시도 1)
  ✔ 완료 LunarLander-v3/dqn/lam1.6/seed7 (13.4분)
  ▶ 시작 LunarLander-v3/temporl/lam2.5/seed7 (시도 1)
  ✔ 완료 LunarLander-v3/temporl/lam1.2/seed6 (24.2분)
  ▶ 시작 LunarLander-v3/lazy/lam1.2/seed7 (시도 1)
  ✔ 완료 LunarLander-v3/temporl/lam1.6/seed6 (24.4분)
  ▶ 시작 LunarLander-v3/lazy/lam1.6/seed7 (시도 1)
  ✔ 완료 LunarLander-v3/temporl/lam1.8/seed6 (24.5분)
  ▶ 시작 LunarLander-v3/lazy/lam1.8/seed7 (시도 1)
  ✔ 완료 LunarLander-v3/temporl/lam2.5/seed6 (24.6분)
  ▶ 시작 LunarLander-v3/lazy/lam2.5/seed7 (시도 1)
  ✔ 완료 LunarLander-v3/dqn/lam1.8/seed7 (13.0분)
  ▶ 시작 LunarLander-v3/dqn/lam1.2/seed8 (시도 1)
  ✔ 완료 LunarLander-v3/dqn/lam2.5/seed7 (13.3분)
  ▶ 시작 LunarLander-v3/dqn/lam1.6/seed8 (시도 1)
  ✔ 완료 LunarLander-v3/lazy/lam1.2/seed7 (13.1분)
  ▶ 시작 LunarLander-v3/dqn/lam1.8/seed8 (시도 1)
  ✔ 완료 LunarLander-v3/lazy/lam1.6/seed7 (13.2분)
  ▶ 시작 LunarLander-v3/dqn/lam2.5/seed8 (시도 1)
  ✔ 완료 LunarLander-v3/lazy/lam1.8/seed7 (13.2분)
  ▶ 시작 LunarLander-v3/temporl/lam1.2/seed8 (시도 1)
  ✔ 완료 LunarLander-v3/lazy/lam2.5/seed7 (13.2분)
  ▶ 시작 LunarLander-v3/temporl/lam1.6/seed8 (시도 1)
  ✔ 완료 LunarLander-v3/temporl/lam1.2/seed7 (24.0분)
  ▶ 시작 LunarLander-v3/temporl/lam1.8/seed8 (시도 1)
  ✔ 완료 LunarLander-v3/dqn/lam1.2/seed8 (12.7분)
  ▶ 시작 LunarLander-v3/temporl/lam2.5/seed8 (시도 1)
  ✔ 완료 LunarLander-v3/temporl/lam1.6/seed7 (25.2분)
  ▶ 시작 LunarLander-v3/lazy/lam1.2/seed8 (시도 1)
  ✔ 완료 LunarLander-v3/temporl/lam1.8/seed7 (24.2분)
  ▶ 시작 LunarLander-v3/lazy/lam1.6/seed8 (시도 1)
  ✔ 완료 LunarLander-v3/dqn/lam1.6/seed8 (13.1분)
  ▶ 시작 LunarLander-v3/lazy/lam1.8/seed8 (시도 1)
  ✔ 완료 LunarLander-v3/temporl/lam2.5/seed7 (24.1분)
  ▶ 시작 LunarLander-v3/lazy/lam2.5/seed8 (시도 1)
  ✔ 완료 LunarLander-v3/dqn/lam1.8/seed8 (12.8분)
  ▶ 시작 LunarLander-v3/dqn/lam1.2/seed9 (시도 1)
  ✔ 완료 LunarLander-v3/dqn/lam2.5/seed8 (13.2분)
  ▶ 시작 LunarLander-v3/dqn/lam1.6/seed9 (시도 1)
  ✔ 완료 LunarLander-v3/lazy/lam1.2/seed8 (13.2분)
  ▶ 시작 LunarLander-v3/dqn/lam1.8/seed9 (시도 1)
  ✔ 완료 LunarLander-v3/lazy/lam1.6/seed8 (13.0분)
  ▶ 시작 LunarLander-v3/dqn/lam2.5/seed9 (시도 1)
  ✔ 완료 LunarLander-v3/lazy/lam1.8/seed8 (13.2분)
  ▶ 시작 LunarLander-v3/temporl/lam1.2/seed9 (시도 1)
  ✔ 완료 LunarLander-v3/lazy/lam2.5/seed8 (13.4분)
  ▶ 시작 LunarLander-v3/temporl/lam1.6/seed9 (시도 1)
  ✔ 완료 LunarLander-v3/dqn/lam1.2/seed9 (13.3분)
  ▶ 시작 LunarLander-v3/temporl/lam1.8/seed9 (시도 1)
  ✔ 완료 LunarLander-v3/dqn/lam1.6/seed9 (12.8분)
  ▶ 시작 LunarLander-v3/temporl/lam2.5/seed9 (시도 1)
  ✔ 완료 LunarLander-v3/temporl/lam1.2/seed8 (25.3분)
  ▶ 시작 LunarLander-v3/lazy/lam1.2/seed9 (시도 1)
  ✔ 완료 LunarLander-v3/temporl/lam1.6/seed8 (24.7분)
  ▶ 시작 LunarLander-v3/lazy/lam1.6/seed9 (시도 1)
  ✔ 완료 LunarLander-v3/temporl/lam1.8/seed8 (24.6분)
  ▶ 시작 LunarLander-v3/lazy/lam1.8/seed9 (시도 1)
  ✔ 완료 LunarLander-v3/temporl/lam2.5/seed8 (24.7분)
  ▶ 시작 LunarLander-v3/lazy/lam2.5/seed9 (시도 1)
  ✔ 완료 LunarLander-v3/dqn/lam1.8/seed9 (13.4분)
  ✔ 완료 LunarLander-v3/dqn/lam2.5/seed9 (13.0분)
  ✔ 완료 LunarLander-v3/lazy/lam1.6/seed9 (12.8분)
  ✔ 완료 LunarLander-v3/lazy/lam1.8/seed9 (12.8분)
  ✔ 완료 LunarLander-v3/lazy/lam1.2/seed9 (13.0분)
  ✔ 완료 LunarLander-v3/lazy/lam2.5/seed9 (13.0분)
  ✔ 완료 LunarLander-v3/temporl/lam1.6/seed9 (24.0분)
  ✔ 완료 LunarLander-v3/temporl/lam1.2/seed9 (24.3분)
  ✔ 완료 LunarLander-v3/temporl/lam1.8/seed9 (23.6분)
  ✔ 완료 LunarLander-v3/temporl/lam2.5/seed9 (23.7분)
[러너 종료] main_lunarlander | 완료 360/360 | 건너뜀 0 | 총 3.55시간
